Archive member included to satisfy reference by file (symbol)

c:/nxp/s32ds_arm_v2.2/s32ds/build_tools/gcc_v6.3/gcc-6.3-arm32-eabi/bin/../lib/gcc/arm-none-eabi/6.3.1/thumb/v7e-m/fpv4-sp/hard\libgcc.a(_arm_addsubdf3.o)
                              ./Sources/pid.o (__aeabi_dsub)
c:/nxp/s32ds_arm_v2.2/s32ds/build_tools/gcc_v6.3/gcc-6.3-arm32-eabi/bin/../lib/gcc/arm-none-eabi/6.3.1/thumb/v7e-m/fpv4-sp/hard\libgcc.a(_arm_muldivdf3.o)
                              ./Sources/can1.o (__aeabi_dmul)
c:/nxp/s32ds_arm_v2.2/s32ds/build_tools/gcc_v6.3/gcc-6.3-arm32-eabi/bin/../lib/gcc/arm-none-eabi/6.3.1/thumb/v7e-m/fpv4-sp/hard\libgcc.a(_arm_cmpdf2.o)
                              ./Sources/pid.o (__aeabi_dcmplt)
c:/nxp/s32ds_arm_v2.2/s32ds/build_tools/gcc_v6.3/gcc-6.3-arm32-eabi/bin/../lib/gcc/arm-none-eabi/6.3.1/thumb/v7e-m/fpv4-sp/hard\libgcc.a(_arm_fixunsdfsi.o)
                              ./Sources/lptimer.o (__aeabi_d2uiz)
c:/nxp/s32ds_arm_v2.2/s32ds/build_tools/gcc_v6.3/gcc-6.3-arm32-eabi/bin/../lib/gcc/arm-none-eabi/6.3.1/thumb/v7e-m/fpv4-sp/hard\libgcc.a(_aeabi_uldivmod.o)
                              ./SDK/platform/drivers/src/lptmr/lptmr_driver.o (__aeabi_uldivmod)
c:/nxp/s32ds_arm_v2.2/s32ds/build_tools/gcc_v6.3/gcc-6.3-arm32-eabi/bin/../lib/gcc/arm-none-eabi/6.3.1/thumb/v7e-m/fpv4-sp/hard\libgcc.a(_udivmoddi4.o)
                              c:/nxp/s32ds_arm_v2.2/s32ds/build_tools/gcc_v6.3/gcc-6.3-arm32-eabi/bin/../lib/gcc/arm-none-eabi/6.3.1/thumb/v7e-m/fpv4-sp/hard\libgcc.a(_aeabi_uldivmod.o) (__udivmoddi4)
c:/nxp/s32ds_arm_v2.2/s32ds/build_tools/gcc_v6.3/gcc-6.3-arm32-eabi/bin/../lib/gcc/arm-none-eabi/6.3.1/thumb/v7e-m/fpv4-sp/hard\libgcc.a(_dvmd_tls.o)
                              c:/nxp/s32ds_arm_v2.2/s32ds/build_tools/gcc_v6.3/gcc-6.3-arm32-eabi/bin/../lib/gcc/arm-none-eabi/6.3.1/thumb/v7e-m/fpv4-sp/hard\libgcc.a(_aeabi_uldivmod.o) (__aeabi_ldiv0)
C:/NXP/S32DS_ARM_v2.2/S32DS/build_tools/gcc_v6.3/gcc-6.3-arm32-eabi/arm-none-eabi/newlib/lib/thumb/v7e-m/fpv4-sp/hard\libc_nano.a(lib_a-exit.o)
                              C:/NXP/S32DS_ARM_v2.2/S32DS/build_tools/gcc_v6.3/gcc-6.3-arm32-eabi/arm-none-eabi/newlib/lib/thumb/v7e-m/fpv4-sp/hard/crt0.o (exit)
C:/NXP/S32DS_ARM_v2.2/S32DS/build_tools/gcc_v6.3/gcc-6.3-arm32-eabi/arm-none-eabi/newlib/lib/thumb/v7e-m/fpv4-sp/hard\libc_nano.a(lib_a-impure.o)
                              C:/NXP/S32DS_ARM_v2.2/S32DS/build_tools/gcc_v6.3/gcc-6.3-arm32-eabi/arm-none-eabi/newlib/lib/thumb/v7e-m/fpv4-sp/hard\libc_nano.a(lib_a-exit.o) (_global_impure_ptr)
C:/NXP/S32DS_ARM_v2.2/S32DS/build_tools/gcc_v6.3/gcc-6.3-arm32-eabi/arm-none-eabi/newlib/lib/thumb/v7e-m/fpv4-sp/hard\libc_nano.a(lib_a-init.o)
                              C:/NXP/S32DS_ARM_v2.2/S32DS/build_tools/gcc_v6.3/gcc-6.3-arm32-eabi/arm-none-eabi/newlib/lib/thumb/v7e-m/fpv4-sp/hard/crt0.o (__libc_init_array)
C:/NXP/S32DS_ARM_v2.2/S32DS/build_tools/gcc_v6.3/gcc-6.3-arm32-eabi/arm-none-eabi/newlib/lib/thumb/v7e-m/fpv4-sp/hard\libc_nano.a(lib_a-memset.o)
                              C:/NXP/S32DS_ARM_v2.2/S32DS/build_tools/gcc_v6.3/gcc-6.3-arm32-eabi/arm-none-eabi/newlib/lib/thumb/v7e-m/fpv4-sp/hard/crt0.o (memset)
C:/NXP/S32DS_ARM_v2.2/S32DS/build_tools/gcc_v6.3/gcc-6.3-arm32-eabi/arm-none-eabi/newlib/lib/thumb/v7e-m/fpv4-sp/hard\libc_nano.a(lib_a-snprintf.o)
                              ./Sources/lptimer.o (snprintf)
C:/NXP/S32DS_ARM_v2.2/S32DS/build_tools/gcc_v6.3/gcc-6.3-arm32-eabi/arm-none-eabi/newlib/lib/thumb/v7e-m/fpv4-sp/hard\libc_nano.a(lib_a-strlen.o)
                              ./Sources/lptimer.o (strlen)
C:/NXP/S32DS_ARM_v2.2/S32DS/build_tools/gcc_v6.3/gcc-6.3-arm32-eabi/arm-none-eabi/newlib/lib/thumb/v7e-m/fpv4-sp/hard\libc_nano.a(lib_a-nano-svfprintf.o)
                              C:/NXP/S32DS_ARM_v2.2/S32DS/build_tools/gcc_v6.3/gcc-6.3-arm32-eabi/arm-none-eabi/newlib/lib/thumb/v7e-m/fpv4-sp/hard\libc_nano.a(lib_a-snprintf.o) (_svfprintf_r)
C:/NXP/S32DS_ARM_v2.2/S32DS/build_tools/gcc_v6.3/gcc-6.3-arm32-eabi/arm-none-eabi/newlib/lib/thumb/v7e-m/fpv4-sp/hard\libc_nano.a(lib_a-nano-vfprintf_i.o)
                              C:/NXP/S32DS_ARM_v2.2/S32DS/build_tools/gcc_v6.3/gcc-6.3-arm32-eabi/arm-none-eabi/newlib/lib/thumb/v7e-m/fpv4-sp/hard\libc_nano.a(lib_a-nano-svfprintf.o) (_printf_i)
C:/NXP/S32DS_ARM_v2.2/S32DS/build_tools/gcc_v6.3/gcc-6.3-arm32-eabi/arm-none-eabi/newlib/lib/thumb/v7e-m/fpv4-sp/hard\libc_nano.a(lib_a-memchr.o)
                              C:/NXP/S32DS_ARM_v2.2/S32DS/build_tools/gcc_v6.3/gcc-6.3-arm32-eabi/arm-none-eabi/newlib/lib/thumb/v7e-m/fpv4-sp/hard\libc_nano.a(lib_a-nano-svfprintf.o) (memchr)
C:/NXP/S32DS_ARM_v2.2/S32DS/build_tools/gcc_v6.3/gcc-6.3-arm32-eabi/arm-none-eabi/newlib/lib/thumb/v7e-m/fpv4-sp/hard\libc_nano.a(lib_a-memcpy-stub.o)
                              C:/NXP/S32DS_ARM_v2.2/S32DS/build_tools/gcc_v6.3/gcc-6.3-arm32-eabi/arm-none-eabi/newlib/lib/thumb/v7e-m/fpv4-sp/hard\libc_nano.a(lib_a-nano-svfprintf.o) (memcpy)
[...]
Memory Configuration

Name             Origin             Length             Attributes
m_interrupts     0x00000000         0x00000400         xr
m_flash_config   0x00000400         0x00000010         xr
m_text           0x00000410         0x0007fbf0         xr
m_data           0x1fff8000         0x00008000         rw
m_data_2         0x20000000         0x00007000         rw
*default*        0x00000000         0xffffffff

Linker script and memory map

LOAD c:/nxp/s32ds_arm_v2.2/s32ds/build_tools/gcc_v6.3/gcc-6.3-arm32-eabi/bin/../lib/gcc/arm-none-eabi/6.3.1/thumb/v7e-m/fpv4-sp/hard/crti.o
LOAD c:/nxp/s32ds_arm_v2.2/s32ds/build_tools/gcc_v6.3/gcc-6.3-arm32-eabi/bin/../lib/gcc/arm-none-eabi/6.3.1/thumb/v7e-m/fpv4-sp/hard/crtbegin.o
LOAD C:/NXP/S32DS_ARM_v2.2/S32DS/build_tools/gcc_v6.3/gcc-6.3-arm32-eabi/arm-none-eabi/newlib/lib/thumb/v7e-m/fpv4-sp/hard/crt0.o
LOAD ./Generated_Code/Cpu.o
LOAD ./Generated_Code/canCom1.o
LOAD ./Generated_Code/canCom2.o
LOAD ./Generated_Code/canCom3.o
LOAD ./Generated_Code/clockMan1.o
LOAD ./Generated_Code/dmaController1.o
LOAD ./Generated_Code/lpTmr1.o
LOAD ./Generated_Code/lpspiCom1.o
LOAD ./Generated_Code/lpuart1.o
LOAD ./Generated_Code/pin_mux.o
LOAD ./Project_Settings/Startup_Code/startup_S32K144.o
LOAD ./SDK/platform/devices/S32K144/startup/system_S32K144.o
LOAD ./SDK/platform/devices/startup.o
LOAD ./SDK/platform/drivers/src/clock/S32K1xx/clock_S32K1xx.o
LOAD ./SDK/platform/drivers/src/edma/edma_driver.o
LOAD ./SDK/platform/drivers/src/edma/edma_hw_access.o
LOAD ./SDK/platform/drivers/src/edma/edma_irq.o
LOAD ./SDK/platform/drivers/src/flexcan/flexcan_driver.o
LOAD ./SDK/platform/drivers/src/flexcan/flexcan_hw_access.o
LOAD ./SDK/platform/drivers/src/flexcan/flexcan_irq.o
LOAD ./SDK/platform/drivers/src/interrupt/interrupt_manager.o
LOAD ./SDK/platform/drivers/src/lpspi/lpspi_hw_access.o
LOAD ./SDK/platform/drivers/src/lpspi/lpspi_irq.o
LOAD ./SDK/platform/drivers/src/lpspi/lpspi_master_driver.o
LOAD ./SDK/platform/drivers/src/lpspi/lpspi_shared_function.o
LOAD ./SDK/platform/drivers/src/lpspi/lpspi_slave_driver.o
LOAD ./SDK/platform/drivers/src/lptmr/lptmr_driver.o
LOAD ./SDK/platform/drivers/src/lptmr/lptmr_hw_access.o
LOAD ./SDK/platform/drivers/src/lpuart/lpuart_driver.o
LOAD ./SDK/platform/drivers/src/lpuart/lpuart_hw_access.o
LOAD ./SDK/platform/drivers/src/lpuart/lpuart_irq.o
LOAD ./SDK/platform/drivers/src/pins/pins_driver.o
LOAD ./SDK/platform/drivers/src/pins/pins_port_hw_access.o
LOAD ./SDK/rtos/osif/osif_baremetal.o
LOAD ./Sources/can0.o
LOAD ./Sources/can1.o
LOAD ./Sources/can2.o
LOAD ./Sources/lptimer.o
LOAD ./Sources/main.o
LOAD ./Sources/pid.o
LOAD ./Sources/pin_config.o
LOAD ./Sources/spi0.o
LOAD ./Sources/syst_clk.o
LOAD ./Sources/system_states.o
LOAD ./Sources/uart0.o
START GROUP
LOAD c:/nxp/s32ds_arm_v2.2/s32ds/build_tools/gcc_v6.3/gcc-6.3-arm32-eabi/bin/../lib/gcc/arm-none-eabi/6.3.1/thumb/v7e-m/fpv4-sp/hard\libgcc.a
LOAD C:/NXP/S32DS_ARM_v2.2/S32DS/build_tools/gcc_v6.3/gcc-6.3-arm32-eabi/arm-none-eabi/newlib/lib/thumb/v7e-m/fpv4-sp/hard\libc_nano.a
END GROUP
START GROUP
LOAD c:/nxp/s32ds_arm_v2.2/s32ds/build_tools/gcc_v6.3/gcc-6.3-arm32-eabi/bin/../lib/gcc/arm-none-eabi/6.3.1/thumb/v7e-m/fpv4-sp/hard\libgcc.a
LOAD C:/NXP/S32DS_ARM_v2.2/S32DS/build_tools/gcc_v6.3/gcc-6.3-arm32-eabi/arm-none-eabi/newlib/lib/thumb/v7e-m/fpv4-sp/hard\libc_nano.a
LOAD C:/NXP/S32DS_ARM_v2.2/S32DS/build_tools/gcc_v6.3/gcc-6.3-arm32-eabi/arm-none-eabi/newlib/lib/thumb/v7e-m/fpv4-sp/hard\libnosys.a
END GROUP
START GROUP
LOAD c:/nxp/s32ds_arm_v2.2/s32ds/build_tools/gcc_v6.3/gcc-6.3-arm32-eabi/bin/../lib/gcc/arm-none-eabi/6.3.1/thumb/v7e-m/fpv4-sp/hard\libgcc.a
LOAD C:/NXP/S32DS_ARM_v2.2/S32DS/build_tools/gcc_v6.3/gcc-6.3-arm32-eabi/arm-none-eabi/newlib/lib/thumb/v7e-m/fpv4-sp/hard\libc_nano.a
LOAD C:/NXP/S32DS_ARM_v2.2/S32DS/build_tools/gcc_v6.3/gcc-6.3-arm32-eabi/arm-none-eabi/newlib/lib/thumb/v7e-m/fpv4-sp/hard\libnosys.a
END GROUP
LOAD c:/nxp/s32ds_arm_v2.2/s32ds/build_tools/gcc_v6.3/gcc-6.3-arm32-eabi/bin/../lib/gcc/arm-none-eabi/6.3.1/thumb/v7e-m/fpv4-sp/hard/crtend.o
LOAD c:/nxp/s32ds_arm_v2.2/s32ds/build_tools/gcc_v6.3/gcc-6.3-arm32-eabi/bin/../lib/gcc/arm-none-eabi/6.3.1/thumb/v7e-m/fpv4-sp/hard/crtn.o
                0x00000400                HEAP_SIZE = DEFINED (__heap_size__)?__heap_size__:0x400
                0x00000400                STACK_SIZE = DEFINED (__stack_size__)?__stack_size__:0x400
                0x00000400                M_VECTOR_RAM_SIZE = DEFINED (__flash_vector_table__)?0x0:0x400

.interrupts     0x00000000      0x400
                0x00000000                __VECTOR_TABLE = .
                0x00000000                __interrupts_start__ = .
                0x00000000                . = ALIGN (0x4)
 *(.isr_vector)
 .isr_vector    0x00000000      0x400 ./Project_Settings/Startup_Code/startup_S32K144.o
                0x00000000                __isr_vector
                0x00000400                __interrupts_end__ = .
                0x00000400                . = ALIGN (0x4)

.flash_config   0x00000400       0x10
                0x00000400                . = ALIGN (0x4)
 *(.FlashConfig)
 .FlashConfig   0x00000400       0x10 ./Project_Settings/Startup_Code/startup_S32K144.o
                0x00000410                . = ALIGN (0x4)

.text           0x00000410     0x7a28
                0x00000410                . = ALIGN (0x4)
 *(.text)
 .text          0x00000410       0x4c ./Project_Settings/Startup_Code/startup_S32K144.o
                0x00000410                Reset_Handler
                0x00000458                DebugMon_Handler
                0x00000458                Reserved88_IRQHandler
                0x00000458                HardFault_Handler
                0x00000458                Reserved86_IRQHandler
                0x00000458                Reserved103_IRQHandler
                0x00000458                FTM2_Ovf_Reload_IRQHandler
                0x00000458                Reserved50_IRQHandler
                0x00000458                FTFC_Fault_IRQHandler
                0x00000458                FTM0_Ch6_Ch7_IRQHandler
                0x00000458                Reserved114_IRQHandler
                0x00000458                PendSV_Handler
                0x00000458                NMI_Handler
                0x00000458                Reserved89_IRQHandler
                0x00000458                ERM_double_fault_IRQHandler
                0x00000458                Reserved59_IRQHandler
                0x00000458                LPIT0_Ch0_IRQHandler
                0x00000458                Reserved99_IRQHandler
                0x00000458                FTM3_Ch6_Ch7_IRQHandler
                0x00000458                LPIT0_Ch3_IRQHandler
                0x00000458                Reserved92_IRQHandler
                0x00000458                FTM0_Ch4_Ch5_IRQHandler
                0x00000458                FTM3_Ch0_Ch1_IRQHandler
                0x00000458                SWI_IRQHandler
                0x00000458                ADC0_IRQHandler
                0x00000458                FTM2_Ch4_Ch5_IRQHandler
                0x00000458                UsageFault_Handler
                0x00000458                FTM0_Ovf_Reload_IRQHandler
                0x00000458                DefaultISR
                0x00000458                Reserved58_IRQHandler
                0x00000458                FTM1_Ch2_Ch3_IRQHandler
                0x00000458                Reserved82_IRQHandler
                0x00000458                LPI2C0_Slave_IRQHandler
                0x00000458                Reserved71_IRQHandler
                0x00000458                PORTD_IRQHandler
                0x00000458                Reserved69_IRQHandler
                0x00000458                PORTB_IRQHandler
                0x00000458                Reserved70_IRQHandler
                0x00000458                ADC1_IRQHandler
                0x00000458                FTM2_Ch2_Ch3_IRQHandler
                0x00000458                Reserved53_IRQHandler
                0x00000458                RTC_IRQHandler
                0x00000458                PDB0_IRQHandler
                0x00000458                Reserved54_IRQHandler
                0x00000458                FTM2_Ch6_Ch7_IRQHandler
                0x00000458                FTM3_Ch2_Ch3_IRQHandler
                0x00000458                FTM2_Ch0_Ch1_IRQHandler
                0x00000458                LPUART1_RxTx_IRQHandler
                0x00000458                RTC_Seconds_IRQHandler
                0x00000458                Reserved72_IRQHandler
                0x00000458                Reserved110_IRQHandler
                0x00000458                Reserved107_IRQHandler
                0x00000458                Read_Collision_IRQHandler
                0x00000458                FTFC_IRQHandler
                0x00000458                FTM1_Ch6_Ch7_IRQHandler
                0x00000458                Reserved105_IRQHandler
                0x00000458                LPIT0_Ch1_IRQHandler
                0x00000458                FTM1_Ch4_Ch5_IRQHandler
                0x00000458                FTM3_Ovf_Reload_IRQHandler
                0x00000458                LPUART2_RxTx_IRQHandler
                0x00000458                WDOG_EWM_IRQHandler
                0x00000458                MemManage_Handler
                0x00000458                Reserved90_IRQHandler
                0x00000458                Reserved83_IRQHandler
                0x00000458                FTM0_Fault_IRQHandler
                0x00000458                Reserved48_IRQHandler
                0x00000458                SVC_Handler
                0x00000458                ERM_single_fault_IRQHandler
                0x00000458                FTM2_Fault_IRQHandler
                0x00000458                FTM0_Ch2_Ch3_IRQHandler
                0x00000458                FTM0_Ch0_Ch1_IRQHandler
                0x00000458                FTM3_Fault_IRQHandler
                0x00000458                RCM_IRQHandler
                0x00000458                Reserved100_IRQHandler
                0x00000458                Reserved91_IRQHandler
                0x00000458                SCG_IRQHandler
                0x00000458                PDB1_IRQHandler
                0x00000458                Reserved81_IRQHandler
                0x00000458                Reserved46_IRQHandler
                0x00000458                Reserved45_IRQHandler
                0x00000458                Reserved112_IRQHandler
                0x00000458                LPI2C0_Master_IRQHandler
                0x00000458                FTM1_Fault_IRQHandler
                0x00000458                Reserved106_IRQHandler
                0x00000458                LVD_LVW_IRQHandler
                0x00000458                LPIT0_Ch2_IRQHandler
                0x00000458                PORTA_IRQHandler
                0x00000458                MCM_IRQHandler
                0x00000458                FTM3_Ch4_Ch5_IRQHandler
                0x00000458                PORTE_IRQHandler
                0x00000458                LPUART0_RxTx_IRQHandler
                0x00000458                LPTMR0_IRQHandler
                0x00000458                BusFault_Handler
                0x00000458                Reserved87_IRQHandler
                0x00000458                FTM1_Ovf_Reload_IRQHandler
                0x00000458                Reserved93_IRQHandler
                0x00000458                CMP0_IRQHandler
                0x00000458                Reserved52_IRQHandler
                0x00000458                PORTC_IRQHandler
                0x00000458                FTM1_Ch0_Ch1_IRQHandler
                0x00000458                FLEXIO_IRQHandler
                0x00000458                Reserved113_IRQHandler
 .text          0x0000045c      0x378 c:/nxp/s32ds_arm_v2.2/s32ds/build_tools/gcc_v6.3/gcc-6.3-arm32-eabi/bin/../lib/gcc/arm-none-eabi/6.3.1/thumb/v7e-m/fpv4-sp/hard\libgcc.a(_arm_addsubdf3.o)
                0x0000045c                __aeabi_drsub
                0x00000464                __aeabi_dsub
                0x00000464                __subdf3
                0x00000468                __aeabi_dadd
                0x00000468                __adddf3
                0x000006e0                __floatunsidf
                0x000006e0                __aeabi_ui2d
                0x00000700                __floatsidf
                0x00000700                __aeabi_i2d
                0x00000724                __aeabi_f2d
                0x00000724                __extendsfdf2
                0x00000768                __floatundidf
                0x00000768                __aeabi_ul2d
                0x00000778                __floatdidf
                0x00000778                __aeabi_l2d
 .text          0x000007d4      0x424 c:/nxp/s32ds_arm_v2.2/s32ds/build_tools/gcc_v6.3/gcc-6.3-arm32-eabi/bin/../lib/gcc/arm-none-eabi/6.3.1/thumb/v7e-m/fpv4-sp/hard\libgcc.a(_arm_muldivdf3.o)
                0x000007d4                __aeabi_dmul
                0x000007d4                __muldf3
                0x00000a28                __divdf3
                0x00000a28                __aeabi_ddiv
 .text          0x00000bf8      0x110 c:/nxp/s32ds_arm_v2.2/s32ds/build_tools/gcc_v6.3/gcc-6.3-arm32-eabi/bin/../lib/gcc/arm-none-eabi/6.3.1/thumb/v7e-m/fpv4-sp/hard\libgcc.a(_arm_cmpdf2.o)
                0x00000bf8                __gtdf2
                0x00000bf8                __gedf2
                0x00000c00                __ltdf2
                0x00000c00                __ledf2
                0x00000c08                __nedf2
                0x00000c08                __eqdf2
                0x00000c08                __cmpdf2
                0x00000c84                __aeabi_cdrcmple
                0x00000c94                __aeabi_cdcmpeq
                0x00000c94                __aeabi_cdcmple
                0x00000ca4                __aeabi_dcmpeq
                0x00000cb8                __aeabi_dcmplt
                0x00000ccc                __aeabi_dcmple
                0x00000ce0                __aeabi_dcmpge
                0x00000cf4                __aeabi_dcmpgt
 .text          0x00000d08       0x40 c:/nxp/s32ds_arm_v2.2/s32ds/build_tools/gcc_v6.3/gcc-6.3-arm32-eabi/bin/../lib/gcc/arm-none-eabi/6.3.1/thumb/v7e-m/fpv4-sp/hard\libgcc.a(_arm_fixunsdfsi.o)
                0x00000d08                __aeabi_d2uiz
                0x00000d08                __fixunsdfsi
 .text          0x00000d48       0x30 c:/nxp/s32ds_arm_v2.2/s32ds/build_tools/gcc_v6.3/gcc-6.3-arm32-eabi/bin/../lib/gcc/arm-none-eabi/6.3.1/thumb/v7e-m/fpv4-sp/hard\libgcc.a(_aeabi_uldivmod.o)
                0x00000d48                __aeabi_uldivmod
 .text          0x00000d78      0x2e4 c:/nxp/s32ds_arm_v2.2/s32ds/build_tools/gcc_v6.3/gcc-6.3-arm32-eabi/bin/../lib/gcc/arm-none-eabi/6.3.1/thumb/v7e-m/fpv4-sp/hard\libgcc.a(_udivmoddi4.o)
                0x00000d78                __udivmoddi4
 .text          0x0000105c        0x4 c:/nxp/s32ds_arm_v2.2/s32ds/build_tools/gcc_v6.3/gcc-6.3-arm32-eabi/bin/../lib/gcc/arm-none-eabi/6.3.1/thumb/v7e-m/fpv4-sp/hard\libgcc.a(_dvmd_tls.o)
                0x0000105c                __aeabi_idiv0
                0x0000105c                __aeabi_ldiv0
 .text          0x00001060       0x10 C:/NXP/S32DS_ARM_v2.2/S32DS/build_tools/gcc_v6.3/gcc-6.3-arm32-eabi/arm-none-eabi/newlib/lib/thumb/v7e-m/fpv4-sp/hard\libc_nano.a(lib_a-strlen.o)
                0x00001060                strlen
 .text          0x00001070       0xa0 C:/NXP/S32DS_ARM_v2.2/S32DS/build_tools/gcc_v6.3/gcc-6.3-arm32-eabi/arm-none-eabi/newlib/lib/thumb/v7e-m/fpv4-sp/hard\libc_nano.a(lib_a-memchr.o)
                0x00001070                memchr
 *(.text*)
 .text.SystemInit
                0x00001110       0x3c ./SDK/platform/devices/S32K144/startup/system_S32K144.o
                0x00001110                SystemInit
 .text.init_data_bss
                0x0000114c       0xd8 ./SDK/platform/devices/startup.o
                0x0000114c                init_data_bss
 .text.CLOCK_SYS_GetCurrentRunMode
                0x00001224       0x24 ./SDK/platform/drivers/src/clock/S32K1xx/clock_S32K1xx.o
 .text.CLOCK_SYS_GetSysOscFreq
                0x00001248       0x1c ./SDK/platform/drivers/src/clock/S32K1xx/clock_S32K1xx.o
 .text.CLOCK_SYS_ConfigureSOSC
                0x00001264      0x12c ./SDK/platform/drivers/src/clock/S32K1xx/clock_S32K1xx.o
 .text.CLOCK_SYS_GetSircFreq
                0x00001390       0x2c ./SDK/platform/drivers/src/clock/S32K1xx/clock_S32K1xx.o
 .text.CLOCK_SYS_ConfigureSIRC
                0x000013bc       0xc4 ./SDK/platform/drivers/src/clock/S32K1xx/clock_S32K1xx.o
 .text.CLOCK_SYS_GetFircFreq
                0x00001480       0x20 ./SDK/platform/drivers/src/clock/S32K1xx/clock_S32K1xx.o
 .text.CLOCK_SYS_ConfigureFIRC
                0x000014a0       0xb4 ./SDK/platform/drivers/src/clock/S32K1xx/clock_S32K1xx.o
 .text.CLOCK_SYS_GetSysPllFreq
                0x00001554       0x44 ./SDK/platform/drivers/src/clock/S32K1xx/clock_S32K1xx.o
 .text.CLOCK_SYS_ConfigureSPLL
                0x00001598      0x104 ./SDK/platform/drivers/src/clock/S32K1xx/clock_S32K1xx.o
 .text.CLOCK_SYS_SetSystemClockConfig
                0x0000169c      0x1e4 ./SDK/platform/drivers/src/clock/S32K1xx/clock_S32K1xx.o
 .text.CLOCK_SYS_TransitionSystemClock
                0x00001880       0x3c ./SDK/platform/drivers/src/clock/S32K1xx/clock_S32K1xx.o
 .text.CLOCK_SYS_GetSystemClockFreq
                0x000018bc       0x78 ./SDK/platform/drivers/src/clock/S32K1xx/clock_S32K1xx.o
 .text.CLOCK_SYS_GetScgClkOutFreq
                0x00001934       0x44 ./SDK/platform/drivers/src/clock/S32K1xx/clock_S32K1xx.o
 .text.CLOCK_SYS_GetSysAsyncFreq
                0x00001978       0xd4 ./SDK/platform/drivers/src/clock/S32K1xx/clock_S32K1xx.o
 .text.CLOCK_SYS_GetSimRtcClkFreq
                0x00001a4c       0x50 ./SDK/platform/drivers/src/clock/S32K1xx/clock_S32K1xx.o
 .text.CLOCK_SYS_GetPeripheralClock
                0x00001a9c       0x78 ./SDK/platform/drivers/src/clock/S32K1xx/clock_S32K1xx.o
 .text.CLOCK_SYS_GetLpoFreq
                0x00001b14       0x44 ./SDK/platform/drivers/src/clock/S32K1xx/clock_S32K1xx.o
 .text.CLOCK_SYS_GetSimClkOutFreq
                0x00001b58       0x98 ./SDK/platform/drivers/src/clock/S32K1xx/clock_S32K1xx.o
 .text.CLOCK_DRV_Init
                0x00001bf0      0x598 ./SDK/platform/drivers/src/clock/S32K1xx/clock_S32K1xx.o
                0x00001bf0                CLOCK_DRV_Init
 .text.CLOCK_DRV_GetFreq
                0x00002188      0x3a0 ./SDK/platform/drivers/src/clock/S32K1xx/clock_S32K1xx.o
                0x00002188                CLOCK_DRV_GetFreq
 .text.CLOCK_SYS_GetFreq
                0x00002528        0x8 ./SDK/platform/drivers/src/clock/S32K1xx/clock_S32K1xx.o
                0x00002528                CLOCK_SYS_GetFreq
 .text.EDMA_DRV_InstallCallback
                0x00002530       0x20 ./SDK/platform/drivers/src/edma/edma_driver.o
                0x00002530                EDMA_DRV_InstallCallback
 .text.EDMA_DRV_IRQHandler
                0x00002550       0x2c ./SDK/platform/drivers/src/edma/edma_driver.o
                0x00002550                EDMA_DRV_IRQHandler
 .text.EDMA_DRV_ErrorIRQHandler
                0x0000257c       0x3c ./SDK/platform/drivers/src/edma/edma_driver.o
                0x0000257c                EDMA_DRV_ErrorIRQHandler
 .text.EDMA_DRV_ConfigSingleBlockTransfer
                0x000025b8      0x148 ./SDK/platform/drivers/src/edma/edma_driver.o
                0x000025b8                EDMA_DRV_ConfigSingleBlockTransfer
 .text.EDMA_DRV_ConfigMultiBlockTransfer
                0x00002700       0x64 ./SDK/platform/drivers/src/edma/edma_driver.o
                0x00002700                EDMA_DRV_ConfigMultiBlockTransfer
 .text.EDMA_DRV_StartChannel
                0x00002764       0x18 ./SDK/platform/drivers/src/edma/edma_driver.o
                0x00002764                EDMA_DRV_StartChannel
 .text.EDMA_DRV_StopChannel
                0x0000277c       0x18 ./SDK/platform/drivers/src/edma/edma_driver.o
                0x0000277c                EDMA_DRV_StopChannel
 .text.EDMA_DRV_SetSrcAddr
                0x00002794       0x14 ./SDK/platform/drivers/src/edma/edma_driver.o
                0x00002794                EDMA_DRV_SetSrcAddr
 .text.EDMA_DRV_SetMajorLoopIterationCount
                0x000027a8       0x14 ./SDK/platform/drivers/src/edma/edma_driver.o
                0x000027a8                EDMA_DRV_SetMajorLoopIterationCount
 .text.EDMA_DRV_GetDmaRegBaseAddr
                0x000027bc        0x8 ./SDK/platform/drivers/src/edma/edma_driver.o
                0x000027bc                EDMA_DRV_GetDmaRegBaseAddr
 .text.EDMA_SetDmaRequestCmd
                0x000027c4        0xa ./SDK/platform/drivers/src/edma/edma_hw_access.o
                0x000027c4                EDMA_SetDmaRequestCmd
 .text.EDMA_TCDClearReg
                0x000027ce       0x4a ./SDK/platform/drivers/src/edma/edma_hw_access.o
                0x000027ce                EDMA_TCDClearReg
 .text.EDMA_TCDSetAttribute
                0x00002818       0x30 ./SDK/platform/drivers/src/edma/edma_hw_access.o
                0x00002818                EDMA_TCDSetAttribute
 .text.EDMA_TCDSetNbytes
                0x00002848       0x5c ./SDK/platform/drivers/src/edma/edma_hw_access.o
                0x00002848                EDMA_TCDSetNbytes
 .text.EDMA_TCDSetMajorCount
                0x000028a4       0x5e ./SDK/platform/drivers/src/edma/edma_hw_access.o
                0x000028a4                EDMA_TCDSetMajorCount
 .text.DMA0_IRQHandler
                0x00002902        0xa ./SDK/platform/drivers/src/edma/edma_irq.o
                0x00002902                DMA0_IRQHandler
 .text.DMA1_IRQHandler
                0x0000290c        0xa ./SDK/platform/drivers/src/edma/edma_irq.o
                0x0000290c                DMA1_IRQHandler
 .text.DMA2_IRQHandler
                0x00002916        0xa ./SDK/platform/drivers/src/edma/edma_irq.o
                0x00002916                DMA2_IRQHandler
 .text.DMA3_IRQHandler
                0x00002920        0xa ./SDK/platform/drivers/src/edma/edma_irq.o
                0x00002920                DMA3_IRQHandler
 .text.DMA4_IRQHandler
                0x0000292a        0xa ./SDK/platform/drivers/src/edma/edma_irq.o
                0x0000292a                DMA4_IRQHandler
 .text.DMA5_IRQHandler
                0x00002934        0xa ./SDK/platform/drivers/src/edma/edma_irq.o
                0x00002934                DMA5_IRQHandler
 .text.DMA6_IRQHandler
                0x0000293e        0xa ./SDK/platform/drivers/src/edma/edma_irq.o
                0x0000293e                DMA6_IRQHandler
 .text.DMA7_IRQHandler
                0x00002948        0xa ./SDK/platform/drivers/src/edma/edma_irq.o
                0x00002948                DMA7_IRQHandler
 .text.DMA8_IRQHandler
                0x00002952        0xa ./SDK/platform/drivers/src/edma/edma_irq.o
                0x00002952                DMA8_IRQHandler
 .text.DMA9_IRQHandler
                0x0000295c        0xa ./SDK/platform/drivers/src/edma/edma_irq.o
                0x0000295c                DMA9_IRQHandler
 .text.DMA10_IRQHandler
                0x00002966        0xa ./SDK/platform/drivers/src/edma/edma_irq.o
                0x00002966                DMA10_IRQHandler
 .text.DMA11_IRQHandler
                0x00002970        0xa ./SDK/platform/drivers/src/edma/edma_irq.o
                0x00002970                DMA11_IRQHandler
 .text.DMA12_IRQHandler
                0x0000297a        0xa ./SDK/platform/drivers/src/edma/edma_irq.o
                0x0000297a                DMA12_IRQHandler
 .text.DMA13_IRQHandler
                0x00002984        0xa ./SDK/platform/drivers/src/edma/edma_irq.o
                0x00002984                DMA13_IRQHandler
 .text.DMA14_IRQHandler
                0x0000298e        0xa ./SDK/platform/drivers/src/edma/edma_irq.o
                0x0000298e                DMA14_IRQHandler
 .text.DMA15_IRQHandler
                0x00002998        0xa ./SDK/platform/drivers/src/edma/edma_irq.o
                0x00002998                DMA15_IRQHandler
 .text.DMA_Error_IRQHandler
                0x000029a2       0x28 ./SDK/platform/drivers/src/edma/edma_irq.o
                0x000029a2                DMA_Error_IRQHandler
 *fill*         0x000029ca        0x2 
 .text.FLEXCAN_StartSendData
                0x000029cc       0xa4 ./SDK/platform/drivers/src/flexcan/flexcan_driver.o
 .text.FLEXCAN_StartRxMessageBufferData
                0x00002a70       0x80 ./SDK/platform/drivers/src/flexcan/flexcan_driver.o
 .text.FLEXCAN_CompleteRxMessageFifoData
                0x00002af0       0xa0 ./SDK/platform/drivers/src/flexcan/flexcan_driver.o
 .text.FLEXCAN_CompleteTransfer
                0x00002b90       0x38 ./SDK/platform/drivers/src/flexcan/flexcan_driver.o
 .text.FLEXCAN_DRV_SetRxMaskType
                0x00002bc8       0x30 ./SDK/platform/drivers/src/flexcan/flexcan_driver.o
                0x00002bc8                FLEXCAN_DRV_SetRxMaskType
 .text.FLEXCAN_DRV_SetRxIndividualMask
                0x00002bf8      0x118 ./SDK/platform/drivers/src/flexcan/flexcan_driver.o
                0x00002bf8                FLEXCAN_DRV_SetRxIndividualMask
 .text.FLEXCAN_DRV_Init
                0x00002d10      0x2c4 ./SDK/platform/drivers/src/flexcan/flexcan_driver.o
                0x00002d10                FLEXCAN_DRV_Init
 .text.FLEXCAN_DRV_ConfigTxMb
                0x00002fd4       0x40 ./SDK/platform/drivers/src/flexcan/flexcan_driver.o
                0x00002fd4                FLEXCAN_DRV_ConfigTxMb
 .text.FLEXCAN_DRV_Send
                0x00003014       0x34 ./SDK/platform/drivers/src/flexcan/flexcan_driver.o
                0x00003014                FLEXCAN_DRV_Send
 .text.FLEXCAN_DRV_ConfigRxMb
                0x00003048       0x68 ./SDK/platform/drivers/src/flexcan/flexcan_driver.o
                0x00003048                FLEXCAN_DRV_ConfigRxMb
 .text.FLEXCAN_DRV_Receive
                0x000030b0        0xa ./SDK/platform/drivers/src/flexcan/flexcan_driver.o
                0x000030b0                FLEXCAN_DRV_Receive
 *fill*         0x000030ba        0x2 
 .text.FLEXCAN_Error_IRQHandler
                0x000030bc       0x28 ./SDK/platform/drivers/src/flexcan/flexcan_driver.o
                0x000030bc                FLEXCAN_Error_IRQHandler
 .text.FLEXCAN_WakeUpHandler
                0x000030e4       0x6c ./SDK/platform/drivers/src/flexcan/flexcan_driver.o
                0x000030e4                FLEXCAN_WakeUpHandler
 .text.FLEXCAN_IRQHandler
                0x00003150      0x1b8 ./SDK/platform/drivers/src/flexcan/flexcan_driver.o
                0x00003150                FLEXCAN_IRQHandler
 .text.FLEXCAN_DRV_InstallEventCallback
                0x00003308       0x14 ./SDK/platform/drivers/src/flexcan/flexcan_driver.o
                0x00003308                FLEXCAN_DRV_InstallEventCallback
 .text.FLEXCAN_ComputePayloadSize
                0x0000331c       0x36 ./SDK/platform/drivers/src/flexcan/flexcan_hw_access.o
 *fill*         0x00003352        0x2 
 .text.FLEXCAN_GetRxFifoMask
                0x00003354       0x60 ./SDK/platform/drivers/src/flexcan/flexcan_hw_access.o
                0x00003354                FLEXCAN_GetRxFifoMask
 .text.FLEXCAN_GetMaxMbNum
                0x000033b4       0x2c ./SDK/platform/drivers/src/flexcan/flexcan_hw_access.o
                0x000033b4                FLEXCAN_GetMaxMbNum
 .text.FLEXCAN_Enable
                0x000033e0       0x2a ./SDK/platform/drivers/src/flexcan/flexcan_hw_access.o
                0x000033e0                FLEXCAN_Enable
 .text.FLEXCAN_Disable
                0x0000340a       0x18 ./SDK/platform/drivers/src/flexcan/flexcan_hw_access.o
                0x0000340a                FLEXCAN_Disable
 *fill*         0x00003422        0x2 
 .text.FLEXCAN_Init
                0x00003424       0x68 ./SDK/platform/drivers/src/flexcan/flexcan_hw_access.o
                0x00003424                FLEXCAN_Init
 .text.FLEXCAN_EnableRxFifo
                0x0000348c       0x54 ./SDK/platform/drivers/src/flexcan/flexcan_hw_access.o
                0x0000348c                FLEXCAN_EnableRxFifo
 .text.FLEXCAN_SetMsgBuffIntCmd
                0x000034e0       0x3c ./SDK/platform/drivers/src/flexcan/flexcan_hw_access.o
                0x000034e0                FLEXCAN_SetMsgBuffIntCmd
 .text.FLEXCAN_ExitFreezeMode
                0x0000351c       0x1a ./SDK/platform/drivers/src/flexcan/flexcan_hw_access.o
                0x0000351c                FLEXCAN_ExitFreezeMode
 .text.FLEXCAN_EnterFreezeMode
                0x00003536       0x40 ./SDK/platform/drivers/src/flexcan/flexcan_hw_access.o
                0x00003536                FLEXCAN_EnterFreezeMode
 *fill*         0x00003576        0x2 
 .text.FLEXCAN_ClearErrIntStatusFlag
                0x00003578       0x14 ./SDK/platform/drivers/src/flexcan/flexcan_hw_access.o
                0x00003578                FLEXCAN_ClearErrIntStatusFlag
 .text.FLEXCAN_ReadRxFifo
                0x0000358c       0x56 ./SDK/platform/drivers/src/flexcan/flexcan_hw_access.o
                0x0000358c                FLEXCAN_ReadRxFifo
 .text.FLEXCAN_SetOperationMode
                0x000035e2       0x5e ./SDK/platform/drivers/src/flexcan/flexcan_hw_access.o
                0x000035e2                FLEXCAN_SetOperationMode
 .text.FLEXCAN_SetPayloadSize
                0x00003640       0x1a ./SDK/platform/drivers/src/flexcan/flexcan_hw_access.o
                0x00003640                FLEXCAN_SetPayloadSize
 .text.FLEXCAN_GetPayloadSize
                0x0000365a       0x20 ./SDK/platform/drivers/src/flexcan/flexcan_hw_access.o
                0x0000365a                FLEXCAN_GetPayloadSize
 .text.FLEXCAN_GetMsgBuffRegion
                0x0000367a       0x30 ./SDK/platform/drivers/src/flexcan/flexcan_hw_access.o
                0x0000367a                FLEXCAN_GetMsgBuffRegion
 *fill*         0x000036aa        0x2 
 .text.FLEXCAN_SetTxMsgBuff
                0x000036ac      0x180 ./SDK/platform/drivers/src/flexcan/flexcan_hw_access.o
                0x000036ac                FLEXCAN_SetTxMsgBuff
 .text.FLEXCAN_SetRxMsgBuff
                0x0000382c       0xc8 ./SDK/platform/drivers/src/flexcan/flexcan_hw_access.o
                0x0000382c                FLEXCAN_SetRxMsgBuff
 .text.FLEXCAN_GetMsgBuff
                0x000038f4       0x96 ./SDK/platform/drivers/src/flexcan/flexcan_hw_access.o
                0x000038f4                FLEXCAN_GetMsgBuff
 .text.FLEXCAN_LockRxMsgBuff
                0x0000398a        0xa ./SDK/platform/drivers/src/flexcan/flexcan_hw_access.o
                0x0000398a                FLEXCAN_LockRxMsgBuff
 .text.FLEXCAN_SetMaxMsgBuffNum
                0x00003994       0x9c ./SDK/platform/drivers/src/flexcan/flexcan_hw_access.o
                0x00003994                FLEXCAN_SetMaxMsgBuffNum
 .text.CAN0_ORed_IRQHandler
                0x00003a30        0xa ./SDK/platform/drivers/src/flexcan/flexcan_irq.o
                0x00003a30                CAN0_ORed_IRQHandler
 .text.CAN0_Error_IRQHandler
                0x00003a3a        0xa ./SDK/platform/drivers/src/flexcan/flexcan_irq.o
                0x00003a3a                CAN0_Error_IRQHandler
 .text.CAN0_Wake_Up_IRQHandler
                0x00003a44        0xa ./SDK/platform/drivers/src/flexcan/flexcan_irq.o
                0x00003a44                CAN0_Wake_Up_IRQHandler
 .text.CAN0_ORed_0_15_MB_IRQHandler
                0x00003a4e        0xa ./SDK/platform/drivers/src/flexcan/flexcan_irq.o
                0x00003a4e                CAN0_ORed_0_15_MB_IRQHandler
 .text.CAN0_ORed_16_31_MB_IRQHandler
                0x00003a58        0xa ./SDK/platform/drivers/src/flexcan/flexcan_irq.o
                0x00003a58                CAN0_ORed_16_31_MB_IRQHandler
 .text.CAN1_ORed_IRQHandler
                0x00003a62        0xa ./SDK/platform/drivers/src/flexcan/flexcan_irq.o
                0x00003a62                CAN1_ORed_IRQHandler
 .text.CAN1_Error_IRQHandler
                0x00003a6c        0xa ./SDK/platform/drivers/src/flexcan/flexcan_irq.o
                0x00003a6c                CAN1_Error_IRQHandler
 .text.CAN1_ORed_0_15_MB_IRQHandler
                0x00003a76        0xa ./SDK/platform/drivers/src/flexcan/flexcan_irq.o
                0x00003a76                CAN1_ORed_0_15_MB_IRQHandler
 .text.CAN2_ORed_IRQHandler
                0x00003a80        0xa ./SDK/platform/drivers/src/flexcan/flexcan_irq.o
                0x00003a80                CAN2_ORed_IRQHandler
 .text.CAN2_Error_IRQHandler
                0x00003a8a        0xa ./SDK/platform/drivers/src/flexcan/flexcan_irq.o
                0x00003a8a                CAN2_Error_IRQHandler
 .text.CAN2_ORed_0_15_MB_IRQHandler
                0x00003a94        0xa ./SDK/platform/drivers/src/flexcan/flexcan_irq.o
                0x00003a94                CAN2_ORed_0_15_MB_IRQHandler
 *fill*         0x00003a9e        0x2 
 .text.INT_SYS_InstallHandler
                0x00003aa0       0x30 ./SDK/platform/drivers/src/interrupt/interrupt_manager.o
                0x00003aa0                INT_SYS_InstallHandler
 .text.INT_SYS_EnableIRQ
                0x00003ad0       0x18 ./SDK/platform/drivers/src/interrupt/interrupt_manager.o
                0x00003ad0                INT_SYS_EnableIRQ
 .text.INT_SYS_EnableIRQGlobal
                0x00003ae8       0x1c ./SDK/platform/drivers/src/interrupt/interrupt_manager.o
                0x00003ae8                INT_SYS_EnableIRQGlobal
 .text.INT_SYS_DisableIRQGlobal
                0x00003b04       0x10 ./SDK/platform/drivers/src/interrupt/interrupt_manager.o
                0x00003b04                INT_SYS_DisableIRQGlobal
 .text.INT_SYS_SetPriority
                0x00003b14       0x58 ./SDK/platform/drivers/src/interrupt/interrupt_manager.o
                0x00003b14                INT_SYS_SetPriority
 .text.LPSPI_Init
                0x00003b6c        0xa ./SDK/platform/drivers/src/lpspi/lpspi_hw_access.o
                0x00003b6c                LPSPI_Init
 .text.LPSPI_Disable
                0x00003b76       0x18 ./SDK/platform/drivers/src/lpspi/lpspi_hw_access.o
                0x00003b76                LPSPI_Disable
 .text.LPSPI_SetMasterSlaveMode
                0x00003b8e        0xe ./SDK/platform/drivers/src/lpspi/lpspi_hw_access.o
                0x00003b8e                LPSPI_SetMasterSlaveMode
 .text.LPSPI_SetFlushFifoCmd
                0x00003b9c        0xe ./SDK/platform/drivers/src/lpspi/lpspi_hw_access.o
                0x00003b9c                LPSPI_SetFlushFifoCmd
 .text.LPSPI_ClearStatusFlag
                0x00003baa       0x20 ./SDK/platform/drivers/src/lpspi/lpspi_hw_access.o
                0x00003baa                LPSPI_ClearStatusFlag
 .text.LPSPI_SetPcsPolarityMode
                0x00003bca       0x1c ./SDK/platform/drivers/src/lpspi/lpspi_hw_access.o
                0x00003bca                LPSPI_SetPcsPolarityMode
 .text.LPSPI_SetPinConfigMode
                0x00003be6       0x22 ./SDK/platform/drivers/src/lpspi/lpspi_hw_access.o
                0x00003be6                LPSPI_SetPinConfigMode
 .text.LPSPI_SetBaudRateDivisor
                0x00003c08       0x10 ./SDK/platform/drivers/src/lpspi/lpspi_hw_access.o
                0x00003c08                LPSPI_SetBaudRateDivisor
 .text.LPSPI_SetBaudRate
                0x00003c18      0x108 ./SDK/platform/drivers/src/lpspi/lpspi_hw_access.o
                0x00003c18                LPSPI_SetBaudRate
 .text.LPSPI_SetTxCommandReg
                0x00003d20       0x4a ./SDK/platform/drivers/src/lpspi/lpspi_hw_access.o
                0x00003d20                LPSPI_SetTxCommandReg
 .text.LPSPI_SetPcs
                0x00003d6a        0xe ./SDK/platform/drivers/src/lpspi/lpspi_hw_access.o
                0x00003d6a                LPSPI_SetPcs
 .text.LPSPI0_IRQHandler
                0x00003d78        0xa ./SDK/platform/drivers/src/lpspi/lpspi_irq.o
                0x00003d78                LPSPI0_IRQHandler
 .text.LPSPI1_IRQHandler
                0x00003d82        0xa ./SDK/platform/drivers/src/lpspi/lpspi_irq.o
                0x00003d82                LPSPI1_IRQHandler
 .text.LPSPI2_IRQHandler
                0x00003d8c        0xa ./SDK/platform/drivers/src/lpspi/lpspi_irq.o
                0x00003d8c                LPSPI2_IRQHandler
 *fill*         0x00003d96        0x2 
 .text.LPSPI_DRV_MasterStartTransfer
                0x00003d98      0x200 ./SDK/platform/drivers/src/lpspi/lpspi_master_driver.o
 .text.LPSPI_DRV_MasterCompleteTransfer
                0x00003f98       0x78 ./SDK/platform/drivers/src/lpspi/lpspi_master_driver.o
 .text.LPSPI_DRV_MasterConfigureBus
                0x00004010      0x114 ./SDK/platform/drivers/src/lpspi/lpspi_master_driver.o
                0x00004010                LPSPI_DRV_MasterConfigureBus
 .text.LPSPI_DRV_MasterInit
                0x00004124       0x80 ./SDK/platform/drivers/src/lpspi/lpspi_master_driver.o
                0x00004124                LPSPI_DRV_MasterInit
 .text.LPSPI_DRV_MasterTransfer
                0x000041a4        0xe ./SDK/platform/drivers/src/lpspi/lpspi_master_driver.o
                0x000041a4                LPSPI_DRV_MasterTransfer
 *fill*         0x000041b2        0x2 
 .text.LPSPI_DRV_MasterAbortTransfer
                0x000041b4       0x28 ./SDK/platform/drivers/src/lpspi/lpspi_master_driver.o
                0x000041b4                LPSPI_DRV_MasterAbortTransfer
 .text.LPSPI_DRV_MasterCompleteDMATransfer
                0x000041dc       0x44 ./SDK/platform/drivers/src/lpspi/lpspi_master_driver.o
 .text.LPSPI_DRV_MasterCompleteRX
                0x00004220       0x20 ./SDK/platform/drivers/src/lpspi/lpspi_master_driver.o
 .text.LPSPI_DRV_SetPcs
                0x00004240       0x44 ./SDK/platform/drivers/src/lpspi/lpspi_master_driver.o
                0x00004240                LPSPI_DRV_SetPcs
 .text.LPSPI_DRV_MasterIRQHandler
                0x00004284       0xb4 ./SDK/platform/drivers/src/lpspi/lpspi_master_driver.o
                0x00004284                LPSPI_DRV_MasterIRQHandler
 .text.LPSPI_DRV_IRQHandler
                0x00004338       0x28 ./SDK/platform/drivers/src/lpspi/lpspi_shared_function.o
                0x00004338                LPSPI_DRV_IRQHandler
 .text.LPSPI_DRV_FillupTxBuffer
                0x00004360       0xb4 ./SDK/platform/drivers/src/lpspi/lpspi_shared_function.o
                0x00004360                LPSPI_DRV_FillupTxBuffer
 .text.LPSPI_DRV_ReadRXBuffer
                0x00004414       0x8c ./SDK/platform/drivers/src/lpspi/lpspi_shared_function.o
                0x00004414                LPSPI_DRV_ReadRXBuffer
 .text.LPSPI_DRV_DisableTEIEInterrupts
                0x000044a0       0x30 ./SDK/platform/drivers/src/lpspi/lpspi_shared_function.o
                0x000044a0                LPSPI_DRV_DisableTEIEInterrupts
 .text.LPSPI_DRV_SlaveAbortTransfer
                0x000044d0       0x74 ./SDK/platform/drivers/src/lpspi/lpspi_slave_driver.o
                0x000044d0                LPSPI_DRV_SlaveAbortTransfer
 .text.LPSPI_DRV_SlaveIRQHandler
                0x00004544       0xd4 ./SDK/platform/drivers/src/lpspi/lpspi_slave_driver.o
                0x00004544                LPSPI_DRV_SlaveIRQHandler
 .text.lptmr_GetClkFreq
                0x00004618       0x32 ./SDK/platform/drivers/src/lptmr/lptmr_driver.o
 *fill*         0x0000464a        0x2 
 .text.LPTMR_DRV_SetConfig
                0x0000464c      0x1d0 ./SDK/platform/drivers/src/lptmr/lptmr_driver.o
                0x0000464c                LPTMR_DRV_SetConfig
 .text.LPTMR_DRV_Init
                0x0000481c       0x20 ./SDK/platform/drivers/src/lptmr/lptmr_driver.o
                0x0000481c                LPTMR_DRV_Init
 .text.LPTMR_DRV_ClearCompareFlag
                0x0000483c       0x14 ./SDK/platform/drivers/src/lptmr/lptmr_driver.o
                0x0000483c                LPTMR_DRV_ClearCompareFlag
 .text.LPTMR_DRV_SetInterrupt
                0x00004850       0x1c ./SDK/platform/drivers/src/lptmr/lptmr_driver.o
                0x00004850                LPTMR_DRV_SetInterrupt
 .text.LPTMR_DRV_StartCounter
                0x0000486c       0x14 ./SDK/platform/drivers/src/lptmr/lptmr_driver.o
                0x0000486c                LPTMR_DRV_StartCounter
 .text.LPTMR_Init
                0x00004880       0x12 ./SDK/platform/drivers/src/lptmr/lptmr_hw_access.o
                0x00004880                LPTMR_Init
 *fill*         0x00004892        0x2 
 .text.LPUART_DRV_StartSendDataUsingInt
                0x00004894       0x4c ./SDK/platform/drivers/src/lpuart/lpuart_driver.o
 .text.LPUART_DRV_StartSendDataUsingDma
                0x000048e0       0x80 ./SDK/platform/drivers/src/lpuart/lpuart_driver.o
 .text.LPUART_DRV_CompleteSendDataUsingInt
                0x00004960       0x64 ./SDK/platform/drivers/src/lpuart/lpuart_driver.o
 .text.LPUART_DRV_StopTxDma
                0x000049c4       0x64 ./SDK/platform/drivers/src/lpuart/lpuart_driver.o
 .text.LPUART_DRV_TxDmaCallback
                0x00004a28       0x74 ./SDK/platform/drivers/src/lpuart/lpuart_driver.o
 .text.LPUART_DRV_PutData
                0x00004a9c       0x44 ./SDK/platform/drivers/src/lpuart/lpuart_driver.o
 .text.LPUART_DRV_CompleteReceiveDataUsingInt
                0x00004ae0       0x64 ./SDK/platform/drivers/src/lpuart/lpuart_driver.o
 .text.LPUART_DRV_StopRxDma
                0x00004b44       0x64 ./SDK/platform/drivers/src/lpuart/lpuart_driver.o
 .text.LPUART_DRV_GetData
                0x00004ba8       0x5c ./SDK/platform/drivers/src/lpuart/lpuart_driver.o
 .text.LPUART_DRV_SendData
                0x00004c04       0x24 ./SDK/platform/drivers/src/lpuart/lpuart_driver.o
                0x00004c04                LPUART_DRV_SendData
 .text.LPUART_DRV_SetBaudRate
                0x00004c28       0xd4 ./SDK/platform/drivers/src/lpuart/lpuart_driver.o
                0x00004c28                LPUART_DRV_SetBaudRate
 .text.LPUART_DRV_Init
                0x00004cfc       0xe0 ./SDK/platform/drivers/src/lpuart/lpuart_driver.o
                0x00004cfc                LPUART_DRV_Init
 .text.LPUART_DRV_IRQHandler
                0x00004ddc      0x2a8 ./SDK/platform/drivers/src/lpuart/lpuart_driver.o
                0x00004ddc                LPUART_DRV_IRQHandler
 .text.LPUART_Init
                0x00005084       0x24 ./SDK/platform/drivers/src/lpuart/lpuart_hw_access.o
                0x00005084                LPUART_Init
 .text.LPUART_SetBitCountPerChar
                0x000050a8       0x30 ./SDK/platform/drivers/src/lpuart/lpuart_hw_access.o
                0x000050a8                LPUART_SetBitCountPerChar
 .text.LPUART_SetParityMode
                0x000050d8       0x1e ./SDK/platform/drivers/src/lpuart/lpuart_hw_access.o
                0x000050d8                LPUART_SetParityMode
 .text.LPUART_Putchar9
                0x000050f6       0x16 ./SDK/platform/drivers/src/lpuart/lpuart_hw_access.o
                0x000050f6                LPUART_Putchar9
 .text.LPUART_Putchar10
                0x0000510c       0x22 ./SDK/platform/drivers/src/lpuart/lpuart_hw_access.o
                0x0000510c                LPUART_Putchar10
 .text.LPUART_Getchar9
                0x0000512e       0x12 ./SDK/platform/drivers/src/lpuart/lpuart_hw_access.o
                0x0000512e                LPUART_Getchar9
 .text.LPUART_Getchar10
                0x00005140       0x1e ./SDK/platform/drivers/src/lpuart/lpuart_hw_access.o
                0x00005140                LPUART_Getchar10
 .text.LPUART_SetIntMode
                0x0000515e       0x70 ./SDK/platform/drivers/src/lpuart/lpuart_hw_access.o
                0x0000515e                LPUART_SetIntMode
 .text.LPUART_GetIntMode
                0x000051ce       0x4a ./SDK/platform/drivers/src/lpuart/lpuart_hw_access.o
                0x000051ce                LPUART_GetIntMode
 .text.LPUART_GetStatusFlag
                0x00005218       0x48 ./SDK/platform/drivers/src/lpuart/lpuart_hw_access.o
                0x00005218                LPUART_GetStatusFlag
 .text.LPUART_SetErrorInterrupts
                0x00005260       0x40 ./SDK/platform/drivers/src/lpuart/lpuart_hw_access.o
                0x00005260                LPUART_SetErrorInterrupts
 .text.LPUART0_IrqHandler
                0x000052a0        0xa ./SDK/platform/drivers/src/lpuart/lpuart_irq.o
                0x000052a0                LPUART0_IrqHandler
 .text.LPUART1_IrqHandler
                0x000052aa        0xa ./SDK/platform/drivers/src/lpuart/lpuart_irq.o
                0x000052aa                LPUART1_IrqHandler
 .text.LPUART2_IrqHandler
                0x000052b4        0xa ./SDK/platform/drivers/src/lpuart/lpuart_irq.o
                0x000052b4                LPUART2_IrqHandler
 .text.PINS_DRV_Init
                0x000052be       0x20 ./SDK/platform/drivers/src/pins/pins_driver.o
                0x000052be                PINS_DRV_Init
 .text.PINS_DRV_SetPins
                0x000052de        0x4 ./SDK/platform/drivers/src/pins/pins_driver.o
                0x000052de                PINS_DRV_SetPins
 .text.PINS_DRV_ClearPins
                0x000052e2        0x4 ./SDK/platform/drivers/src/pins/pins_driver.o
                0x000052e2                PINS_DRV_ClearPins
 *fill*         0x000052e6        0x2 
 .text.PINS_GetAdcInterleaveVal
                0x000052e8       0x70 ./SDK/platform/drivers/src/pins/pins_port_hw_access.o
 .text.PINS_Init
                0x00005358      0x114 ./SDK/platform/drivers/src/pins/pins_port_hw_access.o
                0x00005358                PINS_Init
 .text.SysTick_Handler
                0x0000546c       0x10 ./SDK/rtos/osif/osif_baremetal.o
                0x0000546c                SysTick_Handler
 .text.OSIF_TimeDelay
                0x0000547c       0x50 ./SDK/rtos/osif/osif_baremetal.o
                0x0000547c                OSIF_TimeDelay
 .text.OSIF_GetMilliseconds
                0x000054cc        0xc ./SDK/rtos/osif/osif_baremetal.o
                0x000054cc                OSIF_GetMilliseconds
 .text.OSIF_SemaPost
                0x000054d8       0x26 ./SDK/rtos/osif/osif_baremetal.o
                0x000054d8                OSIF_SemaPost
 .text.OSIF_SemaCreate
                0x000054fe       0x14 ./SDK/rtos/osif/osif_baremetal.o
                0x000054fe                OSIF_SemaCreate
 .text.OSIF_SemaDestroy
                0x00005512        0x4 ./SDK/rtos/osif/osif_baremetal.o
                0x00005512                OSIF_SemaDestroy
 *fill*         0x00005516        0x2 
 .text.can0_callback
                0x00005518       0x94 ./Sources/can0.o
                0x00005518                can0_callback
 .text.can0_config
                0x000055ac      0x104 ./Sources/can0.o
                0x000055ac                can0_config
 .text.sending_data_to_brake
                0x000056b0       0xc0 ./Sources/can0.o
                0x000056b0                sending_data_to_brake
 .text.can1_callback
                0x00005770      0x460 ./Sources/can1.o
                0x00005770                can1_callback
 .text.can1_config
                0x00005bd0      0x1a8 ./Sources/can1.o
                0x00005bd0                can1_config
 .text.can2_callback
                0x00005d78      0x178 ./Sources/can2.o
                0x00005d78                can2_callback
 .text.can2_config
                0x00005ef0       0xb4 ./Sources/can2.o
                0x00005ef0                can2_config
 .text.timer_for_10ms
                0x00005fa4      0x2c4 ./Sources/lptimer.o
                0x00005fa4                timer_for_10ms
 .text.timer_config
                0x00006268       0x34 ./Sources/lptimer.o
                0x00006268                timer_config
 .text.main     0x0000629c       0xd0 ./Sources/main.o
                0x0000629c                main
 .text.PID_Init
                0x0000636c       0x4e ./Sources/pid.o
                0x0000636c                PID_Init
 .text.PID_Compute
                0x000063ba      0x174 ./Sources/pid.o
                0x000063ba                PID_Compute
 .text.PID_SetMode
                0x0000652e       0x1e ./Sources/pid.o
                0x0000652e                PID_SetMode
 .text.PID_SetOutputLimits
                0x0000654c       0x92 ./Sources/pid.o
                0x0000654c                PID_SetOutputLimits
 *fill*         0x000065de        0x2 
 .text.PID_SetTunings2
                0x000065e0       0xe8 ./Sources/pid.o
                0x000065e0                PID_SetTunings2
 .text.PID_SetControllerDirection
                0x000066c8       0x44 ./Sources/pid.o
                0x000066c8                PID_SetControllerDirection
 *fill*         0x0000670c        0x4 
 .text.PID      0x00006710       0x88 ./Sources/pid.o
                0x00006710                PID
 .text.PID_SetSampleTime
                0x00006798       0x4c ./Sources/pid.o
                0x00006798                PID_SetSampleTime
 .text.pin_config
                0x000067e4       0x3c ./Sources/pin_config.o
                0x000067e4                pin_config
 .text.spi0_config
                0x00006820       0x40 ./Sources/spi0.o
                0x00006820                spi0_config
 .text.MCP4921_SetOutput
                0x00006860       0x3c ./Sources/spi0.o
                0x00006860                MCP4921_SetOutput
 *fill*         0x0000689c        0x4 
 .text.pid_config
                0x000068a0       0x94 ./Sources/spi0.o
                0x000068a0                pid_config
 .text.syst_clk
                0x00006934       0x3c ./Sources/syst_clk.o
                0x00006934                syst_clk
 .text.diagnosis
                0x00006970       0x2c ./Sources/system_states.o
                0x00006970                diagnosis
 .text.sending_data_to_bms
                0x0000699c       0x54 ./Sources/system_states.o
                0x0000699c                sending_data_to_bms
 .text.sending_data_to_pdu
                0x000069f0       0xac ./Sources/system_states.o
                0x000069f0                sending_data_to_pdu
 .text.sending_data_to_obc
                0x00006a9c       0x80 ./Sources/system_states.o
                0x00006a9c                sending_data_to_obc
 .text.sending_data_to_obc_heart_beat
                0x00006b1c       0x6c ./Sources/system_states.o
                0x00006b1c                sending_data_to_obc_heart_beat
 .text.system_states
                0x00006b88      0x540 ./Sources/system_states.o
                0x00006b88                system_states
 .text.uart0_config
                0x000070c8       0x44 ./Sources/uart0.o
                0x000070c8                uart0_config
 .text.memset   0x0000710c       0x10 C:/NXP/S32DS_ARM_v2.2/S32DS/build_tools/gcc_v6.3/gcc-6.3-arm32-eabi/arm-none-eabi/newlib/lib/thumb/v7e-m/fpv4-sp/hard\libc_nano.a(lib_a-memset.o)
                0x0000710c                memset
 .text.snprintf
                0x0000711c       0x68 C:/NXP/S32DS_ARM_v2.2/S32DS/build_tools/gcc_v6.3/gcc-6.3-arm32-eabi/arm-none-eabi/newlib/lib/thumb/v7e-m/fpv4-sp/hard\libc_nano.a(lib_a-snprintf.o)
                0x0000711c                sniprintf
                0x0000711c                snprintf
 .text.__ssputs_r
                0x00007184       0xb6 C:/NXP/S32DS_ARM_v2.2/S32DS/build_tools/gcc_v6.3/gcc-6.3-arm32-eabi/arm-none-eabi/newlib/lib/thumb/v7e-m/fpv4-sp/hard\libc_nano.a(lib_a-nano-svfprintf.o)
                0x00007184                __ssputs_r
 *fill*         0x0000723a        0x2 
 .text._svfprintf_r
                0x0000723c      0x1e8 C:/NXP/S32DS_ARM_v2.2/S32DS/build_tools/gcc_v6.3/gcc-6.3-arm32-eabi/arm-none-eabi/newlib/lib/thumb/v7e-m/fpv4-sp/hard\libc_nano.a(lib_a-nano-svfprintf.o)
                0x0000723c                _svfiprintf_r
                0x0000723c                _svfprintf_r
 .text._printf_common
                0x00007424       0xec C:/NXP/S32DS_ARM_v2.2/S32DS/build_tools/gcc_v6.3/gcc-6.3-arm32-eabi/arm-none-eabi/newlib/lib/thumb/v7e-m/fpv4-sp/hard\libc_nano.a(lib_a-nano-vfprintf_i.o)
                0x00007424                _printf_common
 .text._printf_i
                0x00007510      0x240 C:/NXP/S32DS_ARM_v2.2/S32DS/build_tools/gcc_v6.3/gcc-6.3-arm32-eabi/arm-none-eabi/newlib/lib/thumb/v7e-m/fpv4-sp/hard\libc_nano.a(lib_a-nano-vfprintf_i.o)
                0x00007510                _printf_i
 .text.memcpy   0x00007750       0x16 C:/NXP/S32DS_ARM_v2.2/S32DS/build_tools/gcc_v6.3/gcc-6.3-arm32-eabi/arm-none-eabi/newlib/lib/thumb/v7e-m/fpv4-sp/hard\libc_nano.a(lib_a-memcpy-stub.o)
                0x00007750                memcpy
 .text.memmove  0x00007766       0x34 C:/NXP/S32DS_ARM_v2.2/S32DS/build_tools/gcc_v6.3/gcc-6.3-arm32-eabi/arm-none-eabi/newlib/lib/thumb/v7e-m/fpv4-sp/hard\libc_nano.a(lib_a-memmove.o)
                0x00007766                memmove
 *fill*         0x0000779a        0x2 
 .text._free_r  0x0000779c       0x9c C:/NXP/S32DS_ARM_v2.2/S32DS/build_tools/gcc_v6.3/gcc-6.3-arm32-eabi/arm-none-eabi/newlib/lib/thumb/v7e-m/fpv4-sp/hard\libc_nano.a(lib_a-nano-freer.o)
                0x0000779c                _free_r
 .text._malloc_r
                0x00007838       0xbc C:/NXP/S32DS_ARM_v2.2/S32DS/build_tools/gcc_v6.3/gcc-6.3-arm32-eabi/arm-none-eabi/newlib/lib/thumb/v7e-m/fpv4-sp/hard\libc_nano.a(lib_a-nano-mallocr.o)
                0x00007838                _malloc_r
 .text._realloc_r
                0x000078f4       0x4c C:/NXP/S32DS_ARM_v2.2/S32DS/build_tools/gcc_v6.3/gcc-6.3-arm32-eabi/arm-none-eabi/newlib/lib/thumb/v7e-m/fpv4-sp/hard\libc_nano.a(lib_a-nano-reallocr.o)
                0x000078f4                _realloc_r
 .text._sbrk_r  0x00007940       0x20 C:/NXP/S32DS_ARM_v2.2/S32DS/build_tools/gcc_v6.3/gcc-6.3-arm32-eabi/arm-none-eabi/newlib/lib/thumb/v7e-m/fpv4-sp/hard\libc_nano.a(lib_a-sbrkr.o)
                0x00007940                _sbrk_r
 .text.__malloc_lock
                0x00007960        0x2 C:/NXP/S32DS_ARM_v2.2/S32DS/build_tools/gcc_v6.3/gcc-6.3-arm32-eabi/arm-none-eabi/newlib/lib/thumb/v7e-m/fpv4-sp/hard\libc_nano.a(lib_a-mlock.o)
                0x00007960                __malloc_lock
 .text.__malloc_unlock
                0x00007962        0x2 C:/NXP/S32DS_ARM_v2.2/S32DS/build_tools/gcc_v6.3/gcc-6.3-arm32-eabi/arm-none-eabi/newlib/lib/thumb/v7e-m/fpv4-sp/hard\libc_nano.a(lib_a-mlock.o)
                0x00007962                __malloc_unlock
 .text._malloc_usable_size_r
                0x00007964       0x12 C:/NXP/S32DS_ARM_v2.2/S32DS/build_tools/gcc_v6.3/gcc-6.3-arm32-eabi/arm-none-eabi/newlib/lib/thumb/v7e-m/fpv4-sp/hard\libc_nano.a(lib_a-nano-msizer.o)
                0x00007964                _malloc_usable_size_r
 *fill*         0x00007976        0x2 
 .text._sbrk    0x00007978       0x1c C:/NXP/S32DS_ARM_v2.2/S32DS/build_tools/gcc_v6.3/gcc-6.3-arm32-eabi/arm-none-eabi/newlib/lib/thumb/v7e-m/fpv4-sp/hard\libnosys.a(sbrk.o)
                0x00007978                _sbrk
 *(.rodata)
 *(.rodata*)
 .rodata.canCom1_InitConfig0
                0x00007994       0x38 ./Generated_Code/canCom1.o
                0x00007994                canCom1_InitConfig0
 .rodata.canCom2_InitConfig0
                0x000079cc       0x38 ./Generated_Code/canCom2.o
                0x000079cc                canCom2_InitConfig0
 .rodata.canCom3_InitConfig0
                0x00007a04       0x38 ./Generated_Code/canCom3.o
                0x00007a04                canCom3_InitConfig0
 .rodata.lpTmr1_config0
                0x00007a3c       0x10 ./Generated_Code/lpTmr1.o
                0x00007a3c                lpTmr1_config0
 .rodata.lpspiCom1_MasterConfig0
                0x00007a4c       0x20 ./Generated_Code/lpspiCom1.o
                0x00007a4c                lpspiCom1_MasterConfig0
 .rodata.lpuart1_InitConfig0
                0x00007a6c        0xc ./Generated_Code/lpuart1.o
                0x00007a6c                lpuart1_InitConfig0
 .rodata.clockNameMappings
                0x00007a78       0x9e ./SDK/platform/drivers/src/clock/S32K1xx/clock_S32K1xx.o
                0x00007a78                clockNameMappings
 *fill*         0x00007b16        0x2 
 .rodata.maxSysClksInHSRUN.7598
                0x00007b18       0x54 ./SDK/platform/drivers/src/clock/S32K1xx/clock_S32K1xx.o
 .rodata.maxSysClksInRUN.7597
                0x00007b6c       0x54 ./SDK/platform/drivers/src/clock/S32K1xx/clock_S32K1xx.o
 .rodata.maxSysClksInVLPR.7596
                0x00007bc0       0x54 ./SDK/platform/drivers/src/clock/S32K1xx/clock_S32K1xx.o
 .rodata.peripheralFeaturesList
                0x00007c14       0x4f ./SDK/platform/drivers/src/clock/S32K1xx/clock_S32K1xx.o
                0x00007c14                peripheralFeaturesList
 *fill*         0x00007c63        0x1 
 .rodata.g_flexcanBase
                0x00007c64        0xc ./SDK/platform/drivers/src/flexcan/flexcan_driver.o
 .rodata.g_flexcanBusOffIrqId
                0x00007c70        0x3 ./SDK/platform/drivers/src/flexcan/flexcan_driver.o
 *fill*         0x00007c73        0x1 
 .rodata.g_flexcanErrorIrqId
                0x00007c74        0x3 ./SDK/platform/drivers/src/flexcan/flexcan_driver.o
 *fill*         0x00007c77        0x1 
 .rodata.g_flexcanOredMessageBufferIrqId
                0x00007c78        0x6 ./SDK/platform/drivers/src/flexcan/flexcan_driver.o
 *fill*         0x00007c7e        0x2 
 .rodata.g_flexcanWakeUpIrqId
                0x00007c80        0x3 ./SDK/platform/drivers/src/flexcan/flexcan_driver.o
 *fill*         0x00007c83        0x1 
 .rodata.payload_code.7337
                0x00007c84       0x41 ./SDK/platform/drivers/src/flexcan/flexcan_hw_access.o
 *fill*         0x00007cc5        0x3 
 .rodata.s_baudratePrescaler
                0x00007cc8       0x20 ./SDK/platform/drivers/src/lpspi/lpspi_hw_access.o
 .rodata.s_lpuartBase
                0x00007ce8        0xc ./SDK/platform/drivers/src/lpuart/lpuart_driver.o
 .rodata.s_lpuartClkNames
                0x00007cf4        0x3 ./SDK/platform/drivers/src/lpuart/lpuart_driver.o
 *fill*         0x00007cf7        0x1 
 .rodata.s_lpuartRxTxIrqId
                0x00007cf8        0x3 ./SDK/platform/drivers/src/lpuart/lpuart_driver.o
 *fill*         0x00007cfb        0x1 
 .rodata.timer_for_10ms.str1.4
                0x00007cfc       0x72 ./Sources/lptimer.o
 *fill*         0x00007d6e        0x2 
 .rodata.system_states.str1.4
                0x00007d70       0x8c ./Sources/system_states.o
 .rodata._svfprintf_r.str1.1
                0x00007dfc       0x11 C:/NXP/S32DS_ARM_v2.2/S32DS/build_tools/gcc_v6.3/gcc-6.3-arm32-eabi/arm-none-eabi/newlib/lib/thumb/v7e-m/fpv4-sp/hard\libc_nano.a(lib_a-nano-svfprintf.o)
 .rodata._printf_i.str1.1
                0x00007e0d       0x22 C:/NXP/S32DS_ARM_v2.2/S32DS/build_tools/gcc_v6.3/gcc-6.3-arm32-eabi/arm-none-eabi/newlib/lib/thumb/v7e-m/fpv4-sp/hard\libc_nano.a(lib_a-nano-vfprintf_i.o)
 *(.init)
 *fill*         0x00007e2f        0x1 
 .init          0x00007e30        0x4 c:/nxp/s32ds_arm_v2.2/s32ds/build_tools/gcc_v6.3/gcc-6.3-arm32-eabi/bin/../lib/gcc/arm-none-eabi/6.3.1/thumb/v7e-m/fpv4-sp/hard/crti.o
                0x00007e30                _init
 *(.fini)
 .fini          0x00007e34        0x4 c:/nxp/s32ds_arm_v2.2/s32ds/build_tools/gcc_v6.3/gcc-6.3-arm32-eabi/bin/../lib/gcc/arm-none-eabi/6.3.1/thumb/v7e-m/fpv4-sp/hard/crti.o
                0x00007e34                _fini
 *(.eh_frame)
                0x00007e38                . = ALIGN (0x4)

.glue_7         0x00007e38        0x0
 .glue_7        0x00007e38        0x0 linker stubs

.glue_7t        0x00007e38        0x0
 .glue_7t       0x00007e38        0x0 linker stubs

.vfp11_veneer   0x00007e38        0x0
 .vfp11_veneer  0x00007e38        0x0 linker stubs

.v4_bx          0x00007e38        0x0
 .v4_bx         0x00007e38        0x0 linker stubs

.iplt           0x00007e38        0x0
 .iplt          0x00007e38        0x0 c:/nxp/s32ds_arm_v2.2/s32ds/build_tools/gcc_v6.3/gcc-6.3-arm32-eabi/bin/../lib/gcc/arm-none-eabi/6.3.1/thumb/v7e-m/fpv4-sp/hard/crtbegin.o

.ARM            0x00007e38        0x8
                0x00007e38                __exidx_start = .
 *(.ARM.exidx*)
 .ARM.exidx     0x00007e38        0x8 c:/nxp/s32ds_arm_v2.2/s32ds/build_tools/gcc_v6.3/gcc-6.3-arm32-eabi/bin/../lib/gcc/arm-none-eabi/6.3.1/thumb/v7e-m/fpv4-sp/hard\libgcc.a(_udivmoddi4.o)
                0x00007e40                __exidx_end = .
                0x00007e40                __etext = .
                0x00007e40                __DATA_ROM = .

.rel.dyn        0x00007e40        0x0
 .rel.iplt      0x00007e40        0x0 c:/nxp/s32ds_arm_v2.2/s32ds/build_tools/gcc_v6.3/gcc-6.3-arm32-eabi/bin/../lib/gcc/arm-none-eabi/6.3.1/thumb/v7e-m/fpv4-sp/hard/crtbegin.o

.interrupts_ram
                0x1fff8000      0x400
                0x1fff8000                . = ALIGN (0x4)
                0x1fff8000                __VECTOR_RAM__ = .
                0x1fff8000                __RAM_START = .
                0x1fff8000                __interrupts_ram_start__ = .
 *(.m_interrupts_ram)
                0x1fff8400                . = (. + M_VECTOR_RAM_SIZE)
 *fill*         0x1fff8000      0x400 
                0x1fff8400                . = ALIGN (0x4)
                0x1fff8400                __interrupts_ram_end__ = .
                0x1fff8000                __VECTOR_RAM = DEFINED (__flash_vector_table__)?ORIGIN (m_interrupts):__VECTOR_RAM__
                0x00000400                __RAM_VECTOR_TABLE_SIZE = DEFINED (__flash_vector_table__)?0x0:(__interrupts_ram_end__ - __interrupts_ram_start__)

.data           0x1fff8400      0x550 load address 0x00007e40
                0x1fff8400                . = ALIGN (0x4)
                0x1fff8400                __DATA_RAM = .
                0x1fff8400                __data_start__ = .
 *(.data)
 *(.data*)
 .data.clockMan1_InitConfig0
                0x1fff8400       0x78 ./Generated_Code/clockMan1.o
                0x1fff8400                clockMan1_InitConfig0
 .data.peripheralClockConfig0
                0x1fff8478       0x64 ./Generated_Code/clockMan1.o
                0x1fff8478                peripheralClockConfig0
 .data.g_pin_mux_InitConfigArr
                0x1fff84dc      0x1b0 ./Generated_Code/pin_mux.o
                0x1fff84dc                g_pin_mux_InitConfigArr
 .data.peripheralClockConfig.7360
                0x1fff868c       0xa0 ./SDK/platform/drivers/src/clock/S32K1xx/clock_S32K1xx.o
 .data.g_lpspiBase
                0x1fff872c        0xc ./SDK/platform/drivers/src/lpspi/lpspi_shared_function.o
                0x1fff872c                g_lpspiBase
 .data.g_lpspiIrqId
                0x1fff8738        0x3 ./SDK/platform/drivers/src/lpspi/lpspi_shared_function.o
                0x1fff8738                g_lpspiIrqId
 *fill*         0x1fff873b        0x1 
 .data.g_lpuartIsr
                0x1fff873c        0xc ./SDK/platform/drivers/src/lpuart/lpuart_irq.o
                0x1fff873c                g_lpuartIsr
 .data.can0     0x1fff8748        0xc ./Sources/can0.o
                0x1fff8748                can0
 *fill*         0x1fff8754        0x4 
 .data.bms      0x1fff8758       0x40 ./Sources/can1.o
                0x1fff8758                bms
 .data.brake    0x1fff8798       0x40 ./Sources/can1.o
                0x1fff8798                brake
 .data.can1     0x1fff87d8        0xc ./Sources/can1.o
                0x1fff87d8                can1
 *fill*         0x1fff87e4        0x4 
 .data.mcu      0x1fff87e8       0x40 ./Sources/can1.o
                0x1fff87e8                mcu
 .data.obc      0x1fff8828       0x40 ./Sources/can1.o
                0x1fff8828                obc
 .data.pdu      0x1fff8868       0x40 ./Sources/can1.o
                0x1fff8868                pdu
 .data.can2     0x1fff88a8        0xc ./Sources/can2.o
                0x1fff88a8                can2
 .data.pin_init_check
                0x1fff88b4        0x2 ./Sources/pin_config.o
                0x1fff88b4                pin_init_check
 *fill*         0x1fff88b6        0x2 
 .data.Setpoint
                0x1fff88b8        0x8 ./Sources/spi0.o
                0x1fff88b8                Setpoint
 .data.consKd   0x1fff88c0        0x8 ./Sources/spi0.o
                0x1fff88c0                consKd
 .data.consKi   0x1fff88c8        0x8 ./Sources/spi0.o
                0x1fff88c8                consKi
 .data.consKp   0x1fff88d0        0x8 ./Sources/spi0.o
                0x1fff88d0                consKp
 .data.spi0     0x1fff88d8        0xc ./Sources/spi0.o
                0x1fff88d8                spi0
 .data.clock_init_check
                0x1fff88e4        0x2 ./Sources/syst_clk.o
                0x1fff88e4                clock_init_check
 .data.obc_id   0x1fff88e6        0x1 ./Sources/system_states.o
                0x1fff88e6                obc_id
 .data.run_flag
                0x1fff88e7        0x1 ./Sources/system_states.o
                0x1fff88e7                run_flag
 .data.send_to_bms
                0x1fff88e8        0x1 ./Sources/system_states.o
                0x1fff88e8                send_to_bms
 .data.vcu_id   0x1fff88e9        0x1 ./Sources/system_states.o
                0x1fff88e9                vcu_id
 .data.uart_init_check
                0x1fff88ea        0x2 ./Sources/uart0.o
                0x1fff88ea                uart_init_check
 .data._impure_ptr
                0x1fff88ec        0x4 C:/NXP/S32DS_ARM_v2.2/S32DS/build_tools/gcc_v6.3/gcc-6.3-arm32-eabi/arm-none-eabi/newlib/lib/thumb/v7e-m/fpv4-sp/hard\libc_nano.a(lib_a-impure.o)
                0x1fff88ec                _impure_ptr
 .data.impure_data
                0x1fff88f0       0x60 C:/NXP/S32DS_ARM_v2.2/S32DS/build_tools/gcc_v6.3/gcc-6.3-arm32-eabi/arm-none-eabi/newlib/lib/thumb/v7e-m/fpv4-sp/hard\libc_nano.a(lib_a-impure.o)
                0x1fff8950                . = ALIGN (0x4)
                0x1fff8950                __data_end__ = .
                0x00008390                __DATA_END = (__DATA_ROM + (__data_end__ - __data_start__))
                0x00008390                __CODE_ROM = __DATA_END

.igot.plt       0x1fff8950        0x0 load address 0x00008390
 .igot.plt      0x1fff8950        0x0 c:/nxp/s32ds_arm_v2.2/s32ds/build_tools/gcc_v6.3/gcc-6.3-arm32-eabi/bin/../lib/gcc/arm-none-eabi/6.3.1/thumb/v7e-m/fpv4-sp/hard/crtbegin.o

.code           0x1fff8950        0x0 load address 0x00008390
                0x1fff8950                . = ALIGN (0x4)
                0x1fff8950                __CODE_RAM = .
                0x1fff8950                __code_start__ = .
                0x1fff8950                __code_ram_start__ = .
 *(.code_ram)
                0x1fff8950                . = ALIGN (0x4)
                0x1fff8950                __code_end__ = .
                0x1fff8950                __code_ram_end__ = .
                0x00008390                __CODE_END = (__CODE_ROM + (__code_end__ - __code_start__))
                0x00008390                __CUSTOM_ROM = __CODE_END

.customSectionBlock
                0x20000000        0x0 load address 0x00008390
                0x20000000                __customSection_start__ = .
 *(.customSection)
                0x20000000                __customSection_end__ = .
                0x00008390                __CUSTOM_END = (__CUSTOM_ROM + (__customSection_end__ - __customSection_start__))

.bss            0x20000000      0x700
                0x20000000                . = ALIGN (0x4)
                0x20000000                __BSS_START = .
                0x20000000                __bss_start__ = .
 *(.bss)
 *(.bss*)
 .bss.canCom1_State
                0x20000000      0x114 ./Generated_Code/canCom1.o
                0x20000000                canCom1_State
 .bss.canCom2_State
                0x20000114      0x114 ./Generated_Code/canCom2.o
                0x20000114                canCom2_State
 .bss.canCom3_State
                0x20000228      0x114 ./Generated_Code/canCom3.o
                0x20000228                canCom3_State
 .bss.lpspiCom1State
                0x2000033c       0x34 ./Generated_Code/lpspiCom1.o
                0x2000033c                lpspiCom1State
 .bss.lpuart1_State
                0x20000370       0x34 ./Generated_Code/lpuart1.o
                0x20000370                lpuart1_State
 .bss.g_RtcClkInFreq
                0x200003a4        0x4 ./SDK/platform/drivers/src/clock/S32K1xx/clock_S32K1xx.o
                0x200003a4                g_RtcClkInFreq
 .bss.g_TClkFreq
                0x200003a8        0xc ./SDK/platform/drivers/src/clock/S32K1xx/clock_S32K1xx.o
                0x200003a8                g_TClkFreq
 .bss.g_xtal0ClkFreq
                0x200003b4        0x4 ./SDK/platform/drivers/src/clock/S32K1xx/clock_S32K1xx.o
                0x200003b4                g_xtal0ClkFreq
 .bss.s_virtEdmaState
                0x200003b8        0x4 ./SDK/platform/drivers/src/edma/edma_driver.o
 .bss.g_flexcanStatePtr
                0x200003bc        0xc ./SDK/platform/drivers/src/flexcan/flexcan_driver.o
 .bss.g_interruptDisableCount
                0x200003c8        0x4 ./SDK/platform/drivers/src/interrupt/interrupt_manager.o
 .bss.g_lpspiStatePtr
                0x200003cc        0xc ./SDK/platform/drivers/src/lpspi/lpspi_shared_function.o
                0x200003cc                g_lpspiStatePtr
 .bss.s_lpuartStatePtr
                0x200003d8        0xc ./SDK/platform/drivers/src/lpuart/lpuart_driver.o
 .bss.s_osif_tick_cnt
                0x200003e4        0x4 ./SDK/rtos/osif/osif_baremetal.o
 .bss.byte_5    0x200003e8        0x1 ./Sources/can0.o
                0x200003e8                byte_5
 .bss.byte_6    0x200003e9        0x1 ./Sources/can0.o
                0x200003e9                byte_6
 *fill*         0x200003ea        0x2 
 .bss.can0_data_init
                0x200003ec        0xc ./Sources/can0.o
                0x200003ec                can0_data_init
 .bss.can0_data_init_std
                0x200003f8        0xc ./Sources/can0.o
                0x200003f8                can0_data_init_std
 .bss.count_inc
                0x20000404        0x1 ./Sources/can0.o
                0x20000404                count_inc
 *fill*         0x20000405        0x1 
 .bss.dec_u16   0x20000406        0x2 ./Sources/can0.o
                0x20000406                dec_u16
 .bss.ones_comp_u16
                0x20000408        0x2 ./Sources/can0.o
                0x20000408                ones_comp_u16
 .bss.press_bar
                0x2000040a        0x1 ./Sources/can0.o
                0x2000040a                press_bar
 .bss.press_valid
                0x2000040b        0x1 ./Sources/can0.o
                0x2000040b                press_valid
 .bss.rx_can0_init
                0x2000040c       0x4c ./Sources/can0.o
                0x2000040c                rx_can0_init
 .bss.rx_can0_init_std
                0x20000458       0x4c ./Sources/can0.o
                0x20000458                rx_can0_init_std
 .bss.twos_comp_u16
                0x200004a4        0x2 ./Sources/can0.o
                0x200004a4                twos_comp_u16
 .bss.Motor_rpm
                0x200004a6        0x1 ./Sources/can1.o
                0x200004a6                Motor_rpm
 *fill*         0x200004a7        0x1 
 .bss.applied_press
                0x200004a8        0x2 ./Sources/can1.o
                0x200004a8                applied_press
 *fill*         0x200004aa        0x2 
 .bss.can1_data_init
                0x200004ac        0xc ./Sources/can1.o
                0x200004ac                can1_data_init
 .bss.can1_data_init_std
                0x200004b8        0xc ./Sources/can1.o
                0x200004b8                can1_data_init_std
 .bss.dc_dc_on  0x200004c4        0x1 ./Sources/can1.o
                0x200004c4                dc_dc_on
 .bss.diagnosis_on
                0x200004c5        0x1 ./Sources/can1.o
                0x200004c5                diagnosis_on
 .bss.diagnosis_success
                0x200004c6        0x1 ./Sources/can1.o
                0x200004c6                diagnosis_success
 .bss.eps_on    0x200004c7        0x1 ./Sources/can1.o
                0x200004c7                eps_on
 .bss.error_in_dc_dc
                0x200004c8        0x1 ./Sources/can1.o
                0x200004c8                error_in_dc_dc
 .bss.error_in_eps
                0x200004c9        0x1 ./Sources/can1.o
                0x200004c9                error_in_eps
 .bss.error_in_imd
                0x200004ca        0x1 ./Sources/can1.o
                0x200004ca                error_in_imd
 *fill*         0x200004cb        0x1 
 .bss.i         0x200004cc        0x2 ./Sources/can1.o
                0x200004cc                i
 .bss.imd_on    0x200004ce        0x1 ./Sources/can1.o
                0x200004ce                imd_on
 .bss.rfid_tag  0x200004cf        0x1 ./Sources/can1.o
                0x200004cf                rfid_tag
 .bss.rx_can1_init
                0x200004d0       0x4c ./Sources/can1.o
                0x200004d0                rx_can1_init
 .bss.rx_can1_init_std
                0x2000051c       0x4c ./Sources/can1.o
                0x2000051c                rx_can1_init_std
 .bss.wake_up_success
                0x20000568        0x1 ./Sources/can1.o
                0x20000568                wake_up_success
 *fill*         0x20000569        0x3 
 .bss.can2_data_init
                0x2000056c        0xc ./Sources/can2.o
                0x2000056c                can2_data_init
 .bss.rx_can2_init
                0x20000578       0x4c ./Sources/can2.o
                0x20000578                rx_can2_init
 .bss.pin_check
                0x200005c4        0x1 ./Sources/pin_config.o
                0x200005c4                pin_check
 *fill*         0x200005c5        0x3 
 .bss.Input     0x200005c8        0x8 ./Sources/spi0.o
                0x200005c8                Input
 .bss.Output    0x200005d0        0x8 ./Sources/spi0.o
                0x200005d0                Output
 .bss.TPID      0x200005d8       0x70 ./Sources/spi0.o
                0x200005d8                TPID
 .bss.clock_check
                0x20000648        0x1 ./Sources/syst_clk.o
                0x20000648                clock_check
 .bss.Critical_System_Status
                0x20000649        0x1 ./Sources/system_states.o
                0x20000649                Critical_System_Status
 .bss.brake_data_send
                0x2000064a        0x1 ./Sources/system_states.o
                0x2000064a                brake_data_send
 .bss.brake_initial_check
                0x2000064b        0x1 ./Sources/system_states.o
                0x2000064b                brake_initial_check
 .bss.brake_initial_count
                0x2000064c        0x4 ./Sources/system_states.o
                0x2000064c                brake_initial_count
 .bss.charger_contactor_state
                0x20000650        0x1 ./Sources/system_states.o
                0x20000650                charger_contactor_state
 .bss.current_state
                0x20000651        0x1 ./Sources/system_states.o
                0x20000651                current_state
 .bss.data_byte
                0x20000652        0x1 ./Sources/system_states.o
                0x20000652                data_byte
 .bss.dc_dc_state
                0x20000653        0x1 ./Sources/system_states.o
                0x20000653                dc_dc_state
 .bss.feedback_from_pdu
                0x20000654        0x1 ./Sources/system_states.o
                0x20000654                feedback_from_pdu
 .bss.hvac_state
                0x20000655        0x1 ./Sources/system_states.o
                0x20000655                hvac_state
 .bss.mcu_data_check
                0x20000656        0x1 ./Sources/system_states.o
                0x20000656                mcu_data_check
 .bss.mcu_start_tmr_check
                0x20000657        0x1 ./Sources/system_states.o
                0x20000657                mcu_start_tmr_check
 .bss.motor_check_on
                0x20000658        0x1 ./Sources/system_states.o
                0x20000658                motor_check_on
 .bss.motor_state
                0x20000659        0x1 ./Sources/system_states.o
                0x20000659                motor_state
 *fill*         0x2000065a        0x2 
 .bss.obc_hb_count
                0x2000065c        0x4 ./Sources/system_states.o
                0x2000065c                obc_hb_count
 .bss.obj_dect  0x20000660        0x1 ./Sources/system_states.o
                0x20000660                obj_dect
 .bss.obj_detection
                0x20000661        0x1 ./Sources/system_states.o
                0x20000661                obj_detection
 .bss.pid_enable
                0x20000662        0x1 ./Sources/system_states.o
                0x20000662                pid_enable
 *fill*         0x20000663        0x1 
 .bss.pid_time_count
                0x20000664        0x4 ./Sources/system_states.o
                0x20000664                pid_time_count
 .bss.rpm       0x20000668        0x1 ./Sources/system_states.o
                0x20000668                rpm
 .bss.send_data_to_pdu_flag
                0x20000669        0x1 ./Sources/system_states.o
                0x20000669                send_data_to_pdu_flag
 .bss.state_status
                0x2000066a        0x1 ./Sources/system_states.o
                0x2000066a                state_status
 .bss.steering_check
                0x2000066b        0x1 ./Sources/system_states.o
                0x2000066b                steering_check
 .bss.tx_buff   0x2000066c       0x80 ./Sources/system_states.o
                0x2000066c                tx_buff
 .bss.uart_check
                0x200006ec        0x1 ./Sources/uart0.o
                0x200006ec                uart_check
 *fill*         0x200006ed        0x3 
 .bss.__malloc_free_list
                0x200006f0        0x4 C:/NXP/S32DS_ARM_v2.2/S32DS/build_tools/gcc_v6.3/gcc-6.3-arm32-eabi/arm-none-eabi/newlib/lib/thumb/v7e-m/fpv4-sp/hard\libc_nano.a(lib_a-nano-mallocr.o)
                0x200006f0                __malloc_free_list
 .bss.__malloc_sbrk_start
                0x200006f4        0x4 C:/NXP/S32DS_ARM_v2.2/S32DS/build_tools/gcc_v6.3/gcc-6.3-arm32-eabi/arm-none-eabi/newlib/lib/thumb/v7e-m/fpv4-sp/hard\libc_nano.a(lib_a-nano-mallocr.o)
                0x200006f4                __malloc_sbrk_start
 .bss.heap_end.5365
                0x200006f8        0x4 C:/NXP/S32DS_ARM_v2.2/S32DS/build_tools/gcc_v6.3/gcc-6.3-arm32-eabi/arm-none-eabi/newlib/lib/thumb/v7e-m/fpv4-sp/hard\libnosys.a(sbrk.o)
 *(COMMON)
 COMMON         0x200006fc        0x4 C:/NXP/S32DS_ARM_v2.2/S32DS/build_tools/gcc_v6.3/gcc-6.3-arm32-eabi/arm-none-eabi/newlib/lib/thumb/v7e-m/fpv4-sp/hard\libc_nano.a(lib_a-reent.o)
                0x200006fc                errno
                0x20000700                . = ALIGN (0x4)
                0x20000700                __bss_end__ = .
                0x20000700                __BSS_END = .

.heap           0x20000700      0x400
                0x20000700                . = ALIGN (0x8)
                0x20000700                __end__ = .
                0x20000700                __heap_start__ = .
                0x20000700                PROVIDE (end, .)
                [!provide]                PROVIDE (_end, .)
                [!provide]                PROVIDE (__end, .)
                0x20000700                __HeapBase = .
                0x20000b00                . = (. + HEAP_SIZE)
 *fill*         0x20000700      0x400 
                0x20000b00                __HeapLimit = .
                0x20000b00                __heap_limit = .
                0x20000b00                __heap_end__ = .
                0x20007000                __StackTop = (ORIGIN (m_data_2) + LENGTH (m_data_2))
                0x20006c00                __StackLimit = (__StackTop - STACK_SIZE)
                0x20007000                PROVIDE (__stack, __StackTop)
                0x20007000                __RAM_END = __StackTop

.stack          0x20006c00      0x400
                0x20006c00                . = ALIGN (0x8)
                0x20006c00                __stack_start__ = .
                0x20007000                . = (. + STACK_SIZE)
 *fill*         0x20006c00      0x400 
                0x20007000                __stack_end__ = .

.ARM.attributes
                0x00000000       0x30
 *(.ARM.attributes)
 .ARM.attributes
                0x00000000       0x22 c:/nxp/s32ds_arm_v2.2/s32ds/build_tools/gcc_v6.3/gcc-6.3-arm32-eabi/bin/../lib/gcc/arm-none-eabi/6.3.1/thumb/v7e-m/fpv4-sp/hard/crti.o
 .ARM.attributes
                0x00000022       0x39 ./Generated_Code/canCom1.o
 .ARM.attributes
                0x0000005b       0x39 ./Generated_Code/canCom2.o
 .ARM.attributes
                0x00000094       0x39 ./Generated_Code/canCom3.o
 .ARM.attributes
                0x000000cd       0x39 ./Generated_Code/clockMan1.o
 .ARM.attributes
                0x00000106       0x39 ./Generated_Code/lpTmr1.o
 .ARM.attributes
                0x0000013f       0x39 ./Generated_Code/lpspiCom1.o
 .ARM.attributes
                0x00000178       0x39 ./Generated_Code/lpuart1.o
 .ARM.attributes
                0x000001b1       0x39 ./Generated_Code/pin_mux.o
 .ARM.attributes
                0x000001ea       0x1f ./Project_Settings/Startup_Code/startup_S32K144.o
 .ARM.attributes
                0x00000209       0x39 ./SDK/platform/devices/S32K144/startup/system_S32K144.o
 .ARM.attributes
                0x00000242       0x39 ./SDK/platform/devices/startup.o
 .ARM.attributes
                0x0000027b       0x39 ./SDK/platform/drivers/src/clock/S32K1xx/clock_S32K1xx.o
 .ARM.attributes
                0x000002b4       0x39 ./SDK/platform/drivers/src/edma/edma_driver.o
 .ARM.attributes
                0x000002ed       0x39 ./SDK/platform/drivers/src/edma/edma_hw_access.o
 .ARM.attributes
                0x00000326       0x39 ./SDK/platform/drivers/src/edma/edma_irq.o
 .ARM.attributes
                0x0000035f       0x39 ./SDK/platform/drivers/src/flexcan/flexcan_driver.o
 .ARM.attributes
                0x00000398       0x39 ./SDK/platform/drivers/src/flexcan/flexcan_hw_access.o
 .ARM.attributes
                0x000003d1       0x39 ./SDK/platform/drivers/src/flexcan/flexcan_irq.o
 .ARM.attributes
                0x0000040a       0x39 ./SDK/platform/drivers/src/interrupt/interrupt_manager.o
 .ARM.attributes
                0x00000443       0x39 ./SDK/platform/drivers/src/lpspi/lpspi_hw_access.o
 .ARM.attributes
                0x0000047c       0x39 ./SDK/platform/drivers/src/lpspi/lpspi_irq.o
 .ARM.attributes
                0x000004b5       0x39 ./SDK/platform/drivers/src/lpspi/lpspi_master_driver.o
 .ARM.attributes
                0x000004ee       0x39 ./SDK/platform/drivers/src/lpspi/lpspi_shared_function.o
 .ARM.attributes
                0x00000527       0x39 ./SDK/platform/drivers/src/lpspi/lpspi_slave_driver.o
 .ARM.attributes
                0x00000560       0x39 ./SDK/platform/drivers/src/lptmr/lptmr_driver.o
 .ARM.attributes
                0x00000599       0x39 ./SDK/platform/drivers/src/lptmr/lptmr_hw_access.o
 .ARM.attributes
                0x000005d2       0x39 ./SDK/platform/drivers/src/lpuart/lpuart_driver.o
 .ARM.attributes
                0x0000060b       0x39 ./SDK/platform/drivers/src/lpuart/lpuart_hw_access.o
 .ARM.attributes
                0x00000644       0x39 ./SDK/platform/drivers/src/lpuart/lpuart_irq.o
 .ARM.attributes
                0x0000067d       0x39 ./SDK/platform/drivers/src/pins/pins_driver.o
 .ARM.attributes
                0x000006b6       0x39 ./SDK/platform/drivers/src/pins/pins_port_hw_access.o
 .ARM.attributes
                0x000006ef       0x39 ./SDK/rtos/osif/osif_baremetal.o
 .ARM.attributes
                0x00000728       0x39 ./Sources/can0.o
 .ARM.attributes
                0x00000761       0x39 ./Sources/can1.o
 .ARM.attributes
                0x0000079a       0x39 ./Sources/can2.o
 .ARM.attributes
                0x000007d3       0x39 ./Sources/lptimer.o
 .ARM.attributes
                0x0000080c       0x39 ./Sources/main.o
 .ARM.attributes
                0x00000845       0x39 ./Sources/pid.o
 .ARM.attributes
                0x0000087e       0x39 ./Sources/pin_config.o
 .ARM.attributes
                0x000008b7       0x39 ./Sources/spi0.o
 .ARM.attributes
                0x000008f0       0x39 ./Sources/syst_clk.o
 .ARM.attributes
                0x00000929       0x39 ./Sources/system_states.o
 .ARM.attributes
                0x00000962       0x39 ./Sources/uart0.o
 .ARM.attributes
                0x0000099b       0x22 c:/nxp/s32ds_arm_v2.2/s32ds/build_tools/gcc_v6.3/gcc-6.3-arm32-eabi/bin/../lib/gcc/arm-none-eabi/6.3.1/thumb/v7e-m/fpv4-sp/hard\libgcc.a(_arm_addsubdf3.o)
 .ARM.attributes
                0x000009bd       0x22 c:/nxp/s32ds_arm_v2.2/s32ds/build_tools/gcc_v6.3/gcc-6.3-arm32-eabi/bin/../lib/gcc/arm-none-eabi/6.3.1/thumb/v7e-m/fpv4-sp/hard\libgcc.a(_arm_muldivdf3.o)
 .ARM.attributes
                0x000009df       0x22 c:/nxp/s32ds_arm_v2.2/s32ds/build_tools/gcc_v6.3/gcc-6.3-arm32-eabi/bin/../lib/gcc/arm-none-eabi/6.3.1/thumb/v7e-m/fpv4-sp/hard\libgcc.a(_arm_cmpdf2.o)
 .ARM.attributes
                0x00000a01       0x22 c:/nxp/s32ds_arm_v2.2/s32ds/build_tools/gcc_v6.3/gcc-6.3-arm32-eabi/bin/../lib/gcc/arm-none-eabi/6.3.1/thumb/v7e-m/fpv4-sp/hard\libgcc.a(_arm_fixunsdfsi.o)
 .ARM.attributes
                0x00000a23       0x22 c:/nxp/s32ds_arm_v2.2/s32ds/build_tools/gcc_v6.3/gcc-6.3-arm32-eabi/bin/../lib/gcc/arm-none-eabi/6.3.1/thumb/v7e-m/fpv4-sp/hard\libgcc.a(_aeabi_uldivmod.o)
 .ARM.attributes
                0x00000a45       0x34 c:/nxp/s32ds_arm_v2.2/s32ds/build_tools/gcc_v6.3/gcc-6.3-arm32-eabi/bin/../lib/gcc/arm-none-eabi/6.3.1/thumb/v7e-m/fpv4-sp/hard\libgcc.a(_udivmoddi4.o)
 .ARM.attributes
                0x00000a79       0x22 c:/nxp/s32ds_arm_v2.2/s32ds/build_tools/gcc_v6.3/gcc-6.3-arm32-eabi/bin/../lib/gcc/arm-none-eabi/6.3.1/thumb/v7e-m/fpv4-sp/hard\libgcc.a(_dvmd_tls.o)
 .ARM.attributes
                0x00000a9b       0x34 C:/NXP/S32DS_ARM_v2.2/S32DS/build_tools/gcc_v6.3/gcc-6.3-arm32-eabi/arm-none-eabi/newlib/lib/thumb/v7e-m/fpv4-sp/hard\libc_nano.a(lib_a-impure.o)
 .ARM.attributes
                0x00000acf       0x34 C:/NXP/S32DS_ARM_v2.2/S32DS/build_tools/gcc_v6.3/gcc-6.3-arm32-eabi/arm-none-eabi/newlib/lib/thumb/v7e-m/fpv4-sp/hard\libc_nano.a(lib_a-memset.o)
 .ARM.attributes
                0x00000b03       0x34 C:/NXP/S32DS_ARM_v2.2/S32DS/build_tools/gcc_v6.3/gcc-6.3-arm32-eabi/arm-none-eabi/newlib/lib/thumb/v7e-m/fpv4-sp/hard\libc_nano.a(lib_a-snprintf.o)
 .ARM.attributes
                0x00000b37       0x1b C:/NXP/S32DS_ARM_v2.2/S32DS/build_tools/gcc_v6.3/gcc-6.3-arm32-eabi/arm-none-eabi/newlib/lib/thumb/v7e-m/fpv4-sp/hard\libc_nano.a(lib_a-strlen.o)
 .ARM.attributes
                0x00000b52       0x34 C:/NXP/S32DS_ARM_v2.2/S32DS/build_tools/gcc_v6.3/gcc-6.3-arm32-eabi/arm-none-eabi/newlib/lib/thumb/v7e-m/fpv4-sp/hard\libc_nano.a(lib_a-nano-svfprintf.o)
 .ARM.attributes
                0x00000b86       0x34 C:/NXP/S32DS_ARM_v2.2/S32DS/build_tools/gcc_v6.3/gcc-6.3-arm32-eabi/arm-none-eabi/newlib/lib/thumb/v7e-m/fpv4-sp/hard\libc_nano.a(lib_a-nano-vfprintf_i.o)
 .ARM.attributes
                0x00000bba       0x20 C:/NXP/S32DS_ARM_v2.2/S32DS/build_tools/gcc_v6.3/gcc-6.3-arm32-eabi/arm-none-eabi/newlib/lib/thumb/v7e-m/fpv4-sp/hard\libc_nano.a(lib_a-memchr.o)
 .ARM.attributes
                0x00000bda       0x34 C:/NXP/S32DS_ARM_v2.2/S32DS/build_tools/gcc_v6.3/gcc-6.3-arm32-eabi/arm-none-eabi/newlib/lib/thumb/v7e-m/fpv4-sp/hard\libc_nano.a(lib_a-memcpy-stub.o)
 .ARM.attributes
                0x00000c0e       0x34 C:/NXP/S32DS_ARM_v2.2/S32DS/build_tools/gcc_v6.3/gcc-6.3-arm32-eabi/arm-none-eabi/newlib/lib/thumb/v7e-m/fpv4-sp/hard\libc_nano.a(lib_a-memmove.o)
 .ARM.attributes
                0x00000c42       0x34 C:/NXP/S32DS_ARM_v2.2/S32DS/build_tools/gcc_v6.3/gcc-6.3-arm32-eabi/arm-none-eabi/newlib/lib/thumb/v7e-m/fpv4-sp/hard\libc_nano.a(lib_a-nano-freer.o)
 .ARM.attributes
                0x00000c76       0x34 C:/NXP/S32DS_ARM_v2.2/S32DS/build_tools/gcc_v6.3/gcc-6.3-arm32-eabi/arm-none-eabi/newlib/lib/thumb/v7e-m/fpv4-sp/hard\libc_nano.a(lib_a-nano-mallocr.o)
 .ARM.attributes
                0x00000caa       0x34 C:/NXP/S32DS_ARM_v2.2/S32DS/build_tools/gcc_v6.3/gcc-6.3-arm32-eabi/arm-none-eabi/newlib/lib/thumb/v7e-m/fpv4-sp/hard\libc_nano.a(lib_a-nano-reallocr.o)
 .ARM.attributes
                0x00000cde       0x34 C:/NXP/S32DS_ARM_v2.2/S32DS/build_tools/gcc_v6.3/gcc-6.3-arm32-eabi/arm-none-eabi/newlib/lib/thumb/v7e-m/fpv4-sp/hard\libc_nano.a(lib_a-sbrkr.o)
 .ARM.attributes
                0x00000d12       0x34 C:/NXP/S32DS_ARM_v2.2/S32DS/build_tools/gcc_v6.3/gcc-6.3-arm32-eabi/arm-none-eabi/newlib/lib/thumb/v7e-m/fpv4-sp/hard\libc_nano.a(lib_a-mlock.o)
 .ARM.attributes
                0x00000d46       0x34 C:/NXP/S32DS_ARM_v2.2/S32DS/build_tools/gcc_v6.3/gcc-6.3-arm32-eabi/arm-none-eabi/newlib/lib/thumb/v7e-m/fpv4-sp/hard\libc_nano.a(lib_a-nano-msizer.o)
 .ARM.attributes
                0x00000d7a       0x34 C:/NXP/S32DS_ARM_v2.2/S32DS/build_tools/gcc_v6.3/gcc-6.3-arm32-eabi/arm-none-eabi/newlib/lib/thumb/v7e-m/fpv4-sp/hard\libc_nano.a(lib_a-reent.o)
 .ARM.attributes
                0x00000dae       0x34 C:/NXP/S32DS_ARM_v2.2/S32DS/build_tools/gcc_v6.3/gcc-6.3-arm32-eabi/arm-none-eabi/newlib/lib/thumb/v7e-m/fpv4-sp/hard\libnosys.a(sbrk.o)
                0x00000001                ASSERT ((__StackLimit >= __HeapLimit), region m_data_2 overflowed with stack and heap)
OUTPUT(Tata_ace_chassis_vcu_code.elf elf32-littlearm)

.debug_info     0x00000000    0x5a062
 .debug_info    0x00000000     0x299e ./Generated_Code/canCom1.o
 .debug_info    0x0000299e     0x299e ./Generated_Code/canCom2.o
 .debug_info    0x0000533c     0x299e ./Generated_Code/canCom3.o
 .debug_info    0x00007cda     0x2ac6 ./Generated_Code/clockMan1.o
 .debug_info    0x0000a7a0     0x2991 ./Generated_Code/lpTmr1.o
 .debug_info    0x0000d131     0x29ab ./Generated_Code/lpspiCom1.o
 .debug_info    0x0000fadc     0x299e ./Generated_Code/lpuart1.o
 .debug_info    0x0001247a      0x406 ./Generated_Code/pin_mux.o
 .debug_info    0x00012880      0x521 ./SDK/platform/devices/S32K144/startup/system_S32K144.o
 .debug_info    0x00012da1      0x2ad ./SDK/platform/devices/startup.o
 .debug_info    0x0001304e     0x5aaa ./SDK/platform/drivers/src/clock/S32K1xx/clock_S32K1xx.o
 .debug_info    0x00018af8     0x3771 ./SDK/platform/drivers/src/edma/edma_driver.o
 .debug_info    0x0001c269      0x960 ./SDK/platform/drivers/src/edma/edma_hw_access.o
 .debug_info    0x0001cbc9      0x6db ./SDK/platform/drivers/src/edma/edma_irq.o
 .debug_info    0x0001d2a4     0x4fe1 ./SDK/platform/drivers/src/flexcan/flexcan_driver.o
 .debug_info    0x00022285     0x1d43 ./SDK/platform/drivers/src/flexcan/flexcan_hw_access.o
 .debug_info    0x00023fc8      0x275 ./SDK/platform/drivers/src/flexcan/flexcan_irq.o
 .debug_info    0x0002423d      0x8bd ./SDK/platform/drivers/src/interrupt/interrupt_manager.o
 .debug_info    0x00024afa     0x13a6 ./SDK/platform/drivers/src/lpspi/lpspi_hw_access.o
 .debug_info    0x00025ea0      0x788 ./SDK/platform/drivers/src/lpspi/lpspi_irq.o
 .debug_info    0x00026628     0x2c9a ./SDK/platform/drivers/src/lpspi/lpspi_master_driver.o
 .debug_info    0x000292c2      0xb95 ./SDK/platform/drivers/src/lpspi/lpspi_shared_function.o
 .debug_info    0x00029e57     0x23f3 ./SDK/platform/drivers/src/lpspi/lpspi_slave_driver.o
 .debug_info    0x0002c24a     0x2203 ./SDK/platform/drivers/src/lptmr/lptmr_driver.o
 .debug_info    0x0002e44d      0x11c ./SDK/platform/drivers/src/lptmr/lptmr_hw_access.o
 .debug_info    0x0002e569     0x2fe8 ./SDK/platform/drivers/src/lpuart/lpuart_driver.o
 .debug_info    0x00031551      0x96c ./SDK/platform/drivers/src/lpuart/lpuart_hw_access.o
 .debug_info    0x00031ebd      0x127 ./SDK/platform/drivers/src/lpuart/lpuart_irq.o
 .debug_info    0x00031fe4     0x13d8 ./SDK/platform/drivers/src/pins/pins_driver.o
 .debug_info    0x000333bc      0x8a8 ./SDK/platform/drivers/src/pins/pins_port_hw_access.o
 .debug_info    0x00033c64      0xa9e ./SDK/rtos/osif/osif_baremetal.o
 .debug_info    0x00034702     0x3d21 ./Sources/can0.o
 .debug_info    0x00038423     0x407e ./Sources/can1.o
 .debug_info    0x0003c4a1     0x3b82 ./Sources/can2.o
 .debug_info    0x00040023     0x3bd7 ./Sources/lptimer.o
 .debug_info    0x00043bfa     0x3b71 ./Sources/main.o
 .debug_info    0x0004776b     0x1013 ./Sources/pid.o
 .debug_info    0x0004877e     0x39b5 ./Sources/pin_config.o
 .debug_info    0x0004c133     0x3bea ./Sources/spi0.o
 .debug_info    0x0004fd1d     0x29eb ./Sources/syst_clk.o
 .debug_info    0x00052708     0x3f9f ./Sources/system_states.o
 .debug_info    0x000566a7     0x39bb ./Sources/uart0.o

.debug_abbrev   0x00000000     0x5bb4
 .debug_abbrev  0x00000000      0x16c ./Generated_Code/canCom1.o
 .debug_abbrev  0x0000016c      0x16c ./Generated_Code/canCom2.o
 .debug_abbrev  0x000002d8      0x16c ./Generated_Code/canCom3.o
 .debug_abbrev  0x00000444      0x179 ./Generated_Code/clockMan1.o
 .debug_abbrev  0x000005bd      0x16c ./Generated_Code/lpTmr1.o
 .debug_abbrev  0x00000729      0x16c ./Generated_Code/lpspiCom1.o
 .debug_abbrev  0x00000895      0x16c ./Generated_Code/lpuart1.o
 .debug_abbrev  0x00000a01       0xca ./Generated_Code/pin_mux.o
 .debug_abbrev  0x00000acb      0x140 ./SDK/platform/devices/S32K144/startup/system_S32K144.o
 .debug_abbrev  0x00000c0b       0xe0 ./SDK/platform/devices/startup.o
 .debug_abbrev  0x00000ceb      0x3e3 ./SDK/platform/drivers/src/clock/S32K1xx/clock_S32K1xx.o
 .debug_abbrev  0x000010ce      0x422 ./SDK/platform/drivers/src/edma/edma_driver.o
 .debug_abbrev  0x000014f0      0x205 ./SDK/platform/drivers/src/edma/edma_hw_access.o
 .debug_abbrev  0x000016f5      0x1b8 ./SDK/platform/drivers/src/edma/edma_irq.o
 .debug_abbrev  0x000018ad      0x428 ./SDK/platform/drivers/src/flexcan/flexcan_driver.o
 .debug_abbrev  0x00001cd5      0x38a ./SDK/platform/drivers/src/flexcan/flexcan_hw_access.o
 .debug_abbrev  0x0000205f       0x6c ./SDK/platform/drivers/src/flexcan/flexcan_irq.o
 .debug_abbrev  0x000020cb      0x1ce ./SDK/platform/drivers/src/interrupt/interrupt_manager.o
 .debug_abbrev  0x00002299      0x2a7 ./SDK/platform/drivers/src/lpspi/lpspi_hw_access.o
 .debug_abbrev  0x00002540      0x15d ./SDK/platform/drivers/src/lpspi/lpspi_irq.o
 .debug_abbrev  0x0000269d      0x3ce ./SDK/platform/drivers/src/lpspi/lpspi_master_driver.o