Archive member included to satisfy reference by file (symbol)

c:/nxp/s32ds_arm_v2.2/s32ds/build_tools/gcc_v6.3/gcc-6.3-arm32-eabi/bin/../lib/gcc/arm-none-eabi/6.3.1/thumb/v7e-m/fpv4-sp/hard\libgcc.a(_arm_addsubdf3.o)
                              ./Sources/pid.o (__aeabi_dsub)
c:/nxp/s32ds_arm_v2.2/s32ds/build_tools/gcc_v6.3/gcc-6.3-arm32-eabi/bin/../lib/gcc/arm-none-eabi/6.3.1/thumb/v7e-m/fpv4-sp/hard\libgcc.a(_arm_muldivdf3.o)
                              ./Sources/can1.o (__aeabi_dmul)
c:/nxp/s32ds_arm_v2.2/s32ds/build_tools/gcc_v6.3/gcc-6.3-arm32-eabi/bin/../lib/gcc/arm-none-eabi/6.3.1/thumb/v7e-m/fpv4-sp/hard\libgcc.a(_arm_cmpdf2.o)
                              ./Sources/pid.o (__aeabi_dcmplt)
c:/nxp/s32ds_arm_v2.2/s32ds/build_tools/gcc_v6.3/gcc-6.3-arm32-eabi/bin/../lib/gcc/arm-none-eabi/6.3.1/thumb/v7e-m/fpv4-sp/hard\libgcc.a(_arm_fixunsdfsi.o)
                              ./Sources/lptimer.o (__aeabi_d2uiz)
c:/nxp/s32ds_arm_v2.2/s32ds/build_tools/gcc_v6.3/gcc-6.3-arm32-eabi/bin/../lib/gcc/arm-none-eabi/6.3.1/thumb/v7e-m/fpv4-sp/hard\libgcc.a(_aeabi_uldivmod.o)
                              ./SDK/platform/drivers/src/lptmr/lptmr_driver.o (__aeabi_uldivmod)
c:/nxp/s32ds_arm_v2.2/s32ds/build_tools/gcc_v6.3/gcc-6.3-arm32-eabi/bin/../lib/gcc/arm-none-eabi/6.3.1/thumb/v7e-m/fpv4-sp/hard\libgcc.a(_udivmoddi4.o)
                              c:/nxp/s32ds_arm_v2.2/s32ds/build_tools/gcc_v6.3/gcc-6.3-arm32-eabi/bin/../lib/gcc/arm-none-eabi/6.3.1/thumb/v7e-m/fpv4-sp/hard\libgcc.a(_aeabi_uldivmod.o) (__udivmoddi4)
c:/nxp/s32ds_arm_v2.2/s32ds/build_tools/gcc_v6.3/gcc-6.3-arm32-eabi/bin/../lib/gcc/arm-none-eabi/6.3.1/thumb/v7e-m/fpv4-sp/hard\libgcc.a(_dvmd_tls.o)
                              c:/nxp/s32ds_arm_v2.2/s32ds/build_tools/gcc_v6.3/gcc-6.3-arm32-eabi/bin/../lib/gcc/arm-none-eabi/6.3.1/thumb/v7e-m/fpv4-sp/hard\libgcc.a(_aeabi_uldivmod.o) (__aeabi_ldiv0)
C:/NXP/S32DS_ARM_v2.2/S32DS/build_tools/gcc_v6.3/gcc-6.3-arm32-eabi/arm-none-eabi/newlib/lib/thumb/v7e-m/fpv4-sp/hard\libc_nano.a(lib_a-exit.o)
                              C:/NXP/S32DS_ARM_v2.2/S32DS/build_tools/gcc_v6.3/gcc-6.3-arm32-eabi/arm-none-eabi/newlib/lib/thumb/v7e-m/fpv4-sp/hard/crt0.o (exit)
C:/NXP/S32DS_ARM_v2.2/S32DS/build_tools/gcc_v6.3/gcc-6.3-arm32-eabi/arm-none-eabi/newlib/lib/thumb/v7e-m/fpv4-sp/hard\libc_nano.a(lib_a-impure.o)
                              C:/NXP/S32DS_ARM_v2.2/S32DS/build_tools/gcc_v6.3/gcc-6.3-arm32-eabi/arm-none-eabi/newlib/lib/thumb/v7e-m/fpv4-sp/hard\libc_nano.a(lib_a-exit.o) (_global_impure_ptr)
C:/NXP/S32DS_ARM_v2.2/S32DS/build_tools/gcc_v6.3/gcc-6.3-arm32-eabi/arm-none-eabi/newlib/lib/thumb/v7e-m/fpv4-sp/hard\libc_nano.a(lib_a-init.o)
                              C:/NXP/S32DS_ARM_v2.2/S32DS/build_tools/gcc_v6.3/gcc-6.3-arm32-eabi/arm-none-eabi/newlib/lib/thumb/v7e-m/fpv4-sp/hard/crt0.o (__libc_init_array)
C:/NXP/S32DS_ARM_v2.2/S32DS/build_tools/gcc_v6.3/gcc-6.3-arm32-eabi/arm-none-eabi/newlib/lib/thumb/v7e-m/fpv4-sp/hard\libc_nano.a(lib_a-memset.o)
                              C:/NXP/S32DS_ARM_v2.2/S32DS/build_tools/gcc_v6.3/gcc-6.3-arm32-eabi/arm-none-eabi/newlib/lib/thumb/v7e-m/fpv4-sp/hard/crt0.o (memset)
C:/NXP/S32DS_ARM_v2.2/S32DS/build_tools/gcc_v6.3/gcc-6.3-arm32-eabi/arm-none-eabi/newlib/lib/thumb/v7e-m/fpv4-sp/hard\libc_nano.a(lib_a-sprintf.o)
                              ./Sources/can0.o (sprintf)
C:/NXP/S32DS_ARM_v2.2/S32DS/build_tools/gcc_v6.3/gcc-6.3-arm32-eabi/arm-none-eabi/newlib/lib/thumb/v7e-m/fpv4-sp/hard\libc_nano.a(lib_a-strlen.o)
                              ./Sources/apm_std.o (strlen)
C:/NXP/S32DS_ARM_v2.2/S32DS/build_tools/gcc_v6.3/gcc-6.3-arm32-eabi/arm-none-eabi/newlib/lib/thumb/v7e-m/fpv4-sp/hard\libc_nano.a(lib_a-nano-svfprintf.o)
                              C:/NXP/S32DS_ARM_v2.2/S32DS/build_tools/gcc_v6.3/gcc-6.3-arm32-eabi/arm-none-eabi/newlib/lib/thumb/v7e-m/fpv4-sp/hard\libc_nano.a(lib_a-sprintf.o) (_svfprintf_r)
C:/NXP/S32DS_ARM_v2.2/S32DS/build_tools/gcc_v6.3/gcc-6.3-arm32-eabi/arm-none-eabi/newlib/lib/thumb/v7e-m/fpv4-sp/hard\libc_nano.a(lib_a-nano-vfprintf_i.o)
                              C:/NXP/S32DS_ARM_v2.2/S32DS/build_tools/gcc_v6.3/gcc-6.3-arm32-eabi/arm-none-eabi/newlib/lib/thumb/v7e-m/fpv4-sp/hard\libc_nano.a(lib_a-nano-svfprintf.o) (_printf_i)
C:/NXP/S32DS_ARM_v2.2/S32DS/build_tools/gcc_v6.3/gcc-6.3-arm32-eabi/arm-none-eabi/newlib/lib/thumb/v7e-m/fpv4-sp/hard\libc_nano.a(lib_a-memchr.o)
                              C:/NXP/S32DS_ARM_v2.2/S32DS/build_tools/gcc_v6.3/gcc-6.3-arm32-eabi/arm-none-eabi/newlib/lib/thumb/v7e-m/fpv4-sp/hard\libc_nano.a(lib_a-nano-svfprintf.o) (memchr)
C:/NXP/S32DS_ARM_v2.2/S32DS/build_tools/gcc_v6.3/gcc-6.3-arm32-eabi/arm-none-eabi/newlib/lib/thumb/v7e-m/fpv4-sp/hard\libc_nano.a(lib_a-memcpy-stub.o)
                              C:/NXP/S32DS_ARM_v2.2/S32DS/build_tools/gcc_v6.3/gcc-6.3-arm32-eabi/arm-none-eabi/newlib/lib/thumb/v7e-m/fpv4-sp/hard\libc_nano.a(lib_a-nano-svfprintf.o) (memcpy)
[...]
Memory Configuration

Name             Origin             Length             Attributes
m_interrupts     0x00000000         0x00000400         xr
m_flash_config   0x00000400         0x00000010         xr
m_text           0x00000410         0x0007fbf0         xr
m_data           0x1fff8000         0x00008000         rw
m_data_2         0x20000000         0x00007000         rw
*default*        0x00000000         0xffffffff

Linker script and memory map

LOAD c:/nxp/s32ds_arm_v2.2/s32ds/build_tools/gcc_v6.3/gcc-6.3-arm32-eabi/bin/../lib/gcc/arm-none-eabi/6.3.1/thumb/v7e-m/fpv4-sp/hard/crti.o
LOAD c:/nxp/s32ds_arm_v2.2/s32ds/build_tools/gcc_v6.3/gcc-6.3-arm32-eabi/bin/../lib/gcc/arm-none-eabi/6.3.1/thumb/v7e-m/fpv4-sp/hard/crtbegin.o
LOAD C:/NXP/S32DS_ARM_v2.2/S32DS/build_tools/gcc_v6.3/gcc-6.3-arm32-eabi/arm-none-eabi/newlib/lib/thumb/v7e-m/fpv4-sp/hard/crt0.o
LOAD ./Generated_Code/Cpu.o
LOAD ./Generated_Code/canCom1.o
LOAD ./Generated_Code/canCom2.o
LOAD ./Generated_Code/canCom3.o
LOAD ./Generated_Code/clockMan1.o
LOAD ./Generated_Code/dmaController1.o
LOAD ./Generated_Code/lpTmr1.o
LOAD ./Generated_Code/lpspiCom1.o
LOAD ./Generated_Code/lpuart1.o
LOAD ./Generated_Code/pin_mux.o
LOAD ./Generated_Code/watchdog1.o
LOAD ./Project_Settings/Startup_Code/startup_S32K144.o
LOAD ./SDK/platform/devices/S32K144/startup/system_S32K144.o
LOAD ./SDK/platform/devices/startup.o
LOAD ./SDK/platform/drivers/src/clock/S32K1xx/clock_S32K1xx.o
LOAD ./SDK/platform/drivers/src/edma/edma_driver.o
LOAD ./SDK/platform/drivers/src/edma/edma_hw_access.o
LOAD ./SDK/platform/drivers/src/edma/edma_irq.o
LOAD ./SDK/platform/drivers/src/flexcan/flexcan_driver.o
LOAD ./SDK/platform/drivers/src/flexcan/flexcan_hw_access.o
LOAD ./SDK/platform/drivers/src/flexcan/flexcan_irq.o
LOAD ./SDK/platform/drivers/src/interrupt/interrupt_manager.o
LOAD ./SDK/platform/drivers/src/lpspi/lpspi_hw_access.o
LOAD ./SDK/platform/drivers/src/lpspi/lpspi_irq.o
LOAD ./SDK/platform/drivers/src/lpspi/lpspi_master_driver.o
LOAD ./SDK/platform/drivers/src/lpspi/lpspi_shared_function.o
LOAD ./SDK/platform/drivers/src/lpspi/lpspi_slave_driver.o
LOAD ./SDK/platform/drivers/src/lptmr/lptmr_driver.o
LOAD ./SDK/platform/drivers/src/lptmr/lptmr_hw_access.o
LOAD ./SDK/platform/drivers/src/lpuart/lpuart_driver.o
LOAD ./SDK/platform/drivers/src/lpuart/lpuart_hw_access.o
LOAD ./SDK/platform/drivers/src/lpuart/lpuart_irq.o
LOAD ./SDK/platform/drivers/src/pins/pins_driver.o
LOAD ./SDK/platform/drivers/src/pins/pins_port_hw_access.o
LOAD ./SDK/platform/drivers/src/wdog/wdog_driver.o
LOAD ./SDK/platform/drivers/src/wdog/wdog_hw_access.o
LOAD ./SDK/rtos/osif/osif_baremetal.o
LOAD ./Sources/apm_std.o
LOAD ./Sources/can0.o
LOAD ./Sources/can1.o
LOAD ./Sources/can2.o
LOAD ./Sources/fault.o
LOAD ./Sources/lptimer.o
LOAD ./Sources/main.o
LOAD ./Sources/pid.o
LOAD ./Sources/pin_config.o
LOAD ./Sources/spi0.o
LOAD ./Sources/syst_clk.o
LOAD ./Sources/system_states.o
LOAD ./Sources/uart0.o
START GROUP
LOAD c:/nxp/s32ds_arm_v2.2/s32ds/build_tools/gcc_v6.3/gcc-6.3-arm32-eabi/bin/../lib/gcc/arm-none-eabi/6.3.1/thumb/v7e-m/fpv4-sp/hard\libgcc.a
LOAD C:/NXP/S32DS_ARM_v2.2/S32DS/build_tools/gcc_v6.3/gcc-6.3-arm32-eabi/arm-none-eabi/newlib/lib/thumb/v7e-m/fpv4-sp/hard\libc_nano.a
END GROUP
START GROUP
LOAD c:/nxp/s32ds_arm_v2.2/s32ds/build_tools/gcc_v6.3/gcc-6.3-arm32-eabi/bin/../lib/gcc/arm-none-eabi/6.3.1/thumb/v7e-m/fpv4-sp/hard\libgcc.a
LOAD C:/NXP/S32DS_ARM_v2.2/S32DS/build_tools/gcc_v6.3/gcc-6.3-arm32-eabi/arm-none-eabi/newlib/lib/thumb/v7e-m/fpv4-sp/hard\libc_nano.a
LOAD C:/NXP/S32DS_ARM_v2.2/S32DS/build_tools/gcc_v6.3/gcc-6.3-arm32-eabi/arm-none-eabi/newlib/lib/thumb/v7e-m/fpv4-sp/hard\libnosys.a
END GROUP
START GROUP
LOAD c:/nxp/s32ds_arm_v2.2/s32ds/build_tools/gcc_v6.3/gcc-6.3-arm32-eabi/bin/../lib/gcc/arm-none-eabi/6.3.1/thumb/v7e-m/fpv4-sp/hard\libgcc.a
LOAD C:/NXP/S32DS_ARM_v2.2/S32DS/build_tools/gcc_v6.3/gcc-6.3-arm32-eabi/arm-none-eabi/newlib/lib/thumb/v7e-m/fpv4-sp/hard\libc_nano.a
LOAD C:/NXP/S32DS_ARM_v2.2/S32DS/build_tools/gcc_v6.3/gcc-6.3-arm32-eabi/arm-none-eabi/newlib/lib/thumb/v7e-m/fpv4-sp/hard\libnosys.a
END GROUP
LOAD c:/nxp/s32ds_arm_v2.2/s32ds/build_tools/gcc_v6.3/gcc-6.3-arm32-eabi/bin/../lib/gcc/arm-none-eabi/6.3.1/thumb/v7e-m/fpv4-sp/hard/crtend.o
LOAD c:/nxp/s32ds_arm_v2.2/s32ds/build_tools/gcc_v6.3/gcc-6.3-arm32-eabi/bin/../lib/gcc/arm-none-eabi/6.3.1/thumb/v7e-m/fpv4-sp/hard/crtn.o
                0x00000400                HEAP_SIZE = DEFINED (__heap_size__)?__heap_size__:0x400
                0x00000400                STACK_SIZE = DEFINED (__stack_size__)?__stack_size__:0x400
                0x00000400                M_VECTOR_RAM_SIZE = DEFINED (__flash_vector_table__)?0x0:0x400

.interrupts     0x00000000      0x400
                0x00000000                __VECTOR_TABLE = .
                0x00000000                __interrupts_start__ = .
                0x00000000                . = ALIGN (0x4)
 *(.isr_vector)
 .isr_vector    0x00000000      0x400 ./Project_Settings/Startup_Code/startup_S32K144.o
                0x00000000                __isr_vector
                0x00000400                __interrupts_end__ = .
                0x00000400                . = ALIGN (0x4)

.flash_config   0x00000400       0x10
                0x00000400                . = ALIGN (0x4)
 *(.FlashConfig)
 .FlashConfig   0x00000400       0x10 ./Project_Settings/Startup_Code/startup_S32K144.o
                0x00000410                . = ALIGN (0x4)

.text           0x00000410     0x7d98
                0x00000410                . = ALIGN (0x4)
 *(.text)
 .text          0x00000410       0x4c ./Project_Settings/Startup_Code/startup_S32K144.o
                0x00000410                Reset_Handler
                0x00000458                DebugMon_Handler
                0x00000458                Reserved88_IRQHandler
                0x00000458                HardFault_Handler
                0x00000458                Reserved86_IRQHandler
                0x00000458                Reserved103_IRQHandler
                0x00000458                FTM2_Ovf_Reload_IRQHandler
                0x00000458                Reserved50_IRQHandler
                0x00000458                FTFC_Fault_IRQHandler
                0x00000458                FTM0_Ch6_Ch7_IRQHandler
                0x00000458                Reserved114_IRQHandler
                0x00000458                PendSV_Handler
                0x00000458                NMI_Handler
                0x00000458                Reserved89_IRQHandler
                0x00000458                ERM_double_fault_IRQHandler
                0x00000458                Reserved59_IRQHandler
                0x00000458                LPIT0_Ch0_IRQHandler
                0x00000458                Reserved99_IRQHandler
                0x00000458                FTM3_Ch6_Ch7_IRQHandler
                0x00000458                LPIT0_Ch3_IRQHandler
                0x00000458                Reserved92_IRQHandler
                0x00000458                FTM0_Ch4_Ch5_IRQHandler
                0x00000458                FTM3_Ch0_Ch1_IRQHandler
                0x00000458                SWI_IRQHandler
                0x00000458                ADC0_IRQHandler
                0x00000458                FTM2_Ch4_Ch5_IRQHandler
                0x00000458                UsageFault_Handler
                0x00000458                FTM0_Ovf_Reload_IRQHandler
                0x00000458                DefaultISR
                0x00000458                Reserved58_IRQHandler
                0x00000458                FTM1_Ch2_Ch3_IRQHandler
                0x00000458                Reserved82_IRQHandler
                0x00000458                LPI2C0_Slave_IRQHandler
                0x00000458                Reserved71_IRQHandler
                0x00000458                PORTD_IRQHandler
                0x00000458                Reserved69_IRQHandler
                0x00000458                PORTB_IRQHandler
                0x00000458                Reserved70_IRQHandler
                0x00000458                ADC1_IRQHandler
                0x00000458                FTM2_Ch2_Ch3_IRQHandler
                0x00000458                Reserved53_IRQHandler
                0x00000458                RTC_IRQHandler
                0x00000458                PDB0_IRQHandler
                0x00000458                Reserved54_IRQHandler
                0x00000458                FTM2_Ch6_Ch7_IRQHandler
                0x00000458                FTM3_Ch2_Ch3_IRQHandler
                0x00000458                FTM2_Ch0_Ch1_IRQHandler
                0x00000458                LPUART1_RxTx_IRQHandler
                0x00000458                RTC_Seconds_IRQHandler
                0x00000458                Reserved72_IRQHandler
                0x00000458                Reserved110_IRQHandler
                0x00000458                Reserved107_IRQHandler
                0x00000458                Read_Collision_IRQHandler
                0x00000458                FTFC_IRQHandler
                0x00000458                FTM1_Ch6_Ch7_IRQHandler
                0x00000458                Reserved105_IRQHandler
                0x00000458                LPIT0_Ch1_IRQHandler
                0x00000458                FTM1_Ch4_Ch5_IRQHandler
                0x00000458                FTM3_Ovf_Reload_IRQHandler
                0x00000458                LPUART2_RxTx_IRQHandler
                0x00000458                WDOG_EWM_IRQHandler
                0x00000458                MemManage_Handler
                0x00000458                Reserved90_IRQHandler
                0x00000458                Reserved83_IRQHandler
                0x00000458                FTM0_Fault_IRQHandler
                0x00000458                Reserved48_IRQHandler
                0x00000458                SVC_Handler
                0x00000458                ERM_single_fault_IRQHandler
                0x00000458                FTM2_Fault_IRQHandler
                0x00000458                FTM0_Ch2_Ch3_IRQHandler
                0x00000458                FTM0_Ch0_Ch1_IRQHandler
                0x00000458                FTM3_Fault_IRQHandler
                0x00000458                RCM_IRQHandler
                0x00000458                Reserved100_IRQHandler
                0x00000458                Reserved91_IRQHandler
                0x00000458                SCG_IRQHandler
                0x00000458                PDB1_IRQHandler
                0x00000458                Reserved81_IRQHandler
                0x00000458                Reserved46_IRQHandler
                0x00000458                Reserved45_IRQHandler
                0x00000458                Reserved112_IRQHandler
                0x00000458                LPI2C0_Master_IRQHandler
                0x00000458                FTM1_Fault_IRQHandler
                0x00000458                Reserved106_IRQHandler
                0x00000458                LVD_LVW_IRQHandler
                0x00000458                LPIT0_Ch2_IRQHandler
                0x00000458                PORTA_IRQHandler
                0x00000458                MCM_IRQHandler
                0x00000458                FTM3_Ch4_Ch5_IRQHandler
                0x00000458                PORTE_IRQHandler
                0x00000458                LPUART0_RxTx_IRQHandler
                0x00000458                LPTMR0_IRQHandler
                0x00000458                BusFault_Handler
                0x00000458                Reserved87_IRQHandler
                0x00000458                FTM1_Ovf_Reload_IRQHandler
                0x00000458                Reserved93_IRQHandler
                0x00000458                CMP0_IRQHandler
                0x00000458                Reserved52_IRQHandler
                0x00000458                PORTC_IRQHandler
                0x00000458                FTM1_Ch0_Ch1_IRQHandler
                0x00000458                FLEXIO_IRQHandler
                0x00000458                Reserved113_IRQHandler
 .text          0x0000045c      0x378 c:/nxp/s32ds_arm_v2.2/s32ds/build_tools/gcc_v6.3/gcc-6.3-arm32-eabi/bin/../lib/gcc/arm-none-eabi/6.3.1/thumb/v7e-m/fpv4-sp/hard\libgcc.a(_arm_addsubdf3.o)
                0x0000045c                __aeabi_drsub
                0x00000464                __aeabi_dsub
                0x00000464                __subdf3
                0x00000468                __aeabi_dadd
                0x00000468                __adddf3
                0x000006e0                __floatunsidf
                0x000006e0                __aeabi_ui2d
                0x00000700                __floatsidf
                0x00000700                __aeabi_i2d
                0x00000724                __aeabi_f2d
                0x00000724                __extendsfdf2
                0x00000768                __floatundidf
                0x00000768                __aeabi_ul2d
                0x00000778                __floatdidf
                0x00000778                __aeabi_l2d
 .text          0x000007d4      0x424 c:/nxp/s32ds_arm_v2.2/s32ds/build_tools/gcc_v6.3/gcc-6.3-arm32-eabi/bin/../lib/gcc/arm-none-eabi/6.3.1/thumb/v7e-m/fpv4-sp/hard\libgcc.a(_arm_muldivdf3.o)
                0x000007d4                __aeabi_dmul
                0x000007d4                __muldf3
                0x00000a28                __divdf3
                0x00000a28                __aeabi_ddiv
 .text          0x00000bf8      0x110 c:/nxp/s32ds_arm_v2.2/s32ds/build_tools/gcc_v6.3/gcc-6.3-arm32-eabi/bin/../lib/gcc/arm-none-eabi/6.3.1/thumb/v7e-m/fpv4-sp/hard\libgcc.a(_arm_cmpdf2.o)
                0x00000bf8                __gtdf2
                0x00000bf8                __gedf2
                0x00000c00                __ltdf2
                0x00000c00                __ledf2
                0x00000c08                __nedf2
                0x00000c08                __eqdf2
                0x00000c08                __cmpdf2
                0x00000c84                __aeabi_cdrcmple
                0x00000c94                __aeabi_cdcmpeq
                0x00000c94                __aeabi_cdcmple
                0x00000ca4                __aeabi_dcmpeq
                0x00000cb8                __aeabi_dcmplt
                0x00000ccc                __aeabi_dcmple
                0x00000ce0                __aeabi_dcmpge
                0x00000cf4                __aeabi_dcmpgt
 .text          0x00000d08       0x40 c:/nxp/s32ds_arm_v2.2/s32ds/build_tools/gcc_v6.3/gcc-6.3-arm32-eabi/bin/../lib/gcc/arm-none-eabi/6.3.1/thumb/v7e-m/fpv4-sp/hard\libgcc.a(_arm_fixunsdfsi.o)
                0x00000d08                __aeabi_d2uiz
                0x00000d08                __fixunsdfsi
 .text          0x00000d48       0x30 c:/nxp/s32ds_arm_v2.2/s32ds/build_tools/gcc_v6.3/gcc-6.3-arm32-eabi/bin/../lib/gcc/arm-none-eabi/6.3.1/thumb/v7e-m/fpv4-sp/hard\libgcc.a(_aeabi_uldivmod.o)
                0x00000d48                __aeabi_uldivmod
 .text          0x00000d78      0x2e4 c:/nxp/s32ds_arm_v2.2/s32ds/build_tools/gcc_v6.3/gcc-6.3-arm32-eabi/bin/../lib/gcc/arm-none-eabi/6.3.1/thumb/v7e-m/fpv4-sp/hard\libgcc.a(_udivmoddi4.o)
                0x00000d78                __udivmoddi4
 .text          0x0000105c        0x4 c:/nxp/s32ds_arm_v2.2/s32ds/build_tools/gcc_v6.3/gcc-6.3-arm32-eabi/bin/../lib/gcc/arm-none-eabi/6.3.1/thumb/v7e-m/fpv4-sp/hard\libgcc.a(_dvmd_tls.o)
                0x0000105c                __aeabi_idiv0
                0x0000105c                __aeabi_ldiv0
 .text          0x00001060       0x10 C:/NXP/S32DS_ARM_v2.2/S32DS/build_tools/gcc_v6.3/gcc-6.3-arm32-eabi/arm-none-eabi/newlib/lib/thumb/v7e-m/fpv4-sp/hard\libc_nano.a(lib_a-strlen.o)
                0x00001060                strlen
 .text          0x00001070       0xa0 C:/NXP/S32DS_ARM_v2.2/S32DS/build_tools/gcc_v6.3/gcc-6.3-arm32-eabi/arm-none-eabi/newlib/lib/thumb/v7e-m/fpv4-sp/hard\libc_nano.a(lib_a-memchr.o)
                0x00001070                memchr
 *(.text*)
 .text.SystemInit
                0x00001110       0x3c ./SDK/platform/devices/S32K144/startup/system_S32K144.o
                0x00001110                SystemInit
 .text.init_data_bss
                0x0000114c       0xd8 ./SDK/platform/devices/startup.o
                0x0000114c                init_data_bss
 .text.CLOCK_SYS_GetCurrentRunMode
                0x00001224       0x24 ./SDK/platform/drivers/src/clock/S32K1xx/clock_S32K1xx.o
 .text.CLOCK_SYS_GetSysOscFreq
                0x00001248       0x1c ./SDK/platform/drivers/src/clock/S32K1xx/clock_S32K1xx.o
 .text.CLOCK_SYS_ConfigureSOSC
                0x00001264      0x12c ./SDK/platform/drivers/src/clock/S32K1xx/clock_S32K1xx.o
 .text.CLOCK_SYS_GetSircFreq
                0x00001390       0x2c ./SDK/platform/drivers/src/clock/S32K1xx/clock_S32K1xx.o
 .text.CLOCK_SYS_ConfigureSIRC
                0x000013bc       0xc4 ./SDK/platform/drivers/src/clock/S32K1xx/clock_S32K1xx.o
 .text.CLOCK_SYS_GetFircFreq
                0x00001480       0x20 ./SDK/platform/drivers/src/clock/S32K1xx/clock_S32K1xx.o
 .text.CLOCK_SYS_ConfigureFIRC
                0x000014a0       0xb4 ./SDK/platform/drivers/src/clock/S32K1xx/clock_S32K1xx.o
 .text.CLOCK_SYS_GetSysPllFreq
                0x00001554       0x44 ./SDK/platform/drivers/src/clock/S32K1xx/clock_S32K1xx.o
 .text.CLOCK_SYS_ConfigureSPLL
                0x00001598      0x104 ./SDK/platform/drivers/src/clock/S32K1xx/clock_S32K1xx.o
 .text.CLOCK_SYS_SetSystemClockConfig
                0x0000169c      0x1e4 ./SDK/platform/drivers/src/clock/S32K1xx/clock_S32K1xx.o
 .text.CLOCK_SYS_TransitionSystemClock
                0x00001880       0x3c ./SDK/platform/drivers/src/clock/S32K1xx/clock_S32K1xx.o
 .text.CLOCK_SYS_GetSystemClockFreq
                0x000018bc       0x78 ./SDK/platform/drivers/src/clock/S32K1xx/clock_S32K1xx.o
 .text.CLOCK_SYS_GetScgClkOutFreq
                0x00001934       0x44 ./SDK/platform/drivers/src/clock/S32K1xx/clock_S32K1xx.o
 .text.CLOCK_SYS_GetSysAsyncFreq
                0x00001978       0xd4 ./SDK/platform/drivers/src/clock/S32K1xx/clock_S32K1xx.o
 .text.CLOCK_SYS_GetSimRtcClkFreq
                0x00001a4c       0x50 ./SDK/platform/drivers/src/clock/S32K1xx/clock_S32K1xx.o
 .text.CLOCK_SYS_GetPeripheralClock
                0x00001a9c       0x78 ./SDK/platform/drivers/src/clock/S32K1xx/clock_S32K1xx.o
 .text.CLOCK_SYS_GetLpoFreq
                0x00001b14       0x44 ./SDK/platform/drivers/src/clock/S32K1xx/clock_S32K1xx.o
 .text.CLOCK_SYS_GetSimClkOutFreq
                0x00001b58       0x98 ./SDK/platform/drivers/src/clock/S32K1xx/clock_S32K1xx.o
 .text.CLOCK_DRV_Init
                0x00001bf0      0x598 ./SDK/platform/drivers/src/clock/S32K1xx/clock_S32K1xx.o
                0x00001bf0                CLOCK_DRV_Init
 .text.CLOCK_DRV_GetFreq
                0x00002188      0x3a0 ./SDK/platform/drivers/src/clock/S32K1xx/clock_S32K1xx.o
                0x00002188                CLOCK_DRV_GetFreq
 .text.CLOCK_SYS_GetFreq
                0x00002528        0x8 ./SDK/platform/drivers/src/clock/S32K1xx/clock_S32K1xx.o
                0x00002528                CLOCK_SYS_GetFreq
 .text.EDMA_DRV_InstallCallback
                0x00002530       0x20 ./SDK/platform/drivers/src/edma/edma_driver.o
                0x00002530                EDMA_DRV_InstallCallback
 .text.EDMA_DRV_IRQHandler
                0x00002550       0x2c ./SDK/platform/drivers/src/edma/edma_driver.o
                0x00002550                EDMA_DRV_IRQHandler
 .text.EDMA_DRV_ErrorIRQHandler
                0x0000257c       0x3c ./SDK/platform/drivers/src/edma/edma_driver.o
                0x0000257c                EDMA_DRV_ErrorIRQHandler
 .text.EDMA_DRV_ConfigSingleBlockTransfer
                0x000025b8      0x148 ./SDK/platform/drivers/src/edma/edma_driver.o
                0x000025b8                EDMA_DRV_ConfigSingleBlockTransfer
 .text.EDMA_DRV_ConfigMultiBlockTransfer
                0x00002700       0x64 ./SDK/platform/drivers/src/edma/edma_driver.o
                0x00002700                EDMA_DRV_ConfigMultiBlockTransfer
 .text.EDMA_DRV_StartChannel
                0x00002764       0x18 ./SDK/platform/drivers/src/edma/edma_driver.o
                0x00002764                EDMA_DRV_StartChannel
 .text.EDMA_DRV_StopChannel
                0x0000277c       0x18 ./SDK/platform/drivers/src/edma/edma_driver.o
                0x0000277c                EDMA_DRV_StopChannel
 .text.EDMA_DRV_SetSrcAddr
                0x00002794       0x14 ./SDK/platform/drivers/src/edma/edma_driver.o
                0x00002794                EDMA_DRV_SetSrcAddr
 .text.EDMA_DRV_SetMajorLoopIterationCount
                0x000027a8       0x14 ./SDK/platform/drivers/src/edma/edma_driver.o
                0x000027a8                EDMA_DRV_SetMajorLoopIterationCount
 .text.EDMA_DRV_GetDmaRegBaseAddr
                0x000027bc        0x8 ./SDK/platform/drivers/src/edma/edma_driver.o
                0x000027bc                EDMA_DRV_GetDmaRegBaseAddr
 .text.EDMA_SetDmaRequestCmd
                0x000027c4        0xa ./SDK/platform/drivers/src/edma/edma_hw_access.o
                0x000027c4                EDMA_SetDmaRequestCmd
 .text.EDMA_TCDClearReg
                0x000027ce       0x4a ./SDK/platform/drivers/src/edma/edma_hw_access.o
                0x000027ce                EDMA_TCDClearReg
 .text.EDMA_TCDSetAttribute
                0x00002818       0x30 ./SDK/platform/drivers/src/edma/edma_hw_access.o
                0x00002818                EDMA_TCDSetAttribute
 .text.EDMA_TCDSetNbytes
                0x00002848       0x5c ./SDK/platform/drivers/src/edma/edma_hw_access.o
                0x00002848                EDMA_TCDSetNbytes
 .text.EDMA_TCDSetMajorCount
                0x000028a4       0x5e ./SDK/platform/drivers/src/edma/edma_hw_access.o
                0x000028a4                EDMA_TCDSetMajorCount
 .text.DMA0_IRQHandler
                0x00002902        0xa ./SDK/platform/drivers/src/edma/edma_irq.o
                0x00002902                DMA0_IRQHandler
 .text.DMA1_IRQHandler
                0x0000290c        0xa ./SDK/platform/drivers/src/edma/edma_irq.o
                0x0000290c                DMA1_IRQHandler
 .text.DMA2_IRQHandler
                0x00002916        0xa ./SDK/platform/drivers/src/edma/edma_irq.o
                0x00002916                DMA2_IRQHandler
 .text.DMA3_IRQHandler
                0x00002920        0xa ./SDK/platform/drivers/src/edma/edma_irq.o
                0x00002920                DMA3_IRQHandler
 .text.DMA4_IRQHandler
                0x0000292a        0xa ./SDK/platform/drivers/src/edma/edma_irq.o
                0x0000292a                DMA4_IRQHandler
 .text.DMA5_IRQHandler
                0x00002934        0xa ./SDK/platform/drivers/src/edma/edma_irq.o
                0x00002934                DMA5_IRQHandler
 .text.DMA6_IRQHandler
                0x0000293e        0xa ./SDK/platform/drivers/src/edma/edma_irq.o
                0x0000293e                DMA6_IRQHandler
 .text.DMA7_IRQHandler
                0x00002948        0xa ./SDK/platform/drivers/src/edma/edma_irq.o
                0x00002948                DMA7_IRQHandler
 .text.DMA8_IRQHandler
                0x00002952        0xa ./SDK/platform/drivers/src/edma/edma_irq.o
                0x00002952                DMA8_IRQHandler
 .text.DMA9_IRQHandler
                0x0000295c        0xa ./SDK/platform/drivers/src/edma/edma_irq.o
                0x0000295c                DMA9_IRQHandler
 .text.DMA10_IRQHandler
                0x00002966        0xa ./SDK/platform/drivers/src/edma/edma_irq.o
                0x00002966                DMA10_IRQHandler
 .text.DMA11_IRQHandler
                0x00002970        0xa ./SDK/platform/drivers/src/edma/edma_irq.o
                0x00002970                DMA11_IRQHandler
 .text.DMA12_IRQHandler
                0x0000297a        0xa ./SDK/platform/drivers/src/edma/edma_irq.o
                0x0000297a                DMA12_IRQHandler
 .text.DMA13_IRQHandler
                0x00002984        0xa ./SDK/platform/drivers/src/edma/edma_irq.o
                0x00002984                DMA13_IRQHandler
 .text.DMA14_IRQHandler
                0x0000298e        0xa ./SDK/platform/drivers/src/edma/edma_irq.o
                0x0000298e                DMA14_IRQHandler
 .text.DMA15_IRQHandler
                0x00002998        0xa ./SDK/platform/drivers/src/edma/edma_irq.o
                0x00002998                DMA15_IRQHandler
 .text.DMA_Error_IRQHandler
                0x000029a2       0x28 ./SDK/platform/drivers/src/edma/edma_irq.o
                0x000029a2                DMA_Error_IRQHandler
 *fill*         0x000029ca        0x2 
 .text.FLEXCAN_StartSendData
                0x000029cc       0xa4 ./SDK/platform/drivers/src/flexcan/flexcan_driver.o
 .text.FLEXCAN_StartRxMessageBufferData
                0x00002a70       0x80 ./SDK/platform/drivers/src/flexcan/flexcan_driver.o
 .text.FLEXCAN_CompleteRxMessageFifoData
                0x00002af0       0xa0 ./SDK/platform/drivers/src/flexcan/flexcan_driver.o
 .text.FLEXCAN_CompleteTransfer
                0x00002b90       0x38 ./SDK/platform/drivers/src/flexcan/flexcan_driver.o
 .text.FLEXCAN_DRV_SetRxMaskType
                0x00002bc8       0x30 ./SDK/platform/drivers/src/flexcan/flexcan_driver.o
                0x00002bc8                FLEXCAN_DRV_SetRxMaskType
 .text.FLEXCAN_DRV_SetRxIndividualMask
                0x00002bf8      0x118 ./SDK/platform/drivers/src/flexcan/flexcan_driver.o
                0x00002bf8                FLEXCAN_DRV_SetRxIndividualMask
 .text.FLEXCAN_DRV_Init
                0x00002d10      0x2c4 ./SDK/platform/drivers/src/flexcan/flexcan_driver.o
                0x00002d10                FLEXCAN_DRV_Init
 .text.FLEXCAN_DRV_ConfigTxMb
                0x00002fd4       0x40 ./SDK/platform/drivers/src/flexcan/flexcan_driver.o
                0x00002fd4                FLEXCAN_DRV_ConfigTxMb
 .text.FLEXCAN_DRV_Send
                0x00003014       0x34 ./SDK/platform/drivers/src/flexcan/flexcan_driver.o
                0x00003014                FLEXCAN_DRV_Send
 .text.FLEXCAN_DRV_ConfigRxMb
                0x00003048       0x68 ./SDK/platform/drivers/src/flexcan/flexcan_driver.o
                0x00003048                FLEXCAN_DRV_ConfigRxMb
 .text.FLEXCAN_DRV_Receive
                0x000030b0        0xa ./SDK/platform/drivers/src/flexcan/flexcan_driver.o
                0x000030b0                FLEXCAN_DRV_Receive
 *fill*         0x000030ba        0x2 
 .text.FLEXCAN_Error_IRQHandler
                0x000030bc       0x28 ./SDK/platform/drivers/src/flexcan/flexcan_driver.o
                0x000030bc                FLEXCAN_Error_IRQHandler
 .text.FLEXCAN_WakeUpHandler
                0x000030e4       0x6c ./SDK/platform/drivers/src/flexcan/flexcan_driver.o
                0x000030e4                FLEXCAN_WakeUpHandler
 .text.FLEXCAN_IRQHandler
                0x00003150      0x1b8 ./SDK/platform/drivers/src/flexcan/flexcan_driver.o
                0x00003150                FLEXCAN_IRQHandler
 .text.FLEXCAN_DRV_InstallEventCallback
                0x00003308       0x14 ./SDK/platform/drivers/src/flexcan/flexcan_driver.o
                0x00003308                FLEXCAN_DRV_InstallEventCallback
 .text.FLEXCAN_ComputePayloadSize
                0x0000331c       0x36 ./SDK/platform/drivers/src/flexcan/flexcan_hw_access.o
 *fill*         0x00003352        0x2 
 .text.FLEXCAN_GetRxFifoMask
                0x00003354       0x60 ./SDK/platform/drivers/src/flexcan/flexcan_hw_access.o
                0x00003354                FLEXCAN_GetRxFifoMask
 .text.FLEXCAN_GetMaxMbNum
                0x000033b4       0x2c ./SDK/platform/drivers/src/flexcan/flexcan_hw_access.o
                0x000033b4                FLEXCAN_GetMaxMbNum
 .text.FLEXCAN_Enable
                0x000033e0       0x2a ./SDK/platform/drivers/src/flexcan/flexcan_hw_access.o
                0x000033e0                FLEXCAN_Enable
 .text.FLEXCAN_Disable
                0x0000340a       0x18 ./SDK/platform/drivers/src/flexcan/flexcan_hw_access.o
                0x0000340a                FLEXCAN_Disable
 *fill*         0x00003422        0x2 
 .text.FLEXCAN_Init
                0x00003424       0x68 ./SDK/platform/drivers/src/flexcan/flexcan_hw_access.o
                0x00003424                FLEXCAN_Init
 .text.FLEXCAN_EnableRxFifo
                0x0000348c       0x54 ./SDK/platform/drivers/src/flexcan/flexcan_hw_access.o
                0x0000348c                FLEXCAN_EnableRxFifo
 .text.FLEXCAN_SetMsgBuffIntCmd
                0x000034e0       0x3c ./SDK/platform/drivers/src/flexcan/flexcan_hw_access.o
                0x000034e0                FLEXCAN_SetMsgBuffIntCmd
 .text.FLEXCAN_ExitFreezeMode
                0x0000351c       0x1a ./SDK/platform/drivers/src/flexcan/flexcan_hw_access.o
                0x0000351c                FLEXCAN_ExitFreezeMode
 .text.FLEXCAN_EnterFreezeMode
                0x00003536       0x40 ./SDK/platform/drivers/src/flexcan/flexcan_hw_access.o
                0x00003536                FLEXCAN_EnterFreezeMode
 *fill*         0x00003576        0x2 
 .text.FLEXCAN_ClearErrIntStatusFlag
                0x00003578       0x14 ./SDK/platform/drivers/src/flexcan/flexcan_hw_access.o
                0x00003578                FLEXCAN_ClearErrIntStatusFlag
 .text.FLEXCAN_ReadRxFifo
                0x0000358c       0x56 ./SDK/platform/drivers/src/flexcan/flexcan_hw_access.o
                0x0000358c                FLEXCAN_ReadRxFifo
 .text.FLEXCAN_SetOperationMode
                0x000035e2       0x5e ./SDK/platform/drivers/src/flexcan/flexcan_hw_access.o
                0x000035e2                FLEXCAN_SetOperationMode
 .text.FLEXCAN_SetPayloadSize
                0x00003640       0x1a ./SDK/platform/drivers/src/flexcan/flexcan_hw_access.o
                0x00003640                FLEXCAN_SetPayloadSize
 .text.FLEXCAN_GetPayloadSize
                0x0000365a       0x20 ./SDK/platform/drivers/src/flexcan/flexcan_hw_access.o
                0x0000365a                FLEXCAN_GetPayloadSize
 .text.FLEXCAN_GetMsgBuffRegion
                0x0000367a       0x30 ./SDK/platform/drivers/src/flexcan/flexcan_hw_access.o
                0x0000367a                FLEXCAN_GetMsgBuffRegion
 *fill*         0x000036aa        0x2 
 .text.FLEXCAN_SetTxMsgBuff
                0x000036ac      0x180 ./SDK/platform/drivers/src/flexcan/flexcan_hw_access.o
                0x000036ac                FLEXCAN_SetTxMsgBuff
 .text.FLEXCAN_SetRxMsgBuff
                0x0000382c       0xc8 ./SDK/platform/drivers/src/flexcan/flexcan_hw_access.o
                0x0000382c                FLEXCAN_SetRxMsgBuff
 .text.FLEXCAN_GetMsgBuff
                0x000038f4       0x96 ./SDK/platform/drivers/src/flexcan/flexcan_hw_access.o
                0x000038f4                FLEXCAN_GetMsgBuff
 .text.FLEXCAN_LockRxMsgBuff
                0x0000398a        0xa ./SDK/platform/drivers/src/flexcan/flexcan_hw_access.o
                0x0000398a                FLEXCAN_LockRxMsgBuff
 .text.FLEXCAN_SetMaxMsgBuffNum
                0x00003994       0x9c ./SDK/platform/drivers/src/flexcan/flexcan_hw_access.o
                0x00003994                FLEXCAN_SetMaxMsgBuffNum
 .text.CAN0_ORed_IRQHandler
                0x00003a30        0xa ./SDK/platform/drivers/src/flexcan/flexcan_irq.o
                0x00003a30                CAN0_ORed_IRQHandler
 .text.CAN0_Error_IRQHandler
                0x00003a3a        0xa ./SDK/platform/drivers/src/flexcan/flexcan_irq.o
                0x00003a3a                CAN0_Error_IRQHandler
 .text.CAN0_Wake_Up_IRQHandler
                0x00003a44        0xa ./SDK/platform/drivers/src/flexcan/flexcan_irq.o
                0x00003a44                CAN0_Wake_Up_IRQHandler
 .text.CAN0_ORed_0_15_MB_IRQHandler
                0x00003a4e        0xa ./SDK/platform/drivers/src/flexcan/flexcan_irq.o
                0x00003a4e                CAN0_ORed_0_15_MB_IRQHandler
 .text.CAN0_ORed_16_31_MB_IRQHandler
                0x00003a58        0xa ./SDK/platform/drivers/src/flexcan/flexcan_irq.o
                0x00003a58                CAN0_ORed_16_31_MB_IRQHandler
 .text.CAN1_ORed_IRQHandler
                0x00003a62        0xa ./SDK/platform/drivers/src/flexcan/flexcan_irq.o
                0x00003a62                CAN1_ORed_IRQHandler
 .text.CAN1_Error_IRQHandler
                0x00003a6c        0xa ./SDK/platform/drivers/src/flexcan/flexcan_irq.o
                0x00003a6c                CAN1_Error_IRQHandler
 .text.CAN1_ORed_0_15_MB_IRQHandler
                0x00003a76        0xa ./SDK/platform/drivers/src/flexcan/flexcan_irq.o
                0x00003a76                CAN1_ORed_0_15_MB_IRQHandler
 .text.CAN2_ORed_IRQHandler
                0x00003a80        0xa ./SDK/platform/drivers/src/flexcan/flexcan_irq.o
                0x00003a80                CAN2_ORed_IRQHandler
 .text.CAN2_Error_IRQHandler
                0x00003a8a        0xa ./SDK/platform/drivers/src/flexcan/flexcan_irq.o
                0x00003a8a                CAN2_Error_IRQHandler
 .text.CAN2_ORed_0_15_MB_IRQHandler
                0x00003a94        0xa ./SDK/platform/drivers/src/flexcan/flexcan_irq.o
                0x00003a94                CAN2_ORed_0_15_MB_IRQHandler
 *fill*         0x00003a9e        0x2 
 .text.INT_SYS_InstallHandler
                0x00003aa0       0x30 ./SDK/platform/drivers/src/interrupt/interrupt_manager.o
                0x00003aa0                INT_SYS_InstallHandler
 .text.INT_SYS_EnableIRQ
                0x00003ad0       0x18 ./SDK/platform/drivers/src/interrupt/interrupt_manager.o
                0x00003ad0                INT_SYS_EnableIRQ
 .text.INT_SYS_EnableIRQGlobal
                0x00003ae8       0x1c ./SDK/platform/drivers/src/interrupt/interrupt_manager.o
                0x00003ae8                INT_SYS_EnableIRQGlobal
 .text.INT_SYS_DisableIRQGlobal
                0x00003b04       0x10 ./SDK/platform/drivers/src/interrupt/interrupt_manager.o
                0x00003b04                INT_SYS_DisableIRQGlobal
 .text.INT_SYS_SetPriority
                0x00003b14       0x58 ./SDK/platform/drivers/src/interrupt/interrupt_manager.o
                0x00003b14                INT_SYS_SetPriority
 .text.LPSPI_Init
                0x00003b6c        0xa ./SDK/platform/drivers/src/lpspi/lpspi_hw_access.o
                0x00003b6c                LPSPI_Init
 .text.LPSPI_Disable
                0x00003b76       0x18 ./SDK/platform/drivers/src/lpspi/lpspi_hw_access.o
                0x00003b76                LPSPI_Disable
 .text.LPSPI_SetMasterSlaveMode
                0x00003b8e        0xe ./SDK/platform/drivers/src/lpspi/lpspi_hw_access.o
                0x00003b8e                LPSPI_SetMasterSlaveMode
 .text.LPSPI_SetFlushFifoCmd
                0x00003b9c        0xe ./SDK/platform/drivers/src/lpspi/lpspi_hw_access.o
                0x00003b9c                LPSPI_SetFlushFifoCmd
 .text.LPSPI_ClearStatusFlag
                0x00003baa       0x20 ./SDK/platform/drivers/src/lpspi/lpspi_hw_access.o
                0x00003baa                LPSPI_ClearStatusFlag
 .text.LPSPI_SetPcsPolarityMode
                0x00003bca       0x1c ./SDK/platform/drivers/src/lpspi/lpspi_hw_access.o
                0x00003bca                LPSPI_SetPcsPolarityMode
 .text.LPSPI_SetPinConfigMode
                0x00003be6       0x22 ./SDK/platform/drivers/src/lpspi/lpspi_hw_access.o
                0x00003be6                LPSPI_SetPinConfigMode
 .text.LPSPI_SetBaudRateDivisor
                0x00003c08       0x10 ./SDK/platform/drivers/src/lpspi/lpspi_hw_access.o
                0x00003c08                LPSPI_SetBaudRateDivisor
 .text.LPSPI_SetBaudRate
                0x00003c18      0x108 ./SDK/platform/drivers/src/lpspi/lpspi_hw_access.o
                0x00003c18                LPSPI_SetBaudRate
 .text.LPSPI_SetTxCommandReg
                0x00003d20       0x4a ./SDK/platform/drivers/src/lpspi/lpspi_hw_access.o
                0x00003d20                LPSPI_SetTxCommandReg
 .text.LPSPI_SetPcs
                0x00003d6a        0xe ./SDK/platform/drivers/src/lpspi/lpspi_hw_access.o
                0x00003d6a                LPSPI_SetPcs
 .text.LPSPI0_IRQHandler
                0x00003d78        0xa ./SDK/platform/drivers/src/lpspi/lpspi_irq.o
                0x00003d78                LPSPI0_IRQHandler
 .text.LPSPI1_IRQHandler
                0x00003d82        0xa ./SDK/platform/drivers/src/lpspi/lpspi_irq.o
                0x00003d82                LPSPI1_IRQHandler
 .text.LPSPI2_IRQHandler
                0x00003d8c        0xa ./SDK/platform/drivers/src/lpspi/lpspi_irq.o
                0x00003d8c                LPSPI2_IRQHandler
 *fill*         0x00003d96        0x2 
 .text.LPSPI_DRV_MasterStartTransfer
                0x00003d98      0x200 ./SDK/platform/drivers/src/lpspi/lpspi_master_driver.o
 .text.LPSPI_DRV_MasterCompleteTransfer
                0x00003f98       0x78 ./SDK/platform/drivers/src/lpspi/lpspi_master_driver.o
 .text.LPSPI_DRV_MasterConfigureBus
                0x00004010      0x114 ./SDK/platform/drivers/src/lpspi/lpspi_master_driver.o
                0x00004010                LPSPI_DRV_MasterConfigureBus
 .text.LPSPI_DRV_MasterInit
                0x00004124       0x80 ./SDK/platform/drivers/src/lpspi/lpspi_master_driver.o
                0x00004124                LPSPI_DRV_MasterInit
 .text.LPSPI_DRV_MasterTransfer
                0x000041a4        0xe ./SDK/platform/drivers/src/lpspi/lpspi_master_driver.o
                0x000041a4                LPSPI_DRV_MasterTransfer
 *fill*         0x000041b2        0x2 
 .text.LPSPI_DRV_MasterAbortTransfer
                0x000041b4       0x28 ./SDK/platform/drivers/src/lpspi/lpspi_master_driver.o
                0x000041b4                LPSPI_DRV_MasterAbortTransfer
 .text.LPSPI_DRV_MasterCompleteDMATransfer
                0x000041dc       0x44 ./SDK/platform/drivers/src/lpspi/lpspi_master_driver.o
 .text.LPSPI_DRV_MasterCompleteRX
                0x00004220       0x20 ./SDK/platform/drivers/src/lpspi/lpspi_master_driver.o
 .text.LPSPI_DRV_SetPcs
                0x00004240       0x44 ./SDK/platform/drivers/src/lpspi/lpspi_master_driver.o
                0x00004240                LPSPI_DRV_SetPcs
 .text.LPSPI_DRV_MasterIRQHandler
                0x00004284       0xb4 ./SDK/platform/drivers/src/lpspi/lpspi_master_driver.o
                0x00004284                LPSPI_DRV_MasterIRQHandler
 .text.LPSPI_DRV_IRQHandler
                0x00004338       0x28 ./SDK/platform/drivers/src/lpspi/lpspi_shared_function.o
                0x00004338                LPSPI_DRV_IRQHandler
 .text.LPSPI_DRV_FillupTxBuffer
                0x00004360       0xb4 ./SDK/platform/drivers/src/lpspi/lpspi_shared_function.o
                0x00004360                LPSPI_DRV_FillupTxBuffer
 .text.LPSPI_DRV_ReadRXBuffer
                0x00004414       0x8c ./SDK/platform/drivers/src/lpspi/lpspi_shared_function.o
                0x00004414                LPSPI_DRV_ReadRXBuffer
 .text.LPSPI_DRV_DisableTEIEInterrupts
                0x000044a0       0x30 ./SDK/platform/drivers/src/lpspi/lpspi_shared_function.o
                0x000044a0                LPSPI_DRV_DisableTEIEInterrupts
 .text.LPSPI_DRV_SlaveAbortTransfer
                0x000044d0       0x74 ./SDK/platform/drivers/src/lpspi/lpspi_slave_driver.o
                0x000044d0                LPSPI_DRV_SlaveAbortTransfer
 .text.LPSPI_DRV_SlaveIRQHandler
                0x00004544       0xd4 ./SDK/platform/drivers/src/lpspi/lpspi_slave_driver.o
                0x00004544                LPSPI_DRV_SlaveIRQHandler
 .text.lptmr_GetClkFreq
                0x00004618       0x32 ./SDK/platform/drivers/src/lptmr/lptmr_driver.o
 *fill*         0x0000464a        0x2 
 .text.LPTMR_DRV_SetConfig
                0x0000464c      0x1d0 ./SDK/platform/drivers/src/lptmr/lptmr_driver.o
                0x0000464c                LPTMR_DRV_SetConfig
 .text.LPTMR_DRV_Init
                0x0000481c       0x20 ./SDK/platform/drivers/src/lptmr/lptmr_driver.o
                0x0000481c                LPTMR_DRV_Init
 .text.LPTMR_DRV_ClearCompareFlag
                0x0000483c       0x14 ./SDK/platform/drivers/src/lptmr/lptmr_driver.o
                0x0000483c                LPTMR_DRV_ClearCompareFlag
 .text.LPTMR_DRV_SetInterrupt
                0x00004850       0x1c ./SDK/platform/drivers/src/lptmr/lptmr_driver.o
                0x00004850                LPTMR_DRV_SetInterrupt
 .text.LPTMR_DRV_StartCounter
                0x0000486c       0x14 ./SDK/platform/drivers/src/lptmr/lptmr_driver.o
                0x0000486c                LPTMR_DRV_StartCounter
 .text.LPTMR_Init
                0x00004880       0x12 ./SDK/platform/drivers/src/lptmr/lptmr_hw_access.o
                0x00004880                LPTMR_Init
 *fill*         0x00004892        0x2 
 .text.LPUART_DRV_StartSendDataUsingInt
                0x00004894       0x4c ./SDK/platform/drivers/src/lpuart/lpuart_driver.o
 .text.LPUART_DRV_StartSendDataUsingDma
                0x000048e0       0x80 ./SDK/platform/drivers/src/lpuart/lpuart_driver.o
 .text.LPUART_DRV_CompleteSendDataUsingInt
                0x00004960       0x64 ./SDK/platform/drivers/src/lpuart/lpuart_driver.o
 .text.LPUART_DRV_StopTxDma
                0x000049c4       0x64 ./SDK/platform/drivers/src/lpuart/lpuart_driver.o
 .text.LPUART_DRV_TxDmaCallback
                0x00004a28       0x74 ./SDK/platform/drivers/src/lpuart/lpuart_driver.o
 .text.LPUART_DRV_PutData
                0x00004a9c       0x44 ./SDK/platform/drivers/src/lpuart/lpuart_driver.o
 .text.LPUART_DRV_CompleteReceiveDataUsingInt
                0x00004ae0       0x64 ./SDK/platform/drivers/src/lpuart/lpuart_driver.o
 .text.LPUART_DRV_StopRxDma
                0x00004b44       0x64 ./SDK/platform/drivers/src/lpuart/lpuart_driver.o
 .text.LPUART_DRV_GetData
                0x00004ba8       0x5c ./SDK/platform/drivers/src/lpuart/lpuart_driver.o
 .text.LPUART_DRV_SendData
                0x00004c04       0x24 ./SDK/platform/drivers/src/lpuart/lpuart_driver.o
                0x00004c04                LPUART_DRV_SendData
 .text.LPUART_DRV_SetBaudRate
                0x00004c28       0xd4 ./SDK/platform/drivers/src/lpuart/lpuart_driver.o
                0x00004c28                LPUART_DRV_SetBaudRate
 .text.LPUART_DRV_Init
                0x00004cfc       0xe0 ./SDK/platform/drivers/src/lpuart/lpuart_driver.o
                0x00004cfc                LPUART_DRV_Init
 .text.LPUART_DRV_IRQHandler
                0x00004ddc      0x2a8 ./SDK/platform/drivers/src/lpuart/lpuart_driver.o
                0x00004ddc                LPUART_DRV_IRQHandler
 .text.LPUART_Init
                0x00005084       0x24 ./SDK/platform/drivers/src/lpuart/lpuart_hw_access.o
                0x00005084                LPUART_Init
 .text.LPUART_SetBitCountPerChar
                0x000050a8       0x30 ./SDK/platform/drivers/src/lpuart/lpuart_hw_access.o
                0x000050a8                LPUART_SetBitCountPerChar
 .text.LPUART_SetParityMode
                0x000050d8       0x1e ./SDK/platform/drivers/src/lpuart/lpuart_hw_access.o
                0x000050d8                LPUART_SetParityMode
 .text.LPUART_Putchar9
                0x000050f6       0x16 ./SDK/platform/drivers/src/lpuart/lpuart_hw_access.o
                0x000050f6                LPUART_Putchar9
 .text.LPUART_Putchar10
                0x0000510c       0x22 ./SDK/platform/drivers/src/lpuart/lpuart_hw_access.o
                0x0000510c                LPUART_Putchar10
 .text.LPUART_Getchar9
                0x0000512e       0x12 ./SDK/platform/drivers/src/lpuart/lpuart_hw_access.o
                0x0000512e                LPUART_Getchar9
 .text.LPUART_Getchar10
                0x00005140       0x1e ./SDK/platform/drivers/src/lpuart/lpuart_hw_access.o
                0x00005140                LPUART_Getchar10
 .text.LPUART_SetIntMode
                0x0000515e       0x70 ./SDK/platform/drivers/src/lpuart/lpuart_hw_access.o
                0x0000515e                LPUART_SetIntMode
 .text.LPUART_GetIntMode
                0x000051ce       0x4a ./SDK/platform/drivers/src/lpuart/lpuart_hw_access.o
                0x000051ce                LPUART_GetIntMode
 .text.LPUART_GetStatusFlag
                0x00005218       0x48 ./SDK/platform/drivers/src/lpuart/lpuart_hw_access.o
                0x00005218                LPUART_GetStatusFlag
 .text.LPUART_SetErrorInterrupts
                0x00005260       0x40 ./SDK/platform/drivers/src/lpuart/lpuart_hw_access.o
                0x00005260                LPUART_SetErrorInterrupts
 .text.LPUART0_IrqHandler
                0x000052a0        0xa ./SDK/platform/drivers/src/lpuart/lpuart_irq.o
                0x000052a0                LPUART0_IrqHandler
 .text.LPUART1_IrqHandler
                0x000052aa        0xa ./SDK/platform/drivers/src/lpuart/lpuart_irq.o
                0x000052aa                LPUART1_IrqHandler
 .text.LPUART2_IrqHandler
                0x000052b4        0xa ./SDK/platform/drivers/src/lpuart/lpuart_irq.o
                0x000052b4                LPUART2_IrqHandler
 .text.PINS_DRV_Init
                0x000052be       0x20 ./SDK/platform/drivers/src/pins/pins_driver.o
                0x000052be                PINS_DRV_Init
 .text.PINS_DRV_SetPinIntSel
                0x000052de       0x16 ./SDK/platform/drivers/src/pins/pins_driver.o
                0x000052de                PINS_DRV_SetPinIntSel
 .text.PINS_DRV_ClearPinIntFlagCmd
                0x000052f4        0xe ./SDK/platform/drivers/src/pins/pins_driver.o
                0x000052f4                PINS_DRV_ClearPinIntFlagCmd
 .text.PINS_DRV_SetPins
                0x00005302        0x4 ./SDK/platform/drivers/src/pins/pins_driver.o
                0x00005302                PINS_DRV_SetPins
 .text.PINS_DRV_ClearPins
                0x00005306        0x4 ./SDK/platform/drivers/src/pins/pins_driver.o
                0x00005306                PINS_DRV_ClearPins
 .text.PINS_DRV_ReadPins
                0x0000530a        0x4 ./SDK/platform/drivers/src/pins/pins_driver.o
                0x0000530a                PINS_DRV_ReadPins
 *fill*         0x0000530e        0x2 
 .text.PINS_GetAdcInterleaveVal
                0x00005310       0x70 ./SDK/platform/drivers/src/pins/pins_port_hw_access.o
 .text.PINS_Init
                0x00005380      0x114 ./SDK/platform/drivers/src/pins/pins_port_hw_access.o
                0x00005380                PINS_Init
 .text.SysTick_Handler
                0x00005494       0x10 ./SDK/rtos/osif/osif_baremetal.o
                0x00005494                SysTick_Handler
 .text.OSIF_TimeDelay
                0x000054a4       0x50 ./SDK/rtos/osif/osif_baremetal.o
                0x000054a4                OSIF_TimeDelay
 .text.OSIF_GetMilliseconds
                0x000054f4        0xc ./SDK/rtos/osif/osif_baremetal.o
                0x000054f4                OSIF_GetMilliseconds
 .text.OSIF_SemaPost
                0x00005500       0x26 ./SDK/rtos/osif/osif_baremetal.o
                0x00005500                OSIF_SemaPost
 .text.OSIF_SemaCreate
                0x00005526       0x14 ./SDK/rtos/osif/osif_baremetal.o
                0x00005526                OSIF_SemaCreate
 .text.OSIF_SemaDestroy
                0x0000553a        0x4 ./SDK/rtos/osif/osif_baremetal.o
                0x0000553a                OSIF_SemaDestroy
 *fill*         0x0000553e        0x2 
 .text.gpio_int
                0x00005540       0x48 ./Sources/apm_std.o
                0x00005540                gpio_int
 .text.gpio_intrr_config
                0x00005588       0x28 ./Sources/apm_std.o
                0x00005588                gpio_intrr_config
 .text.stop_check
                0x000055b0       0x44 ./Sources/apm_std.o
                0x000055b0                stop_check
 .text.door_status
                0x000055f4        0x4 ./Sources/apm_std.o
                0x000055f4                door_status
 .text.over_speed_check
                0x000055f8       0x2c ./Sources/apm_std.o
                0x000055f8                over_speed_check
 .text.all_ecu_fault_check
                0x00005624       0xb4 ./Sources/apm_std.o
                0x00005624                all_ecu_fault_check
 .text.can0_callback
                0x000056d8       0x88 ./Sources/can0.o
                0x000056d8                can0_callback
 .text.can0_config
                0x00005760       0xf4 ./Sources/can0.o
                0x00005760                can0_config
 .text.brake_released
                0x00005854       0x7c ./Sources/can0.o
                0x00005854                brake_released
 .text.sending_data_to_brake
                0x000058d0       0xc4 ./Sources/can0.o
                0x000058d0                sending_data_to_brake
 .text.can_config_rx_mb_for_extid_filter
                0x00005994       0x38 ./Sources/can1.o
 *fill*         0x000059cc        0x4 
 .text.can1_callback
                0x000059d0      0x448 ./Sources/can1.o
                0x000059d0                can1_callback
 .text.can1_config
                0x00005e18      0x12c ./Sources/can1.o
                0x00005e18                can1_config
 .text.can_config_rx_mb_for_extid_filter
                0x00005f44       0x34 ./Sources/can2.o
 .text.can2_config
                0x00005f78       0xfc ./Sources/can2.o
                0x00005f78                can2_config
 .text.sending_data_to_obc
                0x00006074       0x80 ./Sources/can2.o
                0x00006074                sending_data_to_obc
 .text.send_trip_status
                0x000060f4       0x5c ./Sources/can2.o
                0x000060f4                send_trip_status
 .text.sending_ack_to_obc
                0x00006150       0x64 ./Sources/can2.o
                0x00006150                sending_ack_to_obc
 .text.can2_callback
                0x000061b4      0x24c ./Sources/can2.o
                0x000061b4                can2_callback
 .text.sending_data_to_obc_heart_beat
                0x00006400       0x5c ./Sources/can2.o
                0x00006400                sending_data_to_obc_heart_beat
 .text.timer_for_10ms
                0x0000645c      0x158 ./Sources/lptimer.o
                0x0000645c                timer_for_10ms
 .text.timer_config
                0x000065b4       0x34 ./Sources/lptimer.o
                0x000065b4                timer_config
 .text.main     0x000065e8       0xdc ./Sources/main.o
                0x000065e8                main
 .text.PID_Init
                0x000066c4       0x4e ./Sources/pid.o
                0x000066c4                PID_Init
 .text.PID_Compute
                0x00006712      0x174 ./Sources/pid.o
                0x00006712                PID_Compute
 .text.PID_SetMode
                0x00006886       0x1e ./Sources/pid.o
                0x00006886                PID_SetMode
 .text.PID_SetOutputLimits
                0x000068a4       0x92 ./Sources/pid.o
                0x000068a4                PID_SetOutputLimits
 *fill*         0x00006936        0x2 
 .text.PID_SetTunings2
                0x00006938       0xe8 ./Sources/pid.o
                0x00006938                PID_SetTunings2
 .text.PID_SetControllerDirection
                0x00006a20       0x44 ./Sources/pid.o
                0x00006a20                PID_SetControllerDirection
 *fill*         0x00006a64        0x4 
 .text.PID      0x00006a68       0x88 ./Sources/pid.o
                0x00006a68                PID
 .text.PID_SetSampleTime
                0x00006af0       0x4c ./Sources/pid.o
                0x00006af0                PID_SetSampleTime
 .text.pin_config
                0x00006b3c       0x3c ./Sources/pin_config.o
                0x00006b3c                pin_config
 .text.spi0_config
                0x00006b78       0x40 ./Sources/spi0.o
                0x00006b78                spi0_config
 .text.MCP4921_SetOutput
                0x00006bb8       0x3c ./Sources/spi0.o
                0x00006bb8                MCP4921_SetOutput
 *fill*         0x00006bf4        0x4 
 .text.pid_config
                0x00006bf8       0x94 ./Sources/spi0.o
                0x00006bf8                pid_config
 .text.syst_clk
                0x00006c8c       0x3c ./Sources/syst_clk.o
                0x00006c8c                syst_clk
 .text.diagnosis
                0x00006cc8       0x34 ./Sources/system_states.o
                0x00006cc8                diagnosis
 .text.sending_data_to_bms
                0x00006cfc       0x54 ./Sources/system_states.o
                0x00006cfc                sending_data_to_bms
 .text.sending_data_to_pdu
                0x00006d50       0xb4 ./Sources/system_states.o
                0x00006d50                sending_data_to_pdu
 .text.sending_data_to_all_ecu_heart_beat
                0x00006e04       0x54 ./Sources/system_states.o
                0x00006e04                sending_data_to_all_ecu_heart_beat
 .text.system_states
                0x00006e58      0x61c ./Sources/system_states.o
                0x00006e58                system_states
 .text.uart0_config
                0x00007474       0x44 ./Sources/uart0.o
                0x00007474                uart0_config
 .text.memset   0x000074b8       0x10 C:/NXP/S32DS_ARM_v2.2/S32DS/build_tools/gcc_v6.3/gcc-6.3-arm32-eabi/arm-none-eabi/newlib/lib/thumb/v7e-m/fpv4-sp/hard\libc_nano.a(lib_a-memset.o)
                0x000074b8                memset
 .text.sprintf  0x000074c8       0x48 C:/NXP/S32DS_ARM_v2.2/S32DS/build_tools/gcc_v6.3/gcc-6.3-arm32-eabi/arm-none-eabi/newlib/lib/thumb/v7e-m/fpv4-sp/hard\libc_nano.a(lib_a-sprintf.o)
                0x000074c8                siprintf
                0x000074c8                sprintf
 .text.__ssputs_r
                0x00007510       0xb6 C:/NXP/S32DS_ARM_v2.2/S32DS/build_tools/gcc_v6.3/gcc-6.3-arm32-eabi/arm-none-eabi/newlib/lib/thumb/v7e-m/fpv4-sp/hard\libc_nano.a(lib_a-nano-svfprintf.o)
                0x00007510                __ssputs_r
 *fill*         0x000075c6        0x2 
 .text._svfprintf_r
                0x000075c8      0x1e8 C:/NXP/S32DS_ARM_v2.2/S32DS/build_tools/gcc_v6.3/gcc-6.3-arm32-eabi/arm-none-eabi/newlib/lib/thumb/v7e-m/fpv4-sp/hard\libc_nano.a(lib_a-nano-svfprintf.o)
                0x000075c8                _svfiprintf_r
                0x000075c8                _svfprintf_r
 .text._printf_common
                0x000077b0       0xec C:/NXP/S32DS_ARM_v2.2/S32DS/build_tools/gcc_v6.3/gcc-6.3-arm32-eabi/arm-none-eabi/newlib/lib/thumb/v7e-m/fpv4-sp/hard\libc_nano.a(lib_a-nano-vfprintf_i.o)
                0x000077b0                _printf_common
 .text._printf_i
                0x0000789c      0x240 C:/NXP/S32DS_ARM_v2.2/S32DS/build_tools/gcc_v6.3/gcc-6.3-arm32-eabi/arm-none-eabi/newlib/lib/thumb/v7e-m/fpv4-sp/hard\libc_nano.a(lib_a-nano-vfprintf_i.o)
                0x0000789c                _printf_i
 .text.memcpy   0x00007adc       0x16 C:/NXP/S32DS_ARM_v2.2/S32DS/build_tools/gcc_v6.3/gcc-6.3-arm32-eabi/arm-none-eabi/newlib/lib/thumb/v7e-m/fpv4-sp/hard\libc_nano.a(lib_a-memcpy-stub.o)
                0x00007adc                memcpy
 .text.memmove  0x00007af2       0x34 C:/NXP/S32DS_ARM_v2.2/S32DS/build_tools/gcc_v6.3/gcc-6.3-arm32-eabi/arm-none-eabi/newlib/lib/thumb/v7e-m/fpv4-sp/hard\libc_nano.a(lib_a-memmove.o)
                0x00007af2                memmove
 *fill*         0x00007b26        0x2 
 .text._free_r  0x00007b28       0x9c C:/NXP/S32DS_ARM_v2.2/S32DS/build_tools/gcc_v6.3/gcc-6.3-arm32-eabi/arm-none-eabi/newlib/lib/thumb/v7e-m/fpv4-sp/hard\libc_nano.a(lib_a-nano-freer.o)
                0x00007b28                _free_r
 .text._malloc_r
                0x00007bc4       0xbc C:/NXP/S32DS_ARM_v2.2/S32DS/build_tools/gcc_v6.3/gcc-6.3-arm32-eabi/arm-none-eabi/newlib/lib/thumb/v7e-m/fpv4-sp/hard\libc_nano.a(lib_a-nano-mallocr.o)
                0x00007bc4                _malloc_r
 .text._realloc_r
                0x00007c80       0x4c C:/NXP/S32DS_ARM_v2.2/S32DS/build_tools/gcc_v6.3/gcc-6.3-arm32-eabi/arm-none-eabi/newlib/lib/thumb/v7e-m/fpv4-sp/hard\libc_nano.a(lib_a-nano-reallocr.o)
                0x00007c80                _realloc_r
 .text._sbrk_r  0x00007ccc       0x20 C:/NXP/S32DS_ARM_v2.2/S32DS/build_tools/gcc_v6.3/gcc-6.3-arm32-eabi/arm-none-eabi/newlib/lib/thumb/v7e-m/fpv4-sp/hard\libc_nano.a(lib_a-sbrkr.o)
                0x00007ccc                _sbrk_r
 .text.__malloc_lock
                0x00007cec        0x2 C:/NXP/S32DS_ARM_v2.2/S32DS/build_tools/gcc_v6.3/gcc-6.3-arm32-eabi/arm-none-eabi/newlib/lib/thumb/v7e-m/fpv4-sp/hard\libc_nano.a(lib_a-mlock.o)
                0x00007cec                __malloc_lock
 .text.__malloc_unlock
                0x00007cee        0x2 C:/NXP/S32DS_ARM_v2.2/S32DS/build_tools/gcc_v6.3/gcc-6.3-arm32-eabi/arm-none-eabi/newlib/lib/thumb/v7e-m/fpv4-sp/hard\libc_nano.a(lib_a-mlock.o)
                0x00007cee                __malloc_unlock
 .text._malloc_usable_size_r
                0x00007cf0       0x12 C:/NXP/S32DS_ARM_v2.2/S32DS/build_tools/gcc_v6.3/gcc-6.3-arm32-eabi/arm-none-eabi/newlib/lib/thumb/v7e-m/fpv4-sp/hard\libc_nano.a(lib_a-nano-msizer.o)
                0x00007cf0                _malloc_usable_size_r
 *fill*         0x00007d02        0x2 
 .text._sbrk    0x00007d04       0x1c C:/NXP/S32DS_ARM_v2.2/S32DS/build_tools/gcc_v6.3/gcc-6.3-arm32-eabi/arm-none-eabi/newlib/lib/thumb/v7e-m/fpv4-sp/hard\libnosys.a(sbrk.o)
                0x00007d04                _sbrk
 *(.rodata)
 *(.rodata*)
 .rodata.canCom1_InitConfig0
                0x00007d20       0x38 ./Generated_Code/canCom1.o
                0x00007d20                canCom1_InitConfig0
 .rodata.canCom2_InitConfig0
                0x00007d58       0x38 ./Generated_Code/canCom2.o
                0x00007d58                canCom2_InitConfig0
 .rodata.canCom3_InitConfig0
                0x00007d90       0x38 ./Generated_Code/canCom3.o
                0x00007d90                canCom3_InitConfig0
 .rodata.lpTmr1_config0
                0x00007dc8       0x10 ./Generated_Code/lpTmr1.o
                0x00007dc8                lpTmr1_config0
 .rodata.lpspiCom1_MasterConfig0
                0x00007dd8       0x20 ./Generated_Code/lpspiCom1.o
                0x00007dd8                lpspiCom1_MasterConfig0
 .rodata.lpuart1_InitConfig0
                0x00007df8        0xc ./Generated_Code/lpuart1.o
                0x00007df8                lpuart1_InitConfig0
 .rodata.clockNameMappings
                0x00007e04       0x9e ./SDK/platform/drivers/src/clock/S32K1xx/clock_S32K1xx.o
                0x00007e04                clockNameMappings
 *fill*         0x00007ea2        0x2 
 .rodata.maxSysClksInHSRUN.7598
                0x00007ea4       0x54 ./SDK/platform/drivers/src/clock/S32K1xx/clock_S32K1xx.o
 .rodata.maxSysClksInRUN.7597
                0x00007ef8       0x54 ./SDK/platform/drivers/src/clock/S32K1xx/clock_S32K1xx.o
 .rodata.maxSysClksInVLPR.7596
                0x00007f4c       0x54 ./SDK/platform/drivers/src/clock/S32K1xx/clock_S32K1xx.o
 .rodata.peripheralFeaturesList
                0x00007fa0       0x4f ./SDK/platform/drivers/src/clock/S32K1xx/clock_S32K1xx.o
                0x00007fa0                peripheralFeaturesList
 *fill*         0x00007fef        0x1 
 .rodata.g_flexcanBase
                0x00007ff0        0xc ./SDK/platform/drivers/src/flexcan/flexcan_driver.o
 .rodata.g_flexcanBusOffIrqId
                0x00007ffc        0x3 ./SDK/platform/drivers/src/flexcan/flexcan_driver.o
 *fill*         0x00007fff        0x1 
 .rodata.g_flexcanErrorIrqId
                0x00008000        0x3 ./SDK/platform/drivers/src/flexcan/flexcan_driver.o
 *fill*         0x00008003        0x1 
 .rodata.g_flexcanOredMessageBufferIrqId
                0x00008004        0x6 ./SDK/platform/drivers/src/flexcan/flexcan_driver.o
 *fill*         0x0000800a        0x2 
 .rodata.g_flexcanWakeUpIrqId
                0x0000800c        0x3 ./SDK/platform/drivers/src/flexcan/flexcan_driver.o
 *fill*         0x0000800f        0x1 
 .rodata.payload_code.7337
                0x00008010       0x41 ./SDK/platform/drivers/src/flexcan/flexcan_hw_access.o
 *fill*         0x00008051        0x3 
 .rodata.s_baudratePrescaler
                0x00008054       0x20 ./SDK/platform/drivers/src/lpspi/lpspi_hw_access.o
 .rodata.s_lpuartBase
                0x00008074        0xc ./SDK/platform/drivers/src/lpuart/lpuart_driver.o
 .rodata.s_lpuartClkNames
                0x00008080        0x3 ./SDK/platform/drivers/src/lpuart/lpuart_driver.o
 *fill*         0x00008083        0x1 
 .rodata.s_lpuartRxTxIrqId
                0x00008084        0x3 ./SDK/platform/drivers/src/lpuart/lpuart_driver.o
 *fill*         0x00008087        0x1 
 .rodata.all_ecu_fault_check.str1.4
                0x00008088        0xb ./Sources/apm_std.o
 *fill*         0x00008093        0x1 
 .rodata.brake_released.str1.4
                0x00008094       0x29 ./Sources/can0.o
 *fill*         0x000080bd        0x3 
 .rodata.system_states.str1.4
                0x000080c0       0xac ./Sources/system_states.o
 .rodata._svfprintf_r.str1.1
                0x0000816c       0x11 C:/NXP/S32DS_ARM_v2.2/S32DS/build_tools/gcc_v6.3/gcc-6.3-arm32-eabi/arm-none-eabi/newlib/lib/thumb/v7e-m/fpv4-sp/hard\libc_nano.a(lib_a-nano-svfprintf.o)
 .rodata._printf_i.str1.1
                0x0000817d       0x22 C:/NXP/S32DS_ARM_v2.2/S32DS/build_tools/gcc_v6.3/gcc-6.3-arm32-eabi/arm-none-eabi/newlib/lib/thumb/v7e-m/fpv4-sp/hard\libc_nano.a(lib_a-nano-vfprintf_i.o)
 *(.init)
 *fill*         0x0000819f        0x1 
 .init          0x000081a0        0x4 c:/nxp/s32ds_arm_v2.2/s32ds/build_tools/gcc_v6.3/gcc-6.3-arm32-eabi/bin/../lib/gcc/arm-none-eabi/6.3.1/thumb/v7e-m/fpv4-sp/hard/crti.o
                0x000081a0                _init
 *(.fini)
 .fini          0x000081a4        0x4 c:/nxp/s32ds_arm_v2.2/s32ds/build_tools/gcc_v6.3/gcc-6.3-arm32-eabi/bin/../lib/gcc/arm-none-eabi/6.3.1/thumb/v7e-m/fpv4-sp/hard/crti.o
                0x000081a4                _fini
 *(.eh_frame)
                0x000081a8                . = ALIGN (0x4)

.glue_7         0x000081a8        0x0
 .glue_7        0x000081a8        0x0 linker stubs

.glue_7t        0x000081a8        0x0
 .glue_7t       0x000081a8        0x0 linker stubs

.vfp11_veneer   0x000081a8        0x0
 .vfp11_veneer  0x000081a8        0x0 linker stubs

.v4_bx          0x000081a8        0x0
 .v4_bx         0x000081a8        0x0 linker stubs

.iplt           0x000081a8        0x0
 .iplt          0x000081a8        0x0 c:/nxp/s32ds_arm_v2.2/s32ds/build_tools/gcc_v6.3/gcc-6.3-arm32-eabi/bin/../lib/gcc/arm-none-eabi/6.3.1/thumb/v7e-m/fpv4-sp/hard/crtbegin.o

.ARM            0x000081a8        0x8
                0x000081a8                __exidx_start = .
 *(.ARM.exidx*)
 .ARM.exidx     0x000081a8        0x8 c:/nxp/s32ds_arm_v2.2/s32ds/build_tools/gcc_v6.3/gcc-6.3-arm32-eabi/bin/../lib/gcc/arm-none-eabi/6.3.1/thumb/v7e-m/fpv4-sp/hard\libgcc.a(_udivmoddi4.o)
                0x000081b0                __exidx_end = .
                0x000081b0                __etext = .
                0x000081b0                __DATA_ROM = .

.rel.dyn        0x000081b0        0x0
 .rel.iplt      0x000081b0        0x0 c:/nxp/s32ds_arm_v2.2/s32ds/build_tools/gcc_v6.3/gcc-6.3-arm32-eabi/bin/../lib/gcc/arm-none-eabi/6.3.1/thumb/v7e-m/fpv4-sp/hard/crtbegin.o

.interrupts_ram
                0x1fff8000      0x400
                0x1fff8000                . = ALIGN (0x4)
                0x1fff8000                __VECTOR_RAM__ = .
                0x1fff8000                __RAM_START = .
                0x1fff8000                __interrupts_ram_start__ = .
 *(.m_interrupts_ram)
                0x1fff8400                . = (. + M_VECTOR_RAM_SIZE)
 *fill*         0x1fff8000      0x400 
                0x1fff8400                . = ALIGN (0x4)
                0x1fff8400                __interrupts_ram_end__ = .
                0x1fff8000                __VECTOR_RAM = DEFINED (__flash_vector_table__)?ORIGIN (m_interrupts):__VECTOR_RAM__
                0x00000400                __RAM_VECTOR_TABLE_SIZE = DEFINED (__flash_vector_table__)?0x0:(__interrupts_ram_end__ - __interrupts_ram_start__)

.data           0x1fff8400      0x56c load address 0x000081b0
                0x1fff8400                . = ALIGN (0x4)
                0x1fff8400                __DATA_RAM = .
                0x1fff8400                __data_start__ = .
 *(.data)
 *(.data*)
 .data.clockMan1_InitConfig0
                0x1fff8400       0x78 ./Generated_Code/clockMan1.o
                0x1fff8400                clockMan1_InitConfig0
 .data.peripheralClockConfig0
                0x1fff8478       0x64 ./Generated_Code/clockMan1.o
                0x1fff8478                peripheralClockConfig0
 .data.g_pin_mux_InitConfigArr
                0x1fff84dc      0x1c8 ./Generated_Code/pin_mux.o
                0x1fff84dc                g_pin_mux_InitConfigArr
 .data.peripheralClockConfig.7360
                0x1fff86a4       0xa0 ./SDK/platform/drivers/src/clock/S32K1xx/clock_S32K1xx.o
 .data.g_lpspiBase
                0x1fff8744        0xc ./SDK/platform/drivers/src/lpspi/lpspi_shared_function.o
                0x1fff8744                g_lpspiBase
 .data.g_lpspiIrqId
                0x1fff8750        0x3 ./SDK/platform/drivers/src/lpspi/lpspi_shared_function.o
                0x1fff8750                g_lpspiIrqId
 *fill*         0x1fff8753        0x1 
 .data.g_lpuartIsr
                0x1fff8754        0xc ./SDK/platform/drivers/src/lpuart/lpuart_irq.o
                0x1fff8754                g_lpuartIsr
 .data.can0     0x1fff8760        0xc ./Sources/can0.o
                0x1fff8760                can0
 *fill*         0x1fff876c        0x4 
 .data.bms      0x1fff8770       0x40 ./Sources/can1.o
                0x1fff8770                bms
 .data.brake    0x1fff87b0       0x40 ./Sources/can1.o
                0x1fff87b0                brake
 .data.can1     0x1fff87f0        0xc ./Sources/can1.o
                0x1fff87f0                can1
 .data.mask     0x1fff87fc        0x4 ./Sources/can1.o
                0x1fff87fc                mask
 .data.mcu      0x1fff8800       0x40 ./Sources/can1.o
                0x1fff8800                mcu
 .data.obc      0x1fff8840       0x40 ./Sources/can1.o
                0x1fff8840                obc
 .data.pdu      0x1fff8880       0x40 ./Sources/can1.o
                0x1fff8880                pdu
 .data.can2     0x1fff88c0        0xc ./Sources/can2.o
                0x1fff88c0                can2
 .data.pin_init_check
                0x1fff88cc        0x2 ./Sources/pin_config.o
                0x1fff88cc                pin_init_check
 *fill*         0x1fff88ce        0x2 
 .data.Setpoint
                0x1fff88d0        0x8 ./Sources/spi0.o
                0x1fff88d0                Setpoint
 .data.consKd   0x1fff88d8        0x8 ./Sources/spi0.o
                0x1fff88d8                consKd
 .data.consKi   0x1fff88e0        0x8 ./Sources/spi0.o
                0x1fff88e0                consKi
 .data.consKp   0x1fff88e8        0x8 ./Sources/spi0.o
                0x1fff88e8                consKp
 .data.spi0     0x1fff88f0        0xc ./Sources/spi0.o
                0x1fff88f0                spi0
 .data.clock_init_check
                0x1fff88fc        0x2 ./Sources/syst_clk.o
                0x1fff88fc                clock_init_check
 .data.obc_id   0x1fff88fe        0x1 ./Sources/system_states.o
                0x1fff88fe                obc_id
 .data.run_flag
                0x1fff88ff        0x1 ./Sources/system_states.o
                0x1fff88ff                run_flag
 .data.send_to_bms
                0x1fff8900        0x1 ./Sources/system_states.o
                0x1fff8900                send_to_bms
 .data.stop_flag
                0x1fff8901        0x1 ./Sources/system_states.o
                0x1fff8901                stop_flag
 .data.vcu_id   0x1fff8902        0x1 ./Sources/system_states.o
                0x1fff8902                vcu_id
 *fill*         0x1fff8903        0x1 
 .data.uart_init_check
                0x1fff8904        0x2 ./Sources/uart0.o
                0x1fff8904                uart_init_check
 *fill*         0x1fff8906        0x2 
 .data._impure_ptr
                0x1fff8908        0x4 C:/NXP/S32DS_ARM_v2.2/S32DS/build_tools/gcc_v6.3/gcc-6.3-arm32-eabi/arm-none-eabi/newlib/lib/thumb/v7e-m/fpv4-sp/hard\libc_nano.a(lib_a-impure.o)
                0x1fff8908                _impure_ptr
 .data.impure_data
                0x1fff890c       0x60 C:/NXP/S32DS_ARM_v2.2/S32DS/build_tools/gcc_v6.3/gcc-6.3-arm32-eabi/arm-none-eabi/newlib/lib/thumb/v7e-m/fpv4-sp/hard\libc_nano.a(lib_a-impure.o)
                0x1fff896c                . = ALIGN (0x4)
                0x1fff896c                __data_end__ = .
                0x0000871c                __DATA_END = (__DATA_ROM + (__data_end__ - __data_start__))
                0x0000871c                __CODE_ROM = __DATA_END

.igot.plt       0x1fff896c        0x0 load address 0x0000871c
 .igot.plt      0x1fff896c        0x0 c:/nxp/s32ds_arm_v2.2/s32ds/build_tools/gcc_v6.3/gcc-6.3-arm32-eabi/bin/../lib/gcc/arm-none-eabi/6.3.1/thumb/v7e-m/fpv4-sp/hard/crtbegin.o

.code           0x1fff896c        0x0 load address 0x0000871c
                0x1fff896c                . = ALIGN (0x4)
                0x1fff896c                __CODE_RAM = .
                0x1fff896c                __code_start__ = .
                0x1fff896c                __code_ram_start__ = .
 *(.code_ram)
                0x1fff896c                . = ALIGN (0x4)
                0x1fff896c                __code_end__ = .
                0x1fff896c                __code_ram_end__ = .
                0x0000871c                __CODE_END = (__CODE_ROM + (__code_end__ - __code_start__))
                0x0000871c                __CUSTOM_ROM = __CODE_END

.customSectionBlock
                0x20000000        0x0 load address 0x0000871c
                0x20000000                __customSection_start__ = .
 *(.customSection)
                0x20000000                __customSection_end__ = .
                0x0000871c                __CUSTOM_END = (__CUSTOM_ROM + (__customSection_end__ - __customSection_start__))

.bss            0x20000000      0x6d0
                0x20000000                . = ALIGN (0x4)
                0x20000000                __BSS_START = .
                0x20000000                __bss_start__ = .
 *(.bss)
 *(.bss*)
 .bss.canCom1_State
                0x20000000      0x114 ./Generated_Code/canCom1.o
                0x20000000                canCom1_State
 .bss.canCom2_State
                0x20000114      0x114 ./Generated_Code/canCom2.o
                0x20000114                canCom2_State
 .bss.canCom3_State
                0x20000228      0x114 ./Generated_Code/canCom3.o
                0x20000228                canCom3_State
 .bss.lpspiCom1State
                0x2000033c       0x34 ./Generated_Code/lpspiCom1.o
                0x2000033c                lpspiCom1State
 .bss.lpuart1_State
                0x20000370       0x34 ./Generated_Code/lpuart1.o
                0x20000370                lpuart1_State
 .bss.g_RtcClkInFreq
                0x200003a4        0x4 ./SDK/platform/drivers/src/clock/S32K1xx/clock_S32K1xx.o
                0x200003a4                g_RtcClkInFreq
 .bss.g_TClkFreq
                0x200003a8        0xc ./SDK/platform/drivers/src/clock/S32K1xx/clock_S32K1xx.o
                0x200003a8                g_TClkFreq
 .bss.g_xtal0ClkFreq
                0x200003b4        0x4 ./SDK/platform/drivers/src/clock/S32K1xx/clock_S32K1xx.o
                0x200003b4                g_xtal0ClkFreq
 .bss.s_virtEdmaState
                0x200003b8        0x4 ./SDK/platform/drivers/src/edma/edma_driver.o
 .bss.g_flexcanStatePtr
                0x200003bc        0xc ./SDK/platform/drivers/src/flexcan/flexcan_driver.o
 .bss.g_interruptDisableCount
                0x200003c8        0x4 ./SDK/platform/drivers/src/interrupt/interrupt_manager.o
 .bss.g_lpspiStatePtr
                0x200003cc        0xc ./SDK/platform/drivers/src/lpspi/lpspi_shared_function.o
                0x200003cc                g_lpspiStatePtr
 .bss.s_lpuartStatePtr
                0x200003d8        0xc ./SDK/platform/drivers/src/lpuart/lpuart_driver.o
 .bss.s_osif_tick_cnt
                0x200003e4        0x4 ./SDK/rtos/osif/osif_baremetal.o
 .bss.flag      0x200003e8        0x4 ./Sources/apm_std.o
                0x200003e8                flag
 .bss.intr_triger
                0x200003ec        0x1 ./Sources/apm_std.o
                0x200003ec                intr_triger
 *fill*         0x200003ed        0x3 
 .bss.pinstate  0x200003f0        0x4 ./Sources/apm_std.o
                0x200003f0                pinstate
 .bss.byte_5    0x200003f4        0x1 ./Sources/can0.o
                0x200003f4                byte_5
 .bss.byte_6    0x200003f5        0x1 ./Sources/can0.o
                0x200003f5                byte_6
 *fill*         0x200003f6        0x2 
 .bss.can0_data_init
                0x200003f8        0xc ./Sources/can0.o
                0x200003f8                can0_data_init
 .bss.can0_data_init_std
                0x20000404        0xc ./Sources/can0.o
                0x20000404                can0_data_init_std
 .bss.count_inc
                0x20000410        0x1 ./Sources/can0.o
                0x20000410                count_inc
 *fill*         0x20000411        0x1 
 .bss.dec_u16   0x20000412        0x2 ./Sources/can0.o
                0x20000412                dec_u16
 .bss.ones_comp_u16
                0x20000414        0x2 ./Sources/can0.o
                0x20000414                ones_comp_u16
 .bss.press_bar
                0x20000416        0x1 ./Sources/can0.o
                0x20000416                press_bar
 .bss.press_valid
                0x20000417        0x1 ./Sources/can0.o
                0x20000417                press_valid
 .bss.rx_can0_init_std
                0x20000418       0x4c ./Sources/can0.o
                0x20000418                rx_can0_init_std
 .bss.twos_comp_u16
                0x20000464        0x2 ./Sources/can0.o
                0x20000464                twos_comp_u16
 .bss.Motor_rpm
                0x20000466        0x1 ./Sources/can1.o
                0x20000466                Motor_rpm
 *fill*         0x20000467        0x1 
 .bss.all_ecu   0x20000468       0x40 ./Sources/can1.o
                0x20000468                all_ecu
 .bss.applied_press
                0x200004a8        0x2 ./Sources/can1.o
                0x200004a8                applied_press
 *fill*         0x200004aa        0x2 
 .bss.can1_data_init
                0x200004ac        0xc ./Sources/can1.o
                0x200004ac                can1_data_init
 .bss.can1_data_init_std
                0x200004b8        0xc ./Sources/can1.o
                0x200004b8                can1_data_init_std
 .bss.dc_dc_on  0x200004c4        0x1 ./Sources/can1.o
                0x200004c4                dc_dc_on
 .bss.diagnosis_on
                0x200004c5        0x1 ./Sources/can1.o
                0x200004c5                diagnosis_on
 .bss.diagnosis_success
                0x200004c6        0x1 ./Sources/can1.o
                0x200004c6                diagnosis_success
 .bss.eps_on    0x200004c7        0x1 ./Sources/can1.o
                0x200004c7                eps_on
 .bss.error_in_dc_dc
                0x200004c8        0x1 ./Sources/can1.o
                0x200004c8                error_in_dc_dc
 .bss.error_in_eps
                0x200004c9        0x1 ./Sources/can1.o
                0x200004c9                error_in_eps
 .bss.error_in_imd
                0x200004ca        0x1 ./Sources/can1.o
                0x200004ca                error_in_imd
 .bss.imd_on    0x200004cb        0x1 ./Sources/can1.o
                0x200004cb                imd_on
 .bss.rfid_tag  0x200004cc        0x1 ./Sources/can1.o
                0x200004cc                rfid_tag
 *fill*         0x200004cd        0x3 
 .bss.rx_can1_init
                0x200004d0       0x4c ./Sources/can1.o
                0x200004d0                rx_can1_init
 .bss.wake_up_success
                0x2000051c        0x1 ./Sources/can1.o
                0x2000051c                wake_up_success
 *fill*         0x2000051d        0x3 
 .bss.can2_data_init
                0x20000520        0xc ./Sources/can2.o
                0x20000520                can2_data_init
 .bss.check_sum_trip_ack_rx
                0x2000052c        0x2 ./Sources/can2.o
                0x2000052c                check_sum_trip_ack_rx
 .bss.check_sum_tx_status
                0x2000052e        0x2 ./Sources/can2.o
                0x2000052e                check_sum_tx_status
 .bss.rx_can2_init
                0x20000530       0x4c ./Sources/can2.o
                0x20000530                rx_can2_init
 .bss.trip_status_send
                0x2000057c        0x1 ./Sources/can2.o
                0x2000057c                trip_status_send
 .bss.pin_check
                0x2000057d        0x1 ./Sources/pin_config.o
                0x2000057d                pin_check
 *fill*         0x2000057e        0x2 
 .bss.Input     0x20000580        0x8 ./Sources/spi0.o
                0x20000580                Input
 .bss.Output    0x20000588        0x8 ./Sources/spi0.o
                0x20000588                Output
 .bss.TPID      0x20000590       0x70 ./Sources/spi0.o
                0x20000590                TPID
 .bss.clock_check
                0x20000600        0x1 ./Sources/syst_clk.o
                0x20000600                clock_check
 .bss.Critical_System_Status
                0x20000601        0x1 ./Sources/system_states.o
                0x20000601                Critical_System_Status
 .bss.Pay_load  0x20000602        0x1 ./Sources/system_states.o
                0x20000602                Pay_load
 .bss.brake_data_send
                0x20000603        0x1 ./Sources/system_states.o
                0x20000603                brake_data_send
 .bss.brake_initial_check
                0x20000604        0x1 ./Sources/system_states.o
                0x20000604                brake_initial_check
 *fill*         0x20000605        0x3 
 .bss.brake_initial_count
                0x20000608        0x4 ./Sources/system_states.o
                0x20000608                brake_initial_count
 .bss.charger_contactor_state
                0x2000060c        0x1 ./Sources/system_states.o
                0x2000060c                charger_contactor_state
 .bss.current_state
                0x2000060d        0x1 ./Sources/system_states.o
                0x2000060d                current_state
 .bss.data_byte
                0x2000060e        0x1 ./Sources/system_states.o
                0x2000060e                data_byte
 .bss.dc_dc_state
                0x2000060f        0x1 ./Sources/system_states.o
                0x2000060f                dc_dc_state
 .bss.fault_checks_enable
                0x20000610        0x1 ./Sources/system_states.o
                0x20000610                fault_checks_enable
 .bss.feedback_from_pdu
                0x20000611        0x1 ./Sources/system_states.o
                0x20000611                feedback_from_pdu
 .bss.hb_check_obc
                0x20000612        0x1 ./Sources/system_states.o
                0x20000612                hb_check_obc
 .bss.hvac_state
                0x20000613        0x1 ./Sources/system_states.o
                0x20000613                hvac_state
 .bss.mcu_start_tmr_check
                0x20000614        0x1 ./Sources/system_states.o
                0x20000614                mcu_start_tmr_check
 .bss.motor_check_on
                0x20000615        0x1 ./Sources/system_states.o
                0x20000615                motor_check_on
 .bss.motor_state
                0x20000616        0x1 ./Sources/system_states.o
                0x20000616                motor_state
 *fill*         0x20000617        0x1 
 .bss.obc_hb_count_tx
                0x20000618        0x4 ./Sources/system_states.o
                0x20000618                obc_hb_count_tx
 .bss.obj_dect  0x2000061c        0x1 ./Sources/system_states.o
                0x2000061c                obj_dect
 .bss.obj_detection
                0x2000061d        0x1 ./Sources/system_states.o
                0x2000061d                obj_detection
 .bss.pid_enable
                0x2000061e        0x1 ./Sources/system_states.o
                0x2000061e                pid_enable
 *fill*         0x2000061f        0x1 
 .bss.pid_time_count
                0x20000620        0x4 ./Sources/system_states.o
                0x20000620                pid_time_count
 .bss.send_data_to_pdu_flag
                0x20000624        0x1 ./Sources/system_states.o
                0x20000624                send_data_to_pdu_flag
 .bss.start_pdu_check
                0x20000625        0x1 ./Sources/system_states.o
                0x20000625                start_pdu_check
 .bss.state_status
                0x20000626        0x1 ./Sources/system_states.o
                0x20000626                state_status
 .bss.steering_check
                0x20000627        0x1 ./Sources/system_states.o
                0x20000627                steering_check
 .bss.trip_ack_rx_buf
                0x20000628        0x8 ./Sources/system_states.o
                0x20000628                trip_ack_rx_buf
 .bss.trip_data_buf
                0x20000630        0x8 ./Sources/system_states.o
                0x20000630                trip_data_buf
 .bss.trip_status
                0x20000638        0x1 ./Sources/system_states.o
                0x20000638                trip_status
 *fill*         0x20000639        0x3 
 .bss.tx_buff   0x2000063c       0x80 ./Sources/system_states.o
                0x2000063c                tx_buff
 .bss.uart_check
                0x200006bc        0x1 ./Sources/uart0.o
                0x200006bc                uart_check
 *fill*         0x200006bd        0x3 
 .bss.__malloc_free_list
                0x200006c0        0x4 C:/NXP/S32DS_ARM_v2.2/S32DS/build_tools/gcc_v6.3/gcc-6.3-arm32-eabi/arm-none-eabi/newlib/lib/thumb/v7e-m/fpv4-sp/hard\libc_nano.a(lib_a-nano-mallocr.o)
                0x200006c0                __malloc_free_list
 .bss.__malloc_sbrk_start
                0x200006c4        0x4 C:/NXP/S32DS_ARM_v2.2/S32DS/build_tools/gcc_v6.3/gcc-6.3-arm32-eabi/arm-none-eabi/newlib/lib/thumb/v7e-m/fpv4-sp/hard\libc_nano.a(lib_a-nano-mallocr.o)
                0x200006c4                __malloc_sbrk_start
 .bss.heap_end.5365
                0x200006c8        0x4 C:/NXP/S32DS_ARM_v2.2/S32DS/build_tools/gcc_v6.3/gcc-6.3-arm32-eabi/arm-none-eabi/newlib/lib/thumb/v7e-m/fpv4-sp/hard\libnosys.a(sbrk.o)
 *(COMMON)
 COMMON         0x200006cc        0x4 C:/NXP/S32DS_ARM_v2.2/S32DS/build_tools/gcc_v6.3/gcc-6.3-arm32-eabi/arm-none-eabi/newlib/lib/thumb/v7e-m/fpv4-sp/hard\libc_nano.a(lib_a-reent.o)
                0x200006cc                errno
                0x200006d0                . = ALIGN (0x4)
                0x200006d0                __bss_end__ = .
                0x200006d0                __BSS_END = .

.heap           0x200006d0      0x400
                0x200006d0                . = ALIGN (0x8)
                0x200006d0                __end__ = .
                0x200006d0                __heap_start__ = .
                0x200006d0                PROVIDE (end, .)
                [!provide]                PROVIDE (_end, .)
                [!provide]                PROVIDE (__end, .)
                0x200006d0                __HeapBase = .
                0x20000ad0                . = (. + HEAP_SIZE)
 *fill*         0x200006d0      0x400 
                0x20000ad0                __HeapLimit = .
                0x20000ad0                __heap_limit = .
                0x20000ad0                __heap_end__ = .
                0x20007000                __StackTop = (ORIGIN (m_data_2) + LENGTH (m_data_2))
                0x20006c00                __StackLimit = (__StackTop - STACK_SIZE)
                0x20007000                PROVIDE (__stack, __StackTop)
                0x20007000                __RAM_END = __StackTop

.stack          0x20006c00      0x400
                0x20006c00                . = ALIGN (0x8)
                0x20006c00                __stack_start__ = .
                0x20007000                . = (. + STACK_SIZE)
 *fill*         0x20006c00      0x400 
                0x20007000                __stack_end__ = .

.ARM.attributes
                0x00000000       0x30
 *(.ARM.attributes)
 .ARM.attributes
                0x00000000       0x22 c:/nxp/s32ds_arm_v2.2/s32ds/build_tools/gcc_v6.3/gcc-6.3-arm32-eabi/bin/../lib/gcc/arm-none-eabi/6.3.1/thumb/v7e-m/fpv4-sp/hard/crti.o
 .ARM.attributes
                0x00000022       0x39 ./Generated_Code/canCom1.o
 .ARM.attributes
                0x0000005b       0x39 ./Generated_Code/canCom2.o
 .ARM.attributes
                0x00000094       0x39 ./Generated_Code/canCom3.o
 .ARM.attributes
                0x000000cd       0x39 ./Generated_Code/clockMan1.o
 .ARM.attributes
                0x00000106       0x39 ./Generated_Code/lpTmr1.o
 .ARM.attributes
                0x0000013f       0x39 ./Generated_Code/lpspiCom1.o
 .ARM.attributes
                0x00000178       0x39 ./Generated_Code/lpuart1.o
 .ARM.attributes
                0x000001b1       0x39 ./Generated_Code/pin_mux.o
 .ARM.attributes
                0x000001ea       0x1f ./Project_Settings/Startup_Code/startup_S32K144.o
 .ARM.attributes
                0x00000209       0x39 ./SDK/platform/devices/S32K144/startup/system_S32K144.o
 .ARM.attributes
                0x00000242       0x39 ./SDK/platform/devices/startup.o
 .ARM.attributes
                0x0000027b       0x39 ./SDK/platform/drivers/src/clock/S32K1xx/clock_S32K1xx.o
 .ARM.attributes
                0x000002b4       0x39 ./SDK/platform/drivers/src/edma/edma_driver.o
 .ARM.attributes
                0x000002ed       0x39 ./SDK/platform/drivers/src/edma/edma_hw_access.o
 .ARM.attributes
                0x00000326       0x39 ./SDK/platform/drivers/src/edma/edma_irq.o
 .ARM.attributes
                0x0000035f       0x39 ./SDK/platform/drivers/src/flexcan/flexcan_driver.o
 .ARM.attributes
                0x00000398       0x39 ./SDK/platform/drivers/src/flexcan/flexcan_hw_access.o
 .ARM.attributes
                0x000003d1       0x39 ./SDK/platform/drivers/src/flexcan/flexcan_irq.o
 .ARM.attributes
                0x0000040a       0x39 ./SDK/platform/drivers/src/interrupt/interrupt_manager.o
 .ARM.attributes
                0x00000443       0x39 ./SDK/platform/drivers/src/lpspi/lpspi_hw_access.o
 .ARM.attributes
                0x0000047c       0x39 ./SDK/platform/drivers/src/lpspi/lpspi_irq.o
 .ARM.attributes
                0x000004b5       0x39 ./SDK/platform/drivers/src/lpspi/lpspi_master_driver.o
 .ARM.attributes
                0x000004ee       0x39 ./SDK/platform/drivers/src/lpspi/lpspi_shared_function.o
 .ARM.attributes
                0x00000527       0x39 ./SDK/platform/drivers/src/lpspi/lpspi_slave_driver.o
 .ARM.attributes
                0x00000560       0x39 ./SDK/platform/drivers/src/lptmr/lptmr_driver.o
 .ARM.attributes
                0x00000599       0x39 ./SDK/platform/drivers/src/lptmr/lptmr_hw_access.o
 .ARM.attributes
                0x000005d2       0x39 ./SDK/platform/drivers/src/lpuart/lpuart_driver.o
 .ARM.attributes
                0x0000060b       0x39 ./SDK/platform/drivers/src/lpuart/lpuart_hw_access.o
 .ARM.attributes
                0x00000644       0x39 ./SDK/platform/drivers/src/lpuart/lpuart_irq.o
 .ARM.attributes
                0x0000067d       0x39 ./SDK/platform/drivers/src/pins/pins_driver.o
 .ARM.attributes
                0x000006b6       0x39 ./SDK/platform/drivers/src/pins/pins_port_hw_access.o
 .ARM.attributes
                0x000006ef       0x39 ./SDK/rtos/osif/osif_baremetal.o
 .ARM.attributes
                0x00000728       0x39 ./Sources/apm_std.o
 .ARM.attributes
                0x00000761       0x39 ./Sources/can0.o
 .ARM.attributes
                0x0000079a       0x39 ./Sources/can1.o
 .ARM.attributes
                0x000007d3       0x39 ./Sources/can2.o
 .ARM.attributes
                0x0000080c       0x39 ./Sources/lptimer.o
 .ARM.attributes
                0x00000845       0x39 ./Sources/main.o
 .ARM.attributes
                0x0000087e       0x39 ./Sources/pid.o
 .ARM.attributes
                0x000008b7       0x39 ./Sources/pin_config.o
 .ARM.attributes
                0x000008f0       0x39 ./Sources/spi0.o
 .ARM.attributes
                0x00000929       0x39 ./Sources/syst_clk.o
 .ARM.attributes
                0x00000962       0x39 ./Sources/system_states.o
 .ARM.attributes
                0x0000099b       0x39 ./Sources/uart0.o
 .ARM.attributes
                0x000009d4       0x22 c:/nxp/s32ds_arm_v2.2/s32ds/build_tools/gcc_v6.3/gcc-6.3-arm32-eabi/bin/../lib/gcc/arm-none-eabi/6.3.1/thumb/v7e-m/fpv4-sp/hard\libgcc.a(_arm_addsubdf3.o)
 .ARM.attributes
                0x000009f6       0x22 c:/nxp/s32ds_arm_v2.2/s32ds/build_tools/gcc_v6.3/gcc-6.3-arm32-eabi/bin/../lib/gcc/arm-none-eabi/6.3.1/thumb/v7e-m/fpv4-sp/hard\libgcc.a(_arm_muldivdf3.o)
 .ARM.attributes
                0x00000a18       0x22 c:/nxp/s32ds_arm_v2.2/s32ds/build_tools/gcc_v6.3/gcc-6.3-arm32-eabi/bin/../lib/gcc/arm-none-eabi/6.3.1/thumb/v7e-m/fpv4-sp/hard\libgcc.a(_arm_cmpdf2.o)
 .ARM.attributes
                0x00000a3a       0x22 c:/nxp/s32ds_arm_v2.2/s32ds/build_tools/gcc_v6.3/gcc-6.3-arm32-eabi/bin/../lib/gcc/arm-none-eabi/6.3.1/thumb/v7e-m/fpv4-sp/hard\libgcc.a(_arm_fixunsdfsi.o)
 .ARM.attributes
                0x00000a5c       0x22 c:/nxp/s32ds_arm_v2.2/s32ds/build_tools/gcc_v6.3/gcc-6.3-arm32-eabi/bin/../lib/gcc/arm-none-eabi/6.3.1/thumb/v7e-m/fpv4-sp/hard\libgcc.a(_aeabi_uldivmod.o)
 .ARM.attributes
                0x00000a7e       0x34 c:/nxp/s32ds_arm_v2.2/s32ds/build_tools/gcc_v6.3/gcc-6.3-arm32-eabi/bin/../lib/gcc/arm-none-eabi/6.3.1/thumb/v7e-m/fpv4-sp/hard\libgcc.a(_udivmoddi4.o)
 .ARM.attributes
                0x00000ab2       0x22 c:/nxp/s32ds_arm_v2.2/s32ds/build_tools/gcc_v6.3/gcc-6.3-arm32-eabi/bin/../lib/gcc/arm-none-eabi/6.3.1/thumb/v7e-m/fpv4-sp/hard\libgcc.a(_dvmd_tls.o)
 .ARM.attributes
                0x00000ad4       0x34 C:/NXP/S32DS_ARM_v2.2/S32DS/build_tools/gcc_v6.3/gcc-6.3-arm32-eabi/arm-none-eabi/newlib/lib/thumb/v7e-m/fpv4-sp/hard\libc_nano.a(lib_a-impure.o)
 .ARM.attributes
                0x00000b08       0x34 C:/NXP/S32DS_ARM_v2.2/S32DS/build_tools/gcc_v6.3/gcc-6.3-arm32-eabi/arm-none-eabi/newlib/lib/thumb/v7e-m/fpv4-sp/hard\libc_nano.a(lib_a-memset.o)
 .ARM.attributes
                0x00000b3c       0x34 C:/NXP/S32DS_ARM_v2.2/S32DS/build_tools/gcc_v6.3/gcc-6.3-arm32-eabi/arm-none-eabi/newlib/lib/thumb/v7e-m/fpv4-sp/hard\libc_nano.a(lib_a-sprintf.o)
 .ARM.attributes
                0x00000b70       0x1b C:/NXP/S32DS_ARM_v2.2/S32DS/build_tools/gcc_v6.3/gcc-6.3-arm32-eabi/arm-none-eabi/newlib/lib/thumb/v7e-m/fpv4-sp/hard\libc_nano.a(lib_a-strlen.o)
 .ARM.attributes
                0x00000b8b       0x34 C:/NXP/S32DS_ARM_v2.2/S32DS/build_tools/gcc_v6.3/gcc-6.3-arm32-eabi/arm-none-eabi/newlib/lib/thumb/v7e-m/fpv4-sp/hard\libc_nano.a(lib_a-nano-svfprintf.o)
 .ARM.attributes
                0x00000bbf       0x34 C:/NXP/S32DS_ARM_v2.2/S32DS/build_tools/gcc_v6.3/gcc-6.3-arm32-eabi/arm-none-eabi/newlib/lib/thumb/v7e-m/fpv4-sp/hard\libc_nano.a(lib_a-nano-vfprintf_i.o)
 .ARM.attributes
                0x00000bf3       0x20 C:/NXP/S32DS_ARM_v2.2/S32DS/build_tools/gcc_v6.3/gcc-6.3-arm32-eabi/arm-none-eabi/newlib/lib/thumb/v7e-m/fpv4-sp/hard\libc_nano.a(lib_a-memchr.o)
 .ARM.attributes
                0x00000c13       0x34 C:/NXP/S32DS_ARM_v2.2/S32DS/build_tools/gcc_v6.3/gcc-6.3-arm32-eabi/arm-none-eabi/newlib/lib/thumb/v7e-m/fpv4-sp/hard\libc_nano.a(lib_a-memcpy-stub.o)
 .ARM.attributes
                0x00000c47       0x34 C:/NXP/S32DS_ARM_v2.2/S32DS/build_tools/gcc_v6.3/gcc-6.3-arm32-eabi/arm-none-eabi/newlib/lib/thumb/v7e-m/fpv4-sp/hard\libc_nano.a(lib_a-memmove.o)
 .ARM.attributes
                0x00000c7b       0x34 C:/NXP/S32DS_ARM_v2.2/S32DS/build_tools/gcc_v6.3/gcc-6.3-arm32-eabi/arm-none-eabi/newlib/lib/thumb/v7e-m/fpv4-sp/hard\libc_nano.a(lib_a-nano-freer.o)
 .ARM.attributes
                0x00000caf       0x34 C:/NXP/S32DS_ARM_v2.2/S32DS/build_tools/gcc_v6.3/gcc-6.3-arm32-eabi/arm-none-eabi/newlib/lib/thumb/v7e-m/fpv4-sp/hard\libc_nano.a(lib_a-nano-mallocr.o)
 .ARM.attributes
                0x00000ce3       0x34 C:/NXP/S32DS_ARM_v2.2/S32DS/build_tools/gcc_v6.3/gcc-6.3-arm32-eabi/arm-none-eabi/newlib/lib/thumb/v7e-m/fpv4-sp/hard\libc_nano.a(lib_a-nano-reallocr.o)
 .ARM.attributes
                0x00000d17       0x34 C:/NXP/S32DS_ARM_v2.2/S32DS/build_tools/gcc_v6.3/gcc-6.3-arm32-eabi/arm-none-eabi/newlib/lib/thumb/v7e-m/fpv4-sp/hard\libc_nano.a(lib_a-sbrkr.o)
 .ARM.attributes
                0x00000d4b       0x34 C:/NXP/S32DS_ARM_v2.2/S32DS/build_tools/gcc_v6.3/gcc-6.3-arm32-eabi/arm-none-eabi/newlib/lib/thumb/v7e-m/fpv4-sp/hard\libc_nano.a(lib_a-mlock.o)
 .ARM.attributes
                0x00000d7f       0x34 C:/NXP/S32DS_ARM_v2.2/S32DS/build_tools/gcc_v6.3/gcc-6.3-arm32-eabi/arm-none-eabi/newlib/lib/thumb/v7e-m/fpv4-sp/hard\libc_nano.a(lib_a-nano-msizer.o)
 .ARM.attributes
                0x00000db3       0x34 C:/NXP/S32DS_ARM_v2.2/S32DS/build_tools/gcc_v6.3/gcc-6.3-arm32-eabi/arm-none-eabi/newlib/lib/thumb/v7e-m/fpv4-sp/hard\libc_nano.a(lib_a-reent.o)
 .ARM.attributes
                0x00000de7       0x34 C:/NXP/S32DS_ARM_v2.2/S32DS/build_tools/gcc_v6.3/gcc-6.3-arm32-eabi/arm-none-eabi/newlib/lib/thumb/v7e-m/fpv4-sp/hard\libnosys.a(sbrk.o)
                0x00000001                ASSERT ((__StackLimit >= __HeapLimit), region m_data_2 overflowed with stack and heap)
OUTPUT(Tata_ace_chassis_vcu_code.elf elf32-littlearm)

.debug_info     0x00000000    0x5fa7b
 .debug_info    0x00000000     0x2a8a ./Generated_Code/canCom1.o
 .debug_info    0x00002a8a     0x2a8a ./Generated_Code/canCom2.o
 .debug_info    0x00005514     0x2a8a ./Generated_Code/canCom3.o
 .debug_info    0x00007f9e     0x2bb2 ./Generated_Code/clockMan1.o
 .debug_info    0x0000ab50     0x2a7d ./Generated_Code/lpTmr1.o
 .debug_info    0x0000d5cd     0x2a97 ./Generated_Code/lpspiCom1.o
 .debug_info    0x00010064     0x2a8a ./Generated_Code/lpuart1.o
 .debug_info    0x00012aee      0x406 ./Generated_Code/pin_mux.o
 .debug_info    0x00012ef4      0x521 ./SDK/platform/devices/S32K144/startup/system_S32K144.o
 .debug_info    0x00013415      0x2ad ./SDK/platform/devices/startup.o