Archive member included to satisfy reference by file (symbol)

c:/nxp/s32ds_arm_v2.2/s32ds/build_tools/gcc_v6.3/gcc-6.3-arm32-eabi/bin/../lib/gcc/arm-none-eabi/6.3.1/thumb/v7e-m/fpv4-sp/hard\libgcc.a(_arm_addsubdf3.o)
                              ./Sources/pid.o (__aeabi_dsub)
c:/nxp/s32ds_arm_v2.2/s32ds/build_tools/gcc_v6.3/gcc-6.3-arm32-eabi/bin/../lib/gcc/arm-none-eabi/6.3.1/thumb/v7e-m/fpv4-sp/hard\libgcc.a(_arm_muldivdf3.o)
                              ./Sources/can0.o (__aeabi_dmul)
c:/nxp/s32ds_arm_v2.2/s32ds/build_tools/gcc_v6.3/gcc-6.3-arm32-eabi/bin/../lib/gcc/arm-none-eabi/6.3.1/thumb/v7e-m/fpv4-sp/hard\libgcc.a(_arm_cmpdf2.o)
                              ./Sources/pid.o (__aeabi_dcmplt)
c:/nxp/s32ds_arm_v2.2/s32ds/build_tools/gcc_v6.3/gcc-6.3-arm32-eabi/bin/../lib/gcc/arm-none-eabi/6.3.1/thumb/v7e-m/fpv4-sp/hard\libgcc.a(_arm_fixunsdfsi.o)
                              ./Sources/can0.o (__aeabi_d2uiz)
c:/nxp/s32ds_arm_v2.2/s32ds/build_tools/gcc_v6.3/gcc-6.3-arm32-eabi/bin/../lib/gcc/arm-none-eabi/6.3.1/thumb/v7e-m/fpv4-sp/hard\libgcc.a(_aeabi_uldivmod.o)
                              ./SDK/platform/drivers/src/lptmr/lptmr_driver.o (__aeabi_uldivmod)
c:/nxp/s32ds_arm_v2.2/s32ds/build_tools/gcc_v6.3/gcc-6.3-arm32-eabi/bin/../lib/gcc/arm-none-eabi/6.3.1/thumb/v7e-m/fpv4-sp/hard\libgcc.a(_udivmoddi4.o)
                              c:/nxp/s32ds_arm_v2.2/s32ds/build_tools/gcc_v6.3/gcc-6.3-arm32-eabi/bin/../lib/gcc/arm-none-eabi/6.3.1/thumb/v7e-m/fpv4-sp/hard\libgcc.a(_aeabi_uldivmod.o) (__udivmoddi4)
c:/nxp/s32ds_arm_v2.2/s32ds/build_tools/gcc_v6.3/gcc-6.3-arm32-eabi/bin/../lib/gcc/arm-none-eabi/6.3.1/thumb/v7e-m/fpv4-sp/hard\libgcc.a(_dvmd_tls.o)
                              c:/nxp/s32ds_arm_v2.2/s32ds/build_tools/gcc_v6.3/gcc-6.3-arm32-eabi/bin/../lib/gcc/arm-none-eabi/6.3.1/thumb/v7e-m/fpv4-sp/hard\libgcc.a(_aeabi_uldivmod.o) (__aeabi_ldiv0)
C:/NXP/S32DS_ARM_v2.2/S32DS/build_tools/gcc_v6.3/gcc-6.3-arm32-eabi/arm-none-eabi/newlib/lib/thumb/v7e-m/fpv4-sp/hard\libc_nano.a(lib_a-exit.o)
                              C:/NXP/S32DS_ARM_v2.2/S32DS/build_tools/gcc_v6.3/gcc-6.3-arm32-eabi/arm-none-eabi/newlib/lib/thumb/v7e-m/fpv4-sp/hard/crt0.o (exit)
C:/NXP/S32DS_ARM_v2.2/S32DS/build_tools/gcc_v6.3/gcc-6.3-arm32-eabi/arm-none-eabi/newlib/lib/thumb/v7e-m/fpv4-sp/hard\libc_nano.a(lib_a-impure.o)
                              C:/NXP/S32DS_ARM_v2.2/S32DS/build_tools/gcc_v6.3/gcc-6.3-arm32-eabi/arm-none-eabi/newlib/lib/thumb/v7e-m/fpv4-sp/hard\libc_nano.a(lib_a-exit.o) (_global_impure_ptr)
C:/NXP/S32DS_ARM_v2.2/S32DS/build_tools/gcc_v6.3/gcc-6.3-arm32-eabi/arm-none-eabi/newlib/lib/thumb/v7e-m/fpv4-sp/hard\libc_nano.a(lib_a-init.o)
                              C:/NXP/S32DS_ARM_v2.2/S32DS/build_tools/gcc_v6.3/gcc-6.3-arm32-eabi/arm-none-eabi/newlib/lib/thumb/v7e-m/fpv4-sp/hard/crt0.o (__libc_init_array)
C:/NXP/S32DS_ARM_v2.2/S32DS/build_tools/gcc_v6.3/gcc-6.3-arm32-eabi/arm-none-eabi/newlib/lib/thumb/v7e-m/fpv4-sp/hard\libc_nano.a(lib_a-memset.o)
                              C:/NXP/S32DS_ARM_v2.2/S32DS/build_tools/gcc_v6.3/gcc-6.3-arm32-eabi/arm-none-eabi/newlib/lib/thumb/v7e-m/fpv4-sp/hard/crt0.o (memset)
C:/NXP/S32DS_ARM_v2.2/S32DS/build_tools/gcc_v6.3/gcc-6.3-arm32-eabi/arm-none-eabi/newlib/lib/thumb/v7e-m/fpv4-sp/hard\libc_nano.a(lib_a-nano-vfprintf_float.o)
                              (_printf_float)
C:/NXP/S32DS_ARM_v2.2/S32DS/build_tools/gcc_v6.3/gcc-6.3-arm32-eabi/arm-none-eabi/newlib/lib/thumb/v7e-m/fpv4-sp/hard\libc_nano.a(lib_a-nano-vfprintf_i.o)
                              C:/NXP/S32DS_ARM_v2.2/S32DS/build_tools/gcc_v6.3/gcc-6.3-arm32-eabi/arm-none-eabi/newlib/lib/thumb/v7e-m/fpv4-sp/hard\libc_nano.a(lib_a-nano-vfprintf_float.o) (_printf_common)
C:/NXP/S32DS_ARM_v2.2/S32DS/build_tools/gcc_v6.3/gcc-6.3-arm32-eabi/arm-none-eabi/newlib/lib/thumb/v7e-m/fpv4-sp/hard\libc_nano.a(lib_a-nano-vfscanf_float.o)
                              (_scanf_float)
C:/NXP/S32DS_ARM_v2.2/S32DS/build_tools/gcc_v6.3/gcc-6.3-arm32-eabi/arm-none-eabi/newlib/lib/thumb/v7e-m/fpv4-sp/hard\libc_nano.a(lib_a-sf_nan.o)
                              C:/NXP/S32DS_ARM_v2.2/S32DS/build_tools/gcc_v6.3/gcc-6.3-arm32-eabi/arm-none-eabi/newlib/lib/thumb/v7e-m/fpv4-sp/hard\libc_nano.a(lib_a-nano-vfscanf_float.o) (nanf)
C:/NXP/S32DS_ARM_v2.2/S32DS/build_tools/gcc_v6.3/gcc-6.3-arm32-eabi/arm-none-eabi/newlib/lib/thumb/v7e-m/fpv4-sp/hard\libc_nano.a(lib_a-sprintf.o)
                              ./Sources/system_states.o (sprintf)
C:/NXP/S32DS_ARM_v2.2/S32DS/build_tools/gcc_v6.3/gcc-6.3-arm32-eabi/arm-none-eabi/newlib/lib/thumb/v7e-m/fpv4-sp/hard\libc_nano.a(lib_a-strlen.o)
                              ./Sources/system_states.o (strlen)
C:/NXP/S32DS_ARM_v2.2/S32DS/build_tools/gcc_v6.3/gcc-6.3-arm32-eabi/arm-none-eabi/newlib/lib/thumb/v7e-m/fpv4-sp/hard\libc_nano.a(lib_a-strtod.o)
[...]
Memory Configuration

Name             Origin             Length             Attributes
m_interrupts     0x00000000         0x00000400         xr
m_flash_config   0x00000400         0x00000010         xr
m_text           0x00000410         0x0007fbf0         xr
m_data           0x1fff8000         0x00008000         rw
m_data_2         0x20000000         0x00007000         rw
*default*        0x00000000         0xffffffff

Linker script and memory map

LOAD c:/nxp/s32ds_arm_v2.2/s32ds/build_tools/gcc_v6.3/gcc-6.3-arm32-eabi/bin/../lib/gcc/arm-none-eabi/6.3.1/thumb/v7e-m/fpv4-sp/hard/crti.o
LOAD c:/nxp/s32ds_arm_v2.2/s32ds/build_tools/gcc_v6.3/gcc-6.3-arm32-eabi/bin/../lib/gcc/arm-none-eabi/6.3.1/thumb/v7e-m/fpv4-sp/hard/crtbegin.o
LOAD C:/NXP/S32DS_ARM_v2.2/S32DS/build_tools/gcc_v6.3/gcc-6.3-arm32-eabi/arm-none-eabi/newlib/lib/thumb/v7e-m/fpv4-sp/hard/crt0.o
LOAD ./Generated_Code/Cpu.o
LOAD ./Generated_Code/canCom1.o
LOAD ./Generated_Code/canCom2.o
LOAD ./Generated_Code/canCom3.o
LOAD ./Generated_Code/clockMan1.o
LOAD ./Generated_Code/dmaController1.o
LOAD ./Generated_Code/lpTmr1.o
LOAD ./Generated_Code/lpspiCom1.o
LOAD ./Generated_Code/lpuart1.o
LOAD ./Generated_Code/pin_mux.o
LOAD ./Generated_Code/watchdog1.o
LOAD ./Project_Settings/Startup_Code/startup_S32K144.o
LOAD ./SDK/platform/devices/S32K144/startup/system_S32K144.o
LOAD ./SDK/platform/devices/startup.o
LOAD ./SDK/platform/drivers/src/clock/S32K1xx/clock_S32K1xx.o
LOAD ./SDK/platform/drivers/src/edma/edma_driver.o
LOAD ./SDK/platform/drivers/src/edma/edma_hw_access.o
LOAD ./SDK/platform/drivers/src/edma/edma_irq.o
LOAD ./SDK/platform/drivers/src/flexcan/flexcan_driver.o
LOAD ./SDK/platform/drivers/src/flexcan/flexcan_hw_access.o
LOAD ./SDK/platform/drivers/src/flexcan/flexcan_irq.o
LOAD ./SDK/platform/drivers/src/interrupt/interrupt_manager.o
LOAD ./SDK/platform/drivers/src/lpspi/lpspi_hw_access.o
LOAD ./SDK/platform/drivers/src/lpspi/lpspi_irq.o
LOAD ./SDK/platform/drivers/src/lpspi/lpspi_master_driver.o
LOAD ./SDK/platform/drivers/src/lpspi/lpspi_shared_function.o
LOAD ./SDK/platform/drivers/src/lpspi/lpspi_slave_driver.o
LOAD ./SDK/platform/drivers/src/lptmr/lptmr_driver.o
LOAD ./SDK/platform/drivers/src/lptmr/lptmr_hw_access.o
LOAD ./SDK/platform/drivers/src/lpuart/lpuart_driver.o
LOAD ./SDK/platform/drivers/src/lpuart/lpuart_hw_access.o
LOAD ./SDK/platform/drivers/src/lpuart/lpuart_irq.o
LOAD ./SDK/platform/drivers/src/pins/pins_driver.o
LOAD ./SDK/platform/drivers/src/pins/pins_port_hw_access.o
LOAD ./SDK/platform/drivers/src/wdog/wdog_driver.o
LOAD ./SDK/platform/drivers/src/wdog/wdog_hw_access.o
LOAD ./SDK/rtos/osif/osif_baremetal.o
LOAD ./Sources/apm_std.o
LOAD ./Sources/can0.o
LOAD ./Sources/can1.o
LOAD ./Sources/can2.o
LOAD ./Sources/fault.o
LOAD ./Sources/lptimer.o
LOAD ./Sources/main.o
LOAD ./Sources/pid.o
LOAD ./Sources/pin_config.o
LOAD ./Sources/spi0.o
LOAD ./Sources/syst_clk.o
LOAD ./Sources/system_states.o
LOAD ./Sources/uart0.o
START GROUP
LOAD c:/nxp/s32ds_arm_v2.2/s32ds/build_tools/gcc_v6.3/gcc-6.3-arm32-eabi/bin/../lib/gcc/arm-none-eabi/6.3.1/thumb/v7e-m/fpv4-sp/hard\libgcc.a
LOAD C:/NXP/S32DS_ARM_v2.2/S32DS/build_tools/gcc_v6.3/gcc-6.3-arm32-eabi/arm-none-eabi/newlib/lib/thumb/v7e-m/fpv4-sp/hard\libc_nano.a
END GROUP
START GROUP
LOAD c:/nxp/s32ds_arm_v2.2/s32ds/build_tools/gcc_v6.3/gcc-6.3-arm32-eabi/bin/../lib/gcc/arm-none-eabi/6.3.1/thumb/v7e-m/fpv4-sp/hard\libgcc.a
LOAD C:/NXP/S32DS_ARM_v2.2/S32DS/build_tools/gcc_v6.3/gcc-6.3-arm32-eabi/arm-none-eabi/newlib/lib/thumb/v7e-m/fpv4-sp/hard\libc_nano.a
LOAD C:/NXP/S32DS_ARM_v2.2/S32DS/build_tools/gcc_v6.3/gcc-6.3-arm32-eabi/arm-none-eabi/newlib/lib/thumb/v7e-m/fpv4-sp/hard\libnosys.a
END GROUP
START GROUP
LOAD c:/nxp/s32ds_arm_v2.2/s32ds/build_tools/gcc_v6.3/gcc-6.3-arm32-eabi/bin/../lib/gcc/arm-none-eabi/6.3.1/thumb/v7e-m/fpv4-sp/hard\libgcc.a
LOAD C:/NXP/S32DS_ARM_v2.2/S32DS/build_tools/gcc_v6.3/gcc-6.3-arm32-eabi/arm-none-eabi/newlib/lib/thumb/v7e-m/fpv4-sp/hard\libc_nano.a
LOAD C:/NXP/S32DS_ARM_v2.2/S32DS/build_tools/gcc_v6.3/gcc-6.3-arm32-eabi/arm-none-eabi/newlib/lib/thumb/v7e-m/fpv4-sp/hard\libnosys.a
END GROUP
LOAD c:/nxp/s32ds_arm_v2.2/s32ds/build_tools/gcc_v6.3/gcc-6.3-arm32-eabi/bin/../lib/gcc/arm-none-eabi/6.3.1/thumb/v7e-m/fpv4-sp/hard/crtend.o
LOAD c:/nxp/s32ds_arm_v2.2/s32ds/build_tools/gcc_v6.3/gcc-6.3-arm32-eabi/bin/../lib/gcc/arm-none-eabi/6.3.1/thumb/v7e-m/fpv4-sp/hard/crtn.o
                0x00000400                HEAP_SIZE = DEFINED (__heap_size__)?__heap_size__:0x400
                0x00000400                STACK_SIZE = DEFINED (__stack_size__)?__stack_size__:0x400
                0x00000400                M_VECTOR_RAM_SIZE = DEFINED (__flash_vector_table__)?0x0:0x400

.interrupts     0x00000000      0x400
                0x00000000                __VECTOR_TABLE = .
                0x00000000                __interrupts_start__ = .
                0x00000000                . = ALIGN (0x4)
 *(.isr_vector)
 .isr_vector    0x00000000      0x400 ./Project_Settings/Startup_Code/startup_S32K144.o
                0x00000000                __isr_vector
                0x00000400                __interrupts_end__ = .
                0x00000400                . = ALIGN (0x4)

.flash_config   0x00000400       0x10
                0x00000400                . = ALIGN (0x4)
 *(.FlashConfig)
 .FlashConfig   0x00000400       0x10 ./Project_Settings/Startup_Code/startup_S32K144.o
                0x00000410                . = ALIGN (0x4)

.text           0x00000410     0xb8f8
                0x00000410                . = ALIGN (0x4)
 *(.text)
 .text          0x00000410       0x4c ./Project_Settings/Startup_Code/startup_S32K144.o
                0x00000410                Reset_Handler
                0x00000458                DebugMon_Handler
                0x00000458                Reserved88_IRQHandler
                0x00000458                HardFault_Handler
                0x00000458                Reserved86_IRQHandler
                0x00000458                Reserved103_IRQHandler
                0x00000458                FTM2_Ovf_Reload_IRQHandler
                0x00000458                Reserved50_IRQHandler
                0x00000458                FTFC_Fault_IRQHandler
                0x00000458                FTM0_Ch6_Ch7_IRQHandler
                0x00000458                Reserved114_IRQHandler
                0x00000458                PendSV_Handler
                0x00000458                NMI_Handler
                0x00000458                Reserved89_IRQHandler
                0x00000458                ERM_double_fault_IRQHandler
                0x00000458                Reserved59_IRQHandler
                0x00000458                LPIT0_Ch0_IRQHandler
                0x00000458                Reserved99_IRQHandler
                0x00000458                FTM3_Ch6_Ch7_IRQHandler
                0x00000458                LPIT0_Ch3_IRQHandler
                0x00000458                Reserved92_IRQHandler
                0x00000458                FTM0_Ch4_Ch5_IRQHandler
                0x00000458                FTM3_Ch0_Ch1_IRQHandler
                0x00000458                SWI_IRQHandler
                0x00000458                ADC0_IRQHandler
                0x00000458                FTM2_Ch4_Ch5_IRQHandler
                0x00000458                UsageFault_Handler
                0x00000458                FTM0_Ovf_Reload_IRQHandler
                0x00000458                DefaultISR
                0x00000458                Reserved58_IRQHandler
                0x00000458                FTM1_Ch2_Ch3_IRQHandler
                0x00000458                Reserved82_IRQHandler
                0x00000458                LPI2C0_Slave_IRQHandler
                0x00000458                Reserved71_IRQHandler
                0x00000458                PORTD_IRQHandler
                0x00000458                Reserved69_IRQHandler
                0x00000458                PORTB_IRQHandler
                0x00000458                Reserved70_IRQHandler
                0x00000458                ADC1_IRQHandler
                0x00000458                FTM2_Ch2_Ch3_IRQHandler
                0x00000458                Reserved53_IRQHandler
                0x00000458                RTC_IRQHandler
                0x00000458                PDB0_IRQHandler
                0x00000458                Reserved54_IRQHandler
                0x00000458                FTM2_Ch6_Ch7_IRQHandler
                0x00000458                FTM3_Ch2_Ch3_IRQHandler
                0x00000458                FTM2_Ch0_Ch1_IRQHandler
                0x00000458                LPUART1_RxTx_IRQHandler
                0x00000458                RTC_Seconds_IRQHandler
                0x00000458                Reserved72_IRQHandler
                0x00000458                Reserved110_IRQHandler
                0x00000458                Reserved107_IRQHandler
                0x00000458                Read_Collision_IRQHandler
                0x00000458                FTFC_IRQHandler
                0x00000458                FTM1_Ch6_Ch7_IRQHandler
                0x00000458                Reserved105_IRQHandler
                0x00000458                LPIT0_Ch1_IRQHandler
                0x00000458                FTM1_Ch4_Ch5_IRQHandler
                0x00000458                FTM3_Ovf_Reload_IRQHandler
                0x00000458                LPUART2_RxTx_IRQHandler
                0x00000458                WDOG_EWM_IRQHandler
                0x00000458                MemManage_Handler
                0x00000458                Reserved90_IRQHandler
                0x00000458                Reserved83_IRQHandler
                0x00000458                FTM0_Fault_IRQHandler
                0x00000458                Reserved48_IRQHandler
                0x00000458                SVC_Handler
                0x00000458                ERM_single_fault_IRQHandler
                0x00000458                FTM2_Fault_IRQHandler
                0x00000458                FTM0_Ch2_Ch3_IRQHandler
                0x00000458                FTM0_Ch0_Ch1_IRQHandler
                0x00000458                FTM3_Fault_IRQHandler
                0x00000458                RCM_IRQHandler
                0x00000458                Reserved100_IRQHandler
                0x00000458                Reserved91_IRQHandler
                0x00000458                SCG_IRQHandler
                0x00000458                PDB1_IRQHandler
                0x00000458                Reserved81_IRQHandler
                0x00000458                Reserved46_IRQHandler
                0x00000458                Reserved45_IRQHandler
                0x00000458                Reserved112_IRQHandler
                0x00000458                LPI2C0_Master_IRQHandler
                0x00000458                FTM1_Fault_IRQHandler
                0x00000458                Reserved106_IRQHandler
                0x00000458                LVD_LVW_IRQHandler
                0x00000458                LPIT0_Ch2_IRQHandler
                0x00000458                PORTA_IRQHandler
                0x00000458                MCM_IRQHandler
                0x00000458                FTM3_Ch4_Ch5_IRQHandler
                0x00000458                PORTE_IRQHandler
                0x00000458                LPUART0_RxTx_IRQHandler
                0x00000458                LPTMR0_IRQHandler
                0x00000458                BusFault_Handler
                0x00000458                Reserved87_IRQHandler
                0x00000458                FTM1_Ovf_Reload_IRQHandler
                0x00000458                Reserved93_IRQHandler
                0x00000458                CMP0_IRQHandler
                0x00000458                Reserved52_IRQHandler
                0x00000458                PORTC_IRQHandler
                0x00000458                FTM1_Ch0_Ch1_IRQHandler
                0x00000458                FLEXIO_IRQHandler
                0x00000458                Reserved113_IRQHandler
 .text          0x0000045c      0x378 c:/nxp/s32ds_arm_v2.2/s32ds/build_tools/gcc_v6.3/gcc-6.3-arm32-eabi/bin/../lib/gcc/arm-none-eabi/6.3.1/thumb/v7e-m/fpv4-sp/hard\libgcc.a(_arm_addsubdf3.o)
                0x0000045c                __aeabi_drsub
                0x00000464                __aeabi_dsub
                0x00000464                __subdf3
                0x00000468                __aeabi_dadd
                0x00000468                __adddf3
                0x000006e0                __floatunsidf
                0x000006e0                __aeabi_ui2d
                0x00000700                __floatsidf
                0x00000700                __aeabi_i2d
                0x00000724                __aeabi_f2d
                0x00000724                __extendsfdf2
                0x00000768                __floatundidf
                0x00000768                __aeabi_ul2d
                0x00000778                __floatdidf
                0x00000778                __aeabi_l2d
 .text          0x000007d4      0x424 c:/nxp/s32ds_arm_v2.2/s32ds/build_tools/gcc_v6.3/gcc-6.3-arm32-eabi/bin/../lib/gcc/arm-none-eabi/6.3.1/thumb/v7e-m/fpv4-sp/hard\libgcc.a(_arm_muldivdf3.o)
                0x000007d4                __aeabi_dmul
                0x000007d4                __muldf3
                0x00000a28                __divdf3
                0x00000a28                __aeabi_ddiv
 .text          0x00000bf8      0x110 c:/nxp/s32ds_arm_v2.2/s32ds/build_tools/gcc_v6.3/gcc-6.3-arm32-eabi/bin/../lib/gcc/arm-none-eabi/6.3.1/thumb/v7e-m/fpv4-sp/hard\libgcc.a(_arm_cmpdf2.o)
                0x00000bf8                __gtdf2
                0x00000bf8                __gedf2
                0x00000c00                __ltdf2
                0x00000c00                __ledf2
                0x00000c08                __nedf2
                0x00000c08                __eqdf2
                0x00000c08                __cmpdf2
                0x00000c84                __aeabi_cdrcmple
                0x00000c94                __aeabi_cdcmpeq
                0x00000c94                __aeabi_cdcmple
                0x00000ca4                __aeabi_dcmpeq
                0x00000cb8                __aeabi_dcmplt
                0x00000ccc                __aeabi_dcmple
                0x00000ce0                __aeabi_dcmpge
                0x00000cf4                __aeabi_dcmpgt
 .text          0x00000d08       0x40 c:/nxp/s32ds_arm_v2.2/s32ds/build_tools/gcc_v6.3/gcc-6.3-arm32-eabi/bin/../lib/gcc/arm-none-eabi/6.3.1/thumb/v7e-m/fpv4-sp/hard\libgcc.a(_arm_fixunsdfsi.o)
                0x00000d08                __aeabi_d2uiz
                0x00000d08                __fixunsdfsi
 .text          0x00000d48       0x30 c:/nxp/s32ds_arm_v2.2/s32ds/build_tools/gcc_v6.3/gcc-6.3-arm32-eabi/bin/../lib/gcc/arm-none-eabi/6.3.1/thumb/v7e-m/fpv4-sp/hard\libgcc.a(_aeabi_uldivmod.o)
                0x00000d48                __aeabi_uldivmod
 .text          0x00000d78      0x2e4 c:/nxp/s32ds_arm_v2.2/s32ds/build_tools/gcc_v6.3/gcc-6.3-arm32-eabi/bin/../lib/gcc/arm-none-eabi/6.3.1/thumb/v7e-m/fpv4-sp/hard\libgcc.a(_udivmoddi4.o)
                0x00000d78                __udivmoddi4
 .text          0x0000105c        0x4 c:/nxp/s32ds_arm_v2.2/s32ds/build_tools/gcc_v6.3/gcc-6.3-arm32-eabi/bin/../lib/gcc/arm-none-eabi/6.3.1/thumb/v7e-m/fpv4-sp/hard\libgcc.a(_dvmd_tls.o)
                0x0000105c                __aeabi_idiv0
                0x0000105c                __aeabi_ldiv0
 .text          0x00001060       0x10 C:/NXP/S32DS_ARM_v2.2/S32DS/build_tools/gcc_v6.3/gcc-6.3-arm32-eabi/arm-none-eabi/newlib/lib/thumb/v7e-m/fpv4-sp/hard\libc_nano.a(lib_a-strlen.o)
                0x00001060                strlen
 .text          0x00001070       0xa0 C:/NXP/S32DS_ARM_v2.2/S32DS/build_tools/gcc_v6.3/gcc-6.3-arm32-eabi/arm-none-eabi/newlib/lib/thumb/v7e-m/fpv4-sp/hard\libc_nano.a(lib_a-memchr.o)
                0x00001070                memchr
 .text          0x00001110       0x2c c:/nxp/s32ds_arm_v2.2/s32ds/build_tools/gcc_v6.3/gcc-6.3-arm32-eabi/bin/../lib/gcc/arm-none-eabi/6.3.1/thumb/v7e-m/fpv4-sp/hard\libgcc.a(_arm_unorddf2.o)
                0x00001110                __unorddf2
                0x00001110                __aeabi_dcmpun
 .text          0x0000113c       0x50 c:/nxp/s32ds_arm_v2.2/s32ds/build_tools/gcc_v6.3/gcc-6.3-arm32-eabi/bin/../lib/gcc/arm-none-eabi/6.3.1/thumb/v7e-m/fpv4-sp/hard\libgcc.a(_arm_fixdfsi.o)
                0x0000113c                __aeabi_d2iz
                0x0000113c                __fixdfsi
 .text          0x0000118c       0xa0 c:/nxp/s32ds_arm_v2.2/s32ds/build_tools/gcc_v6.3/gcc-6.3-arm32-eabi/bin/../lib/gcc/arm-none-eabi/6.3.1/thumb/v7e-m/fpv4-sp/hard\libgcc.a(_arm_truncdfsf2.o)
                0x0000118c                __truncdfsf2
                0x0000118c                __aeabi_d2f
 *(.text*)
 .text.SystemInit
                0x0000122c       0x3c ./SDK/platform/devices/S32K144/startup/system_S32K144.o
                0x0000122c                SystemInit
 .text.init_data_bss
                0x00001268       0xd8 ./SDK/platform/devices/startup.o
                0x00001268                init_data_bss
 .text.CLOCK_SYS_GetCurrentRunMode
                0x00001340       0x24 ./SDK/platform/drivers/src/clock/S32K1xx/clock_S32K1xx.o
 .text.CLOCK_SYS_GetSysOscFreq
                0x00001364       0x1c ./SDK/platform/drivers/src/clock/S32K1xx/clock_S32K1xx.o
 .text.CLOCK_SYS_ConfigureSOSC
                0x00001380      0x12c ./SDK/platform/drivers/src/clock/S32K1xx/clock_S32K1xx.o
 .text.CLOCK_SYS_GetSircFreq
                0x000014ac       0x2c ./SDK/platform/drivers/src/clock/S32K1xx/clock_S32K1xx.o
 .text.CLOCK_SYS_ConfigureSIRC
                0x000014d8       0xc4 ./SDK/platform/drivers/src/clock/S32K1xx/clock_S32K1xx.o
 .text.CLOCK_SYS_GetFircFreq
                0x0000159c       0x20 ./SDK/platform/drivers/src/clock/S32K1xx/clock_S32K1xx.o
 .text.CLOCK_SYS_ConfigureFIRC
                0x000015bc       0xb4 ./SDK/platform/drivers/src/clock/S32K1xx/clock_S32K1xx.o
 .text.CLOCK_SYS_GetSysPllFreq
                0x00001670       0x44 ./SDK/platform/drivers/src/clock/S32K1xx/clock_S32K1xx.o
 .text.CLOCK_SYS_ConfigureSPLL
                0x000016b4      0x104 ./SDK/platform/drivers/src/clock/S32K1xx/clock_S32K1xx.o
 .text.CLOCK_SYS_SetSystemClockConfig
                0x000017b8      0x1e4 ./SDK/platform/drivers/src/clock/S32K1xx/clock_S32K1xx.o
 .text.CLOCK_SYS_TransitionSystemClock
                0x0000199c       0x3c ./SDK/platform/drivers/src/clock/S32K1xx/clock_S32K1xx.o
 .text.CLOCK_SYS_GetSystemClockFreq
                0x000019d8       0x78 ./SDK/platform/drivers/src/clock/S32K1xx/clock_S32K1xx.o
 .text.CLOCK_SYS_GetScgClkOutFreq
                0x00001a50       0x44 ./SDK/platform/drivers/src/clock/S32K1xx/clock_S32K1xx.o
 .text.CLOCK_SYS_GetSysAsyncFreq
                0x00001a94       0xd4 ./SDK/platform/drivers/src/clock/S32K1xx/clock_S32K1xx.o
 .text.CLOCK_SYS_GetSimRtcClkFreq
                0x00001b68       0x50 ./SDK/platform/drivers/src/clock/S32K1xx/clock_S32K1xx.o
 .text.CLOCK_SYS_GetPeripheralClock
                0x00001bb8       0x78 ./SDK/platform/drivers/src/clock/S32K1xx/clock_S32K1xx.o
 .text.CLOCK_SYS_GetLpoFreq
                0x00001c30       0x44 ./SDK/platform/drivers/src/clock/S32K1xx/clock_S32K1xx.o
 .text.CLOCK_SYS_GetSimClkOutFreq
                0x00001c74       0x98 ./SDK/platform/drivers/src/clock/S32K1xx/clock_S32K1xx.o
 .text.CLOCK_DRV_Init
                0x00001d0c      0x598 ./SDK/platform/drivers/src/clock/S32K1xx/clock_S32K1xx.o
                0x00001d0c                CLOCK_DRV_Init
 .text.CLOCK_DRV_GetFreq
                0x000022a4      0x3a0 ./SDK/platform/drivers/src/clock/S32K1xx/clock_S32K1xx.o
                0x000022a4                CLOCK_DRV_GetFreq
 .text.CLOCK_SYS_GetFreq
                0x00002644        0x8 ./SDK/platform/drivers/src/clock/S32K1xx/clock_S32K1xx.o
                0x00002644                CLOCK_SYS_GetFreq
 .text.EDMA_DRV_InstallCallback
                0x0000264c       0x20 ./SDK/platform/drivers/src/edma/edma_driver.o
                0x0000264c                EDMA_DRV_InstallCallback
 .text.EDMA_DRV_IRQHandler
                0x0000266c       0x2c ./SDK/platform/drivers/src/edma/edma_driver.o
                0x0000266c                EDMA_DRV_IRQHandler
 .text.EDMA_DRV_ErrorIRQHandler
                0x00002698       0x3c ./SDK/platform/drivers/src/edma/edma_driver.o
                0x00002698                EDMA_DRV_ErrorIRQHandler
 .text.EDMA_DRV_ConfigSingleBlockTransfer
                0x000026d4      0x148 ./SDK/platform/drivers/src/edma/edma_driver.o
                0x000026d4                EDMA_DRV_ConfigSingleBlockTransfer
 .text.EDMA_DRV_ConfigMultiBlockTransfer
                0x0000281c       0x64 ./SDK/platform/drivers/src/edma/edma_driver.o
                0x0000281c                EDMA_DRV_ConfigMultiBlockTransfer
 .text.EDMA_DRV_StartChannel
                0x00002880       0x18 ./SDK/platform/drivers/src/edma/edma_driver.o
                0x00002880                EDMA_DRV_StartChannel
 .text.EDMA_DRV_StopChannel
                0x00002898       0x18 ./SDK/platform/drivers/src/edma/edma_driver.o
                0x00002898                EDMA_DRV_StopChannel
 .text.EDMA_DRV_SetSrcAddr
                0x000028b0       0x14 ./SDK/platform/drivers/src/edma/edma_driver.o
                0x000028b0                EDMA_DRV_SetSrcAddr
 .text.EDMA_DRV_SetMajorLoopIterationCount
                0x000028c4       0x14 ./SDK/platform/drivers/src/edma/edma_driver.o
                0x000028c4                EDMA_DRV_SetMajorLoopIterationCount
 .text.EDMA_DRV_GetDmaRegBaseAddr
                0x000028d8        0x8 ./SDK/platform/drivers/src/edma/edma_driver.o
                0x000028d8                EDMA_DRV_GetDmaRegBaseAddr
 .text.EDMA_SetDmaRequestCmd
                0x000028e0        0xa ./SDK/platform/drivers/src/edma/edma_hw_access.o
                0x000028e0                EDMA_SetDmaRequestCmd
 .text.EDMA_TCDClearReg
                0x000028ea       0x4a ./SDK/platform/drivers/src/edma/edma_hw_access.o
                0x000028ea                EDMA_TCDClearReg
 .text.EDMA_TCDSetAttribute
                0x00002934       0x30 ./SDK/platform/drivers/src/edma/edma_hw_access.o
                0x00002934                EDMA_TCDSetAttribute
 .text.EDMA_TCDSetNbytes
                0x00002964       0x5c ./SDK/platform/drivers/src/edma/edma_hw_access.o
                0x00002964                EDMA_TCDSetNbytes
 .text.EDMA_TCDSetMajorCount
                0x000029c0       0x5e ./SDK/platform/drivers/src/edma/edma_hw_access.o
                0x000029c0                EDMA_TCDSetMajorCount
 .text.DMA0_IRQHandler
                0x00002a1e        0xa ./SDK/platform/drivers/src/edma/edma_irq.o
                0x00002a1e                DMA0_IRQHandler
 .text.DMA1_IRQHandler
                0x00002a28        0xa ./SDK/platform/drivers/src/edma/edma_irq.o
                0x00002a28                DMA1_IRQHandler
 .text.DMA2_IRQHandler
                0x00002a32        0xa ./SDK/platform/drivers/src/edma/edma_irq.o
                0x00002a32                DMA2_IRQHandler
 .text.DMA3_IRQHandler
                0x00002a3c        0xa ./SDK/platform/drivers/src/edma/edma_irq.o
                0x00002a3c                DMA3_IRQHandler
 .text.DMA4_IRQHandler
                0x00002a46        0xa ./SDK/platform/drivers/src/edma/edma_irq.o
                0x00002a46                DMA4_IRQHandler
 .text.DMA5_IRQHandler
                0x00002a50        0xa ./SDK/platform/drivers/src/edma/edma_irq.o
                0x00002a50                DMA5_IRQHandler
 .text.DMA6_IRQHandler
                0x00002a5a        0xa ./SDK/platform/drivers/src/edma/edma_irq.o
                0x00002a5a                DMA6_IRQHandler
 .text.DMA7_IRQHandler
                0x00002a64        0xa ./SDK/platform/drivers/src/edma/edma_irq.o
                0x00002a64                DMA7_IRQHandler
 .text.DMA8_IRQHandler
                0x00002a6e        0xa ./SDK/platform/drivers/src/edma/edma_irq.o
                0x00002a6e                DMA8_IRQHandler
 .text.DMA9_IRQHandler
                0x00002a78        0xa ./SDK/platform/drivers/src/edma/edma_irq.o
                0x00002a78                DMA9_IRQHandler
 .text.DMA10_IRQHandler
                0x00002a82        0xa ./SDK/platform/drivers/src/edma/edma_irq.o
                0x00002a82                DMA10_IRQHandler
 .text.DMA11_IRQHandler
                0x00002a8c        0xa ./SDK/platform/drivers/src/edma/edma_irq.o
                0x00002a8c                DMA11_IRQHandler
 .text.DMA12_IRQHandler
                0x00002a96        0xa ./SDK/platform/drivers/src/edma/edma_irq.o
                0x00002a96                DMA12_IRQHandler
 .text.DMA13_IRQHandler
                0x00002aa0        0xa ./SDK/platform/drivers/src/edma/edma_irq.o
                0x00002aa0                DMA13_IRQHandler
 .text.DMA14_IRQHandler
                0x00002aaa        0xa ./SDK/platform/drivers/src/edma/edma_irq.o
                0x00002aaa                DMA14_IRQHandler
 .text.DMA15_IRQHandler
                0x00002ab4        0xa ./SDK/platform/drivers/src/edma/edma_irq.o
                0x00002ab4                DMA15_IRQHandler
 .text.DMA_Error_IRQHandler
                0x00002abe       0x28 ./SDK/platform/drivers/src/edma/edma_irq.o
                0x00002abe                DMA_Error_IRQHandler
 *fill*         0x00002ae6        0x2 
 .text.FLEXCAN_StartSendData
                0x00002ae8       0xa4 ./SDK/platform/drivers/src/flexcan/flexcan_driver.o
 .text.FLEXCAN_StartRxMessageBufferData
                0x00002b8c       0x80 ./SDK/platform/drivers/src/flexcan/flexcan_driver.o
 .text.FLEXCAN_CompleteRxMessageFifoData
                0x00002c0c       0xa0 ./SDK/platform/drivers/src/flexcan/flexcan_driver.o
 .text.FLEXCAN_CompleteTransfer
                0x00002cac       0x38 ./SDK/platform/drivers/src/flexcan/flexcan_driver.o
 .text.FLEXCAN_DRV_SetRxMaskType
                0x00002ce4       0x30 ./SDK/platform/drivers/src/flexcan/flexcan_driver.o
                0x00002ce4                FLEXCAN_DRV_SetRxMaskType
 .text.FLEXCAN_DRV_SetRxIndividualMask
                0x00002d14      0x118 ./SDK/platform/drivers/src/flexcan/flexcan_driver.o
                0x00002d14                FLEXCAN_DRV_SetRxIndividualMask
 .text.FLEXCAN_DRV_Init
                0x00002e2c      0x2c4 ./SDK/platform/drivers/src/flexcan/flexcan_driver.o
                0x00002e2c                FLEXCAN_DRV_Init
 .text.FLEXCAN_DRV_ConfigTxMb
                0x000030f0       0x40 ./SDK/platform/drivers/src/flexcan/flexcan_driver.o
                0x000030f0                FLEXCAN_DRV_ConfigTxMb
 .text.FLEXCAN_DRV_Send
                0x00003130       0x34 ./SDK/platform/drivers/src/flexcan/flexcan_driver.o
                0x00003130                FLEXCAN_DRV_Send
 .text.FLEXCAN_DRV_ConfigRxMb
                0x00003164       0x68 ./SDK/platform/drivers/src/flexcan/flexcan_driver.o
                0x00003164                FLEXCAN_DRV_ConfigRxMb
 .text.FLEXCAN_DRV_Receive
                0x000031cc        0xa ./SDK/platform/drivers/src/flexcan/flexcan_driver.o
                0x000031cc                FLEXCAN_DRV_Receive
 *fill*         0x000031d6        0x2 
 .text.FLEXCAN_Error_IRQHandler
                0x000031d8       0x28 ./SDK/platform/drivers/src/flexcan/flexcan_driver.o
                0x000031d8                FLEXCAN_Error_IRQHandler
 .text.FLEXCAN_WakeUpHandler
                0x00003200       0x6c ./SDK/platform/drivers/src/flexcan/flexcan_driver.o
                0x00003200                FLEXCAN_WakeUpHandler
 .text.FLEXCAN_IRQHandler
                0x0000326c      0x1b8 ./SDK/platform/drivers/src/flexcan/flexcan_driver.o
                0x0000326c                FLEXCAN_IRQHandler
 .text.FLEXCAN_DRV_InstallEventCallback
                0x00003424       0x14 ./SDK/platform/drivers/src/flexcan/flexcan_driver.o
                0x00003424                FLEXCAN_DRV_InstallEventCallback
 .text.FLEXCAN_ComputePayloadSize
                0x00003438       0x36 ./SDK/platform/drivers/src/flexcan/flexcan_hw_access.o
 *fill*         0x0000346e        0x2 
 .text.FLEXCAN_GetRxFifoMask
                0x00003470       0x60 ./SDK/platform/drivers/src/flexcan/flexcan_hw_access.o
                0x00003470                FLEXCAN_GetRxFifoMask
 .text.FLEXCAN_GetMaxMbNum
                0x000034d0       0x2c ./SDK/platform/drivers/src/flexcan/flexcan_hw_access.o
                0x000034d0                FLEXCAN_GetMaxMbNum
 .text.FLEXCAN_Enable
                0x000034fc       0x2a ./SDK/platform/drivers/src/flexcan/flexcan_hw_access.o
                0x000034fc                FLEXCAN_Enable
 .text.FLEXCAN_Disable
                0x00003526       0x18 ./SDK/platform/drivers/src/flexcan/flexcan_hw_access.o
                0x00003526                FLEXCAN_Disable
 *fill*         0x0000353e        0x2 
 .text.FLEXCAN_Init
                0x00003540       0x68 ./SDK/platform/drivers/src/flexcan/flexcan_hw_access.o
                0x00003540                FLEXCAN_Init
 .text.FLEXCAN_EnableRxFifo
                0x000035a8       0x54 ./SDK/platform/drivers/src/flexcan/flexcan_hw_access.o
                0x000035a8                FLEXCAN_EnableRxFifo
 .text.FLEXCAN_SetMsgBuffIntCmd
                0x000035fc       0x3c ./SDK/platform/drivers/src/flexcan/flexcan_hw_access.o
                0x000035fc                FLEXCAN_SetMsgBuffIntCmd
 .text.FLEXCAN_ExitFreezeMode
                0x00003638       0x1a ./SDK/platform/drivers/src/flexcan/flexcan_hw_access.o
                0x00003638                FLEXCAN_ExitFreezeMode
 .text.FLEXCAN_EnterFreezeMode
                0x00003652       0x40 ./SDK/platform/drivers/src/flexcan/flexcan_hw_access.o
                0x00003652                FLEXCAN_EnterFreezeMode
 *fill*         0x00003692        0x2 
 .text.FLEXCAN_ClearErrIntStatusFlag
                0x00003694       0x14 ./SDK/platform/drivers/src/flexcan/flexcan_hw_access.o
                0x00003694                FLEXCAN_ClearErrIntStatusFlag
 .text.FLEXCAN_ReadRxFifo
                0x000036a8       0x56 ./SDK/platform/drivers/src/flexcan/flexcan_hw_access.o
                0x000036a8                FLEXCAN_ReadRxFifo
 .text.FLEXCAN_SetOperationMode
                0x000036fe       0x5e ./SDK/platform/drivers/src/flexcan/flexcan_hw_access.o
                0x000036fe                FLEXCAN_SetOperationMode
 .text.FLEXCAN_SetPayloadSize
                0x0000375c       0x1a ./SDK/platform/drivers/src/flexcan/flexcan_hw_access.o
                0x0000375c                FLEXCAN_SetPayloadSize
 .text.FLEXCAN_GetPayloadSize
                0x00003776       0x20 ./SDK/platform/drivers/src/flexcan/flexcan_hw_access.o
                0x00003776                FLEXCAN_GetPayloadSize
 .text.FLEXCAN_GetMsgBuffRegion
                0x00003796       0x30 ./SDK/platform/drivers/src/flexcan/flexcan_hw_access.o
                0x00003796                FLEXCAN_GetMsgBuffRegion
 *fill*         0x000037c6        0x2 
 .text.FLEXCAN_SetTxMsgBuff
                0x000037c8      0x180 ./SDK/platform/drivers/src/flexcan/flexcan_hw_access.o
                0x000037c8                FLEXCAN_SetTxMsgBuff
 .text.FLEXCAN_SetRxMsgBuff
                0x00003948       0xc8 ./SDK/platform/drivers/src/flexcan/flexcan_hw_access.o
                0x00003948                FLEXCAN_SetRxMsgBuff
 .text.FLEXCAN_GetMsgBuff
                0x00003a10       0x96 ./SDK/platform/drivers/src/flexcan/flexcan_hw_access.o
                0x00003a10                FLEXCAN_GetMsgBuff
 .text.FLEXCAN_LockRxMsgBuff
                0x00003aa6        0xa ./SDK/platform/drivers/src/flexcan/flexcan_hw_access.o
                0x00003aa6                FLEXCAN_LockRxMsgBuff
 .text.FLEXCAN_SetMaxMsgBuffNum
                0x00003ab0       0x9c ./SDK/platform/drivers/src/flexcan/flexcan_hw_access.o
                0x00003ab0                FLEXCAN_SetMaxMsgBuffNum
 .text.CAN0_ORed_IRQHandler
                0x00003b4c        0xa ./SDK/platform/drivers/src/flexcan/flexcan_irq.o
                0x00003b4c                CAN0_ORed_IRQHandler
 .text.CAN0_Error_IRQHandler
                0x00003b56        0xa ./SDK/platform/drivers/src/flexcan/flexcan_irq.o
                0x00003b56                CAN0_Error_IRQHandler
 .text.CAN0_Wake_Up_IRQHandler
                0x00003b60        0xa ./SDK/platform/drivers/src/flexcan/flexcan_irq.o
                0x00003b60                CAN0_Wake_Up_IRQHandler
 .text.CAN0_ORed_0_15_MB_IRQHandler
                0x00003b6a        0xa ./SDK/platform/drivers/src/flexcan/flexcan_irq.o
                0x00003b6a                CAN0_ORed_0_15_MB_IRQHandler
 .text.CAN0_ORed_16_31_MB_IRQHandler
                0x00003b74        0xa ./SDK/platform/drivers/src/flexcan/flexcan_irq.o
                0x00003b74                CAN0_ORed_16_31_MB_IRQHandler
 .text.CAN1_ORed_IRQHandler
                0x00003b7e        0xa ./SDK/platform/drivers/src/flexcan/flexcan_irq.o
                0x00003b7e                CAN1_ORed_IRQHandler
 .text.CAN1_Error_IRQHandler
                0x00003b88        0xa ./SDK/platform/drivers/src/flexcan/flexcan_irq.o
                0x00003b88                CAN1_Error_IRQHandler
 .text.CAN1_ORed_0_15_MB_IRQHandler
                0x00003b92        0xa ./SDK/platform/drivers/src/flexcan/flexcan_irq.o
                0x00003b92                CAN1_ORed_0_15_MB_IRQHandler
 .text.CAN2_ORed_IRQHandler
                0x00003b9c        0xa ./SDK/platform/drivers/src/flexcan/flexcan_irq.o
                0x00003b9c                CAN2_ORed_IRQHandler
 .text.CAN2_Error_IRQHandler
                0x00003ba6        0xa ./SDK/platform/drivers/src/flexcan/flexcan_irq.o
                0x00003ba6                CAN2_Error_IRQHandler
 .text.CAN2_ORed_0_15_MB_IRQHandler
                0x00003bb0        0xa ./SDK/platform/drivers/src/flexcan/flexcan_irq.o
                0x00003bb0                CAN2_ORed_0_15_MB_IRQHandler
 *fill*         0x00003bba        0x2 
 .text.INT_SYS_InstallHandler
                0x00003bbc       0x30 ./SDK/platform/drivers/src/interrupt/interrupt_manager.o
                0x00003bbc                INT_SYS_InstallHandler
 .text.INT_SYS_EnableIRQ
                0x00003bec       0x18 ./SDK/platform/drivers/src/interrupt/interrupt_manager.o
                0x00003bec                INT_SYS_EnableIRQ
 .text.INT_SYS_EnableIRQGlobal
                0x00003c04       0x1c ./SDK/platform/drivers/src/interrupt/interrupt_manager.o
                0x00003c04                INT_SYS_EnableIRQGlobal
 .text.INT_SYS_DisableIRQGlobal
                0x00003c20       0x10 ./SDK/platform/drivers/src/interrupt/interrupt_manager.o
                0x00003c20                INT_SYS_DisableIRQGlobal
 .text.INT_SYS_SetPriority
                0x00003c30       0x58 ./SDK/platform/drivers/src/interrupt/interrupt_manager.o
                0x00003c30                INT_SYS_SetPriority
 .text.LPSPI_Init
                0x00003c88        0xa ./SDK/platform/drivers/src/lpspi/lpspi_hw_access.o
                0x00003c88                LPSPI_Init
 .text.LPSPI_Disable
                0x00003c92       0x18 ./SDK/platform/drivers/src/lpspi/lpspi_hw_access.o
                0x00003c92                LPSPI_Disable
 .text.LPSPI_SetMasterSlaveMode
                0x00003caa        0xe ./SDK/platform/drivers/src/lpspi/lpspi_hw_access.o
                0x00003caa                LPSPI_SetMasterSlaveMode
 .text.LPSPI_SetFlushFifoCmd
                0x00003cb8        0xe ./SDK/platform/drivers/src/lpspi/lpspi_hw_access.o
                0x00003cb8                LPSPI_SetFlushFifoCmd
 .text.LPSPI_ClearStatusFlag
                0x00003cc6       0x20 ./SDK/platform/drivers/src/lpspi/lpspi_hw_access.o
                0x00003cc6                LPSPI_ClearStatusFlag
 .text.LPSPI_SetPcsPolarityMode
                0x00003ce6       0x1c ./SDK/platform/drivers/src/lpspi/lpspi_hw_access.o
                0x00003ce6                LPSPI_SetPcsPolarityMode
 .text.LPSPI_SetPinConfigMode
                0x00003d02       0x22 ./SDK/platform/drivers/src/lpspi/lpspi_hw_access.o
                0x00003d02                LPSPI_SetPinConfigMode
 .text.LPSPI_SetBaudRateDivisor
                0x00003d24       0x10 ./SDK/platform/drivers/src/lpspi/lpspi_hw_access.o
                0x00003d24                LPSPI_SetBaudRateDivisor
 .text.LPSPI_SetBaudRate
                0x00003d34      0x108 ./SDK/platform/drivers/src/lpspi/lpspi_hw_access.o
                0x00003d34                LPSPI_SetBaudRate
 .text.LPSPI_SetTxCommandReg
                0x00003e3c       0x4a ./SDK/platform/drivers/src/lpspi/lpspi_hw_access.o
                0x00003e3c                LPSPI_SetTxCommandReg
 .text.LPSPI_SetPcs
                0x00003e86        0xe ./SDK/platform/drivers/src/lpspi/lpspi_hw_access.o
                0x00003e86                LPSPI_SetPcs
 .text.LPSPI0_IRQHandler
                0x00003e94        0xa ./SDK/platform/drivers/src/lpspi/lpspi_irq.o
                0x00003e94                LPSPI0_IRQHandler
 .text.LPSPI1_IRQHandler
                0x00003e9e        0xa ./SDK/platform/drivers/src/lpspi/lpspi_irq.o
                0x00003e9e                LPSPI1_IRQHandler
 .text.LPSPI2_IRQHandler
                0x00003ea8        0xa ./SDK/platform/drivers/src/lpspi/lpspi_irq.o
                0x00003ea8                LPSPI2_IRQHandler
 *fill*         0x00003eb2        0x2 
 .text.LPSPI_DRV_MasterStartTransfer
                0x00003eb4      0x200 ./SDK/platform/drivers/src/lpspi/lpspi_master_driver.o
 .text.LPSPI_DRV_MasterCompleteTransfer
                0x000040b4       0x78 ./SDK/platform/drivers/src/lpspi/lpspi_master_driver.o
 .text.LPSPI_DRV_MasterConfigureBus
                0x0000412c      0x114 ./SDK/platform/drivers/src/lpspi/lpspi_master_driver.o
                0x0000412c                LPSPI_DRV_MasterConfigureBus
 .text.LPSPI_DRV_MasterInit
                0x00004240       0x80 ./SDK/platform/drivers/src/lpspi/lpspi_master_driver.o
                0x00004240                LPSPI_DRV_MasterInit
 .text.LPSPI_DRV_MasterTransfer
                0x000042c0        0xe ./SDK/platform/drivers/src/lpspi/lpspi_master_driver.o
                0x000042c0                LPSPI_DRV_MasterTransfer
 *fill*         0x000042ce        0x2 
 .text.LPSPI_DRV_MasterAbortTransfer
                0x000042d0       0x28 ./SDK/platform/drivers/src/lpspi/lpspi_master_driver.o
                0x000042d0                LPSPI_DRV_MasterAbortTransfer
 .text.LPSPI_DRV_MasterCompleteDMATransfer
                0x000042f8       0x44 ./SDK/platform/drivers/src/lpspi/lpspi_master_driver.o
 .text.LPSPI_DRV_MasterCompleteRX
                0x0000433c       0x20 ./SDK/platform/drivers/src/lpspi/lpspi_master_driver.o
 .text.LPSPI_DRV_SetPcs
                0x0000435c       0x44 ./SDK/platform/drivers/src/lpspi/lpspi_master_driver.o
                0x0000435c                LPSPI_DRV_SetPcs
 .text.LPSPI_DRV_MasterIRQHandler
                0x000043a0       0xb4 ./SDK/platform/drivers/src/lpspi/lpspi_master_driver.o
                0x000043a0                LPSPI_DRV_MasterIRQHandler
 .text.LPSPI_DRV_IRQHandler
                0x00004454       0x28 ./SDK/platform/drivers/src/lpspi/lpspi_shared_function.o
                0x00004454                LPSPI_DRV_IRQHandler
 .text.LPSPI_DRV_FillupTxBuffer
                0x0000447c       0xb4 ./SDK/platform/drivers/src/lpspi/lpspi_shared_function.o
                0x0000447c                LPSPI_DRV_FillupTxBuffer
 .text.LPSPI_DRV_ReadRXBuffer
                0x00004530       0x8c ./SDK/platform/drivers/src/lpspi/lpspi_shared_function.o
                0x00004530                LPSPI_DRV_ReadRXBuffer
 .text.LPSPI_DRV_DisableTEIEInterrupts
                0x000045bc       0x30 ./SDK/platform/drivers/src/lpspi/lpspi_shared_function.o
                0x000045bc                LPSPI_DRV_DisableTEIEInterrupts
 .text.LPSPI_DRV_SlaveAbortTransfer
                0x000045ec       0x74 ./SDK/platform/drivers/src/lpspi/lpspi_slave_driver.o
                0x000045ec                LPSPI_DRV_SlaveAbortTransfer
 .text.LPSPI_DRV_SlaveIRQHandler
                0x00004660       0xd4 ./SDK/platform/drivers/src/lpspi/lpspi_slave_driver.o
                0x00004660                LPSPI_DRV_SlaveIRQHandler
 .text.lptmr_GetClkFreq
                0x00004734       0x32 ./SDK/platform/drivers/src/lptmr/lptmr_driver.o
 *fill*         0x00004766        0x2 
 .text.LPTMR_DRV_SetConfig
                0x00004768      0x1d0 ./SDK/platform/drivers/src/lptmr/lptmr_driver.o
                0x00004768                LPTMR_DRV_SetConfig
 .text.LPTMR_DRV_Init
                0x00004938       0x20 ./SDK/platform/drivers/src/lptmr/lptmr_driver.o
                0x00004938                LPTMR_DRV_Init
 .text.LPTMR_DRV_ClearCompareFlag
                0x00004958       0x14 ./SDK/platform/drivers/src/lptmr/lptmr_driver.o
                0x00004958                LPTMR_DRV_ClearCompareFlag
 .text.LPTMR_DRV_SetInterrupt
                0x0000496c       0x1c ./SDK/platform/drivers/src/lptmr/lptmr_driver.o
                0x0000496c                LPTMR_DRV_SetInterrupt
 .text.LPTMR_DRV_StartCounter
                0x00004988       0x14 ./SDK/platform/drivers/src/lptmr/lptmr_driver.o
                0x00004988                LPTMR_DRV_StartCounter
 .text.LPTMR_Init
                0x0000499c       0x12 ./SDK/platform/drivers/src/lptmr/lptmr_hw_access.o
                0x0000499c                LPTMR_Init
 *fill*         0x000049ae        0x2 
 .text.LPUART_DRV_StartSendDataUsingInt
                0x000049b0       0x4c ./SDK/platform/drivers/src/lpuart/lpuart_driver.o
 .text.LPUART_DRV_StartSendDataUsingDma
                0x000049fc       0x80 ./SDK/platform/drivers/src/lpuart/lpuart_driver.o
 .text.LPUART_DRV_CompleteSendDataUsingInt
                0x00004a7c       0x64 ./SDK/platform/drivers/src/lpuart/lpuart_driver.o
 .text.LPUART_DRV_StopTxDma
                0x00004ae0       0x64 ./SDK/platform/drivers/src/lpuart/lpuart_driver.o
 .text.LPUART_DRV_TxDmaCallback
                0x00004b44       0x74 ./SDK/platform/drivers/src/lpuart/lpuart_driver.o
 .text.LPUART_DRV_PutData
                0x00004bb8       0x44 ./SDK/platform/drivers/src/lpuart/lpuart_driver.o
 .text.LPUART_DRV_CompleteReceiveDataUsingInt
                0x00004bfc       0x64 ./SDK/platform/drivers/src/lpuart/lpuart_driver.o
 .text.LPUART_DRV_StopRxDma
                0x00004c60       0x64 ./SDK/platform/drivers/src/lpuart/lpuart_driver.o
 .text.LPUART_DRV_GetData
                0x00004cc4       0x5c ./SDK/platform/drivers/src/lpuart/lpuart_driver.o
 .text.LPUART_DRV_SendData
                0x00004d20       0x24 ./SDK/platform/drivers/src/lpuart/lpuart_driver.o
                0x00004d20                LPUART_DRV_SendData
 .text.LPUART_DRV_SetBaudRate
                0x00004d44       0xd4 ./SDK/platform/drivers/src/lpuart/lpuart_driver.o
                0x00004d44                LPUART_DRV_SetBaudRate
 .text.LPUART_DRV_Init
                0x00004e18       0xe0 ./SDK/platform/drivers/src/lpuart/lpuart_driver.o
                0x00004e18                LPUART_DRV_Init
 .text.LPUART_DRV_IRQHandler
                0x00004ef8      0x2a8 ./SDK/platform/drivers/src/lpuart/lpuart_driver.o
                0x00004ef8                LPUART_DRV_IRQHandler
 .text.LPUART_Init
                0x000051a0       0x24 ./SDK/platform/drivers/src/lpuart/lpuart_hw_access.o
                0x000051a0                LPUART_Init
 .text.LPUART_SetBitCountPerChar
                0x000051c4       0x30 ./SDK/platform/drivers/src/lpuart/lpuart_hw_access.o
                0x000051c4                LPUART_SetBitCountPerChar
 .text.LPUART_SetParityMode
                0x000051f4       0x1e ./SDK/platform/drivers/src/lpuart/lpuart_hw_access.o
                0x000051f4                LPUART_SetParityMode
 .text.LPUART_Putchar9
                0x00005212       0x16 ./SDK/platform/drivers/src/lpuart/lpuart_hw_access.o
                0x00005212                LPUART_Putchar9
 .text.LPUART_Putchar10
                0x00005228       0x22 ./SDK/platform/drivers/src/lpuart/lpuart_hw_access.o
                0x00005228                LPUART_Putchar10
 .text.LPUART_Getchar9
                0x0000524a       0x12 ./SDK/platform/drivers/src/lpuart/lpuart_hw_access.o
                0x0000524a                LPUART_Getchar9
 .text.LPUART_Getchar10
                0x0000525c       0x1e ./SDK/platform/drivers/src/lpuart/lpuart_hw_access.o
                0x0000525c                LPUART_Getchar10
 .text.LPUART_SetIntMode
                0x0000527a       0x70 ./SDK/platform/drivers/src/lpuart/lpuart_hw_access.o
                0x0000527a                LPUART_SetIntMode
 .text.LPUART_GetIntMode
                0x000052ea       0x4a ./SDK/platform/drivers/src/lpuart/lpuart_hw_access.o
                0x000052ea                LPUART_GetIntMode
 .text.LPUART_GetStatusFlag
                0x00005334       0x48 ./SDK/platform/drivers/src/lpuart/lpuart_hw_access.o
                0x00005334                LPUART_GetStatusFlag
 .text.LPUART_SetErrorInterrupts
                0x0000537c       0x40 ./SDK/platform/drivers/src/lpuart/lpuart_hw_access.o
                0x0000537c                LPUART_SetErrorInterrupts
 .text.LPUART0_IrqHandler
                0x000053bc        0xa ./SDK/platform/drivers/src/lpuart/lpuart_irq.o
                0x000053bc                LPUART0_IrqHandler
 .text.LPUART1_IrqHandler
                0x000053c6        0xa ./SDK/platform/drivers/src/lpuart/lpuart_irq.o
                0x000053c6                LPUART1_IrqHandler
 .text.LPUART2_IrqHandler
                0x000053d0        0xa ./SDK/platform/drivers/src/lpuart/lpuart_irq.o
                0x000053d0                LPUART2_IrqHandler
 .text.PINS_DRV_Init
                0x000053da       0x20 ./SDK/platform/drivers/src/pins/pins_driver.o
                0x000053da                PINS_DRV_Init
 .text.PINS_DRV_SetPinIntSel
                0x000053fa       0x16 ./SDK/platform/drivers/src/pins/pins_driver.o
                0x000053fa                PINS_DRV_SetPinIntSel
 .text.PINS_DRV_ClearPinIntFlagCmd
                0x00005410        0xe ./SDK/platform/drivers/src/pins/pins_driver.o
                0x00005410                PINS_DRV_ClearPinIntFlagCmd
 .text.PINS_DRV_SetPins
                0x0000541e        0x4 ./SDK/platform/drivers/src/pins/pins_driver.o
                0x0000541e                PINS_DRV_SetPins
 .text.PINS_DRV_ClearPins
                0x00005422        0x4 ./SDK/platform/drivers/src/pins/pins_driver.o
                0x00005422                PINS_DRV_ClearPins
 .text.PINS_DRV_ReadPins
                0x00005426        0x4 ./SDK/platform/drivers/src/pins/pins_driver.o
                0x00005426                PINS_DRV_ReadPins
 *fill*         0x0000542a        0x2 
 .text.PINS_GetAdcInterleaveVal
                0x0000542c       0x70 ./SDK/platform/drivers/src/pins/pins_port_hw_access.o
 .text.PINS_Init
                0x0000549c      0x114 ./SDK/platform/drivers/src/pins/pins_port_hw_access.o
                0x0000549c                PINS_Init
 .text.SysTick_Handler
                0x000055b0       0x10 ./SDK/rtos/osif/osif_baremetal.o
                0x000055b0                SysTick_Handler
 .text.OSIF_TimeDelay
                0x000055c0       0x50 ./SDK/rtos/osif/osif_baremetal.o
                0x000055c0                OSIF_TimeDelay
 .text.OSIF_GetMilliseconds
                0x00005610        0xc ./SDK/rtos/osif/osif_baremetal.o
                0x00005610                OSIF_GetMilliseconds
 .text.OSIF_SemaPost
                0x0000561c       0x26 ./SDK/rtos/osif/osif_baremetal.o
                0x0000561c                OSIF_SemaPost
 .text.OSIF_SemaCreate
                0x00005642       0x14 ./SDK/rtos/osif/osif_baremetal.o
                0x00005642                OSIF_SemaCreate
 .text.OSIF_SemaDestroy
                0x00005656        0x4 ./SDK/rtos/osif/osif_baremetal.o
                0x00005656                OSIF_SemaDestroy
 *fill*         0x0000565a        0x2 
 .text.gpio_int
                0x0000565c       0x8c ./Sources/apm_std.o
                0x0000565c                gpio_int
 .text.gpio_intrr_config
                0x000056e8       0x34 ./Sources/apm_std.o
                0x000056e8                gpio_intrr_config
 .text.ready_to_start
                0x0000571c       0x20 ./Sources/apm_std.o
                0x0000571c                ready_to_start
 .text.stop_check
                0x0000573c       0x44 ./Sources/apm_std.o
                0x0000573c                stop_check
 .text.door_status
                0x00005780        0xc ./Sources/apm_std.o
                0x00005780                door_status
 *fill*         0x0000578c        0x4 
 .text.over_speed_check
                0x00005790       0x38 ./Sources/apm_std.o
                0x00005790                over_speed_check
 .text.radar_detection_check
                0x000057c8       0x98 ./Sources/apm_std.o
                0x000057c8                radar_detection_check
 .text.all_ecu_fault_check
                0x00005860       0xe0 ./Sources/apm_std.o
                0x00005860                all_ecu_fault_check
 .text.can0_callback
                0x00005940       0x6c ./Sources/can0.o
                0x00005940                can0_callback
 .text.can0_config
                0x000059ac       0xf4 ./Sources/can0.o
                0x000059ac                can0_config
 .text.brake_release
                0x00005aa0       0x68 ./Sources/can0.o
                0x00005aa0                brake_release
 .text.pressure_to_apply
                0x00005b08       0xbc ./Sources/can0.o
                0x00005b08                pressure_to_apply
 .text.sending_data_to_brake
                0x00005bc4       0xc4 ./Sources/can0.o
                0x00005bc4                sending_data_to_brake
 .text.can_config_rx_mb_for_extid_filter
                0x00005c88       0x38 ./Sources/can1.o
 .text.can1_callback
                0x00005cc0      0x4dc ./Sources/can1.o
                0x00005cc0                can1_callback
 .text.can1_config
                0x0000619c      0x15c ./Sources/can1.o
                0x0000619c                can1_config
 .text.can_config_rx_mb_for_extid_filter
                0x000062f8       0x34 ./Sources/can2.o
 .text.can2_config
                0x0000632c       0xfc ./Sources/can2.o
                0x0000632c                can2_config
 .text.sending_data_to_obc
                0x00006428       0x88 ./Sources/can2.o
                0x00006428                sending_data_to_obc
 .text.send_trip_status
                0x000064b0       0x64 ./Sources/can2.o
                0x000064b0                send_trip_status
 .text.sending_ack_to_obc
                0x00006514       0x60 ./Sources/can2.o
                0x00006514                sending_ack_to_obc
 .text.can2_callback
                0x00006574      0x2a8 ./Sources/can2.o
                0x00006574                can2_callback
 .text.sending_data_to_obc_heart_beat
                0x0000681c       0x5c ./Sources/can2.o
                0x0000681c                sending_data_to_obc_heart_beat
 .text.fault_can_mesg
                0x00006878       0xdc ./Sources/fault.o
                0x00006878                fault_can_mesg
 .text.timer_for_10ms
                0x00006954      0x1bc ./Sources/lptimer.o
                0x00006954                timer_for_10ms
 .text.timer_config
                0x00006b10       0x34 ./Sources/lptimer.o
                0x00006b10                timer_config
 .text.main     0x00006b44      0x15c ./Sources/main.o
                0x00006b44                main
 .text.PID_Init
                0x00006ca0       0x4e ./Sources/pid.o
                0x00006ca0                PID_Init
 .text.PID_Compute
                0x00006cee      0x174 ./Sources/pid.o
                0x00006cee                PID_Compute
 .text.PID_SetMode
                0x00006e62       0x1e ./Sources/pid.o
                0x00006e62                PID_SetMode
 .text.PID_SetOutputLimits
                0x00006e80       0x92 ./Sources/pid.o
                0x00006e80                PID_SetOutputLimits
 *fill*         0x00006f12        0x2 
 .text.PID_SetTunings2
                0x00006f14       0xe8 ./Sources/pid.o
                0x00006f14                PID_SetTunings2
 .text.PID_SetControllerDirection
                0x00006ffc       0x44 ./Sources/pid.o
                0x00006ffc                PID_SetControllerDirection
 .text.PID      0x00007040       0x88 ./Sources/pid.o
                0x00007040                PID
 .text.PID_SetSampleTime
                0x000070c8       0x4c ./Sources/pid.o
                0x000070c8                PID_SetSampleTime
 .text.pin_config
                0x00007114       0x3c ./Sources/pin_config.o
                0x00007114                pin_config
 .text.spi0_config
                0x00007150       0x40 ./Sources/spi0.o
                0x00007150                spi0_config
 .text.MCP4921_SetOutput
                0x00007190       0x3c ./Sources/spi0.o
                0x00007190                MCP4921_SetOutput
 *fill*         0x000071cc        0x4 
 .text.pid_config
                0x000071d0       0x94 ./Sources/spi0.o
                0x000071d0                pid_config
 .text.syst_clk
                0x00007264       0x3c ./Sources/syst_clk.o
                0x00007264                syst_clk
 .text.diagnosis
                0x000072a0       0x34 ./Sources/system_states.o
                0x000072a0                diagnosis
 .text.sending_data_to_bms
                0x000072d4       0x54 ./Sources/system_states.o
                0x000072d4                sending_data_to_bms
 .text.sending_data_to_pdu
                0x00007328       0xb4 ./Sources/system_states.o
                0x00007328                sending_data_to_pdu
 .text.sending_data_to_all_ecu_heart_beat
                0x000073dc       0x54 ./Sources/system_states.o
                0x000073dc                sending_data_to_all_ecu_heart_beat
 .text.system_states
                0x00007430      0x714 ./Sources/system_states.o
                0x00007430                system_states
 .text.uart0_config
                0x00007b44       0x44 ./Sources/uart0.o
                0x00007b44                uart0_config
 .text.memset   0x00007b88       0x10 C:/NXP/S32DS_ARM_v2.2/S32DS/build_tools/gcc_v6.3/gcc-6.3-arm32-eabi/arm-none-eabi/newlib/lib/thumb/v7e-m/fpv4-sp/hard\libc_nano.a(lib_a-memset.o)
                0x00007b88                memset
 .text.__cvt    0x00007b98       0xc2 C:/NXP/S32DS_ARM_v2.2/S32DS/build_tools/gcc_v6.3/gcc-6.3-arm32-eabi/arm-none-eabi/newlib/lib/thumb/v7e-m/fpv4-sp/hard\libc_nano.a(lib_a-nano-vfprintf_float.o)
                0x00007b98                __cvt
 .text.__exponent
                0x00007c5a       0x6a C:/NXP/S32DS_ARM_v2.2/S32DS/build_tools/gcc_v6.3/gcc-6.3-arm32-eabi/arm-none-eabi/newlib/lib/thumb/v7e-m/fpv4-sp/hard\libc_nano.a(lib_a-nano-vfprintf_float.o)
                0x00007c5a                __exponent
 .text._printf_float
                0x00007cc4      0x480 C:/NXP/S32DS_ARM_v2.2/S32DS/build_tools/gcc_v6.3/gcc-6.3-arm32-eabi/arm-none-eabi/newlib/lib/thumb/v7e-m/fpv4-sp/hard\libc_nano.a(lib_a-nano-vfprintf_float.o)
                0x00007cc4                _printf_float
 .text._printf_common
                0x00008144       0xec C:/NXP/S32DS_ARM_v2.2/S32DS/build_tools/gcc_v6.3/gcc-6.3-arm32-eabi/arm-none-eabi/newlib/lib/thumb/v7e-m/fpv4-sp/hard\libc_nano.a(lib_a-nano-vfprintf_i.o)
                0x00008144                _printf_common
 .text._printf_i
                0x00008230      0x240 C:/NXP/S32DS_ARM_v2.2/S32DS/build_tools/gcc_v6.3/gcc-6.3-arm32-eabi/arm-none-eabi/newlib/lib/thumb/v7e-m/fpv4-sp/hard\libc_nano.a(lib_a-nano-vfprintf_i.o)
                0x00008230                _printf_i
 .text._scanf_float
                0x00008470      0x3c8 C:/NXP/S32DS_ARM_v2.2/S32DS/build_tools/gcc_v6.3/gcc-6.3-arm32-eabi/arm-none-eabi/newlib/lib/thumb/v7e-m/fpv4-sp/hard\libc_nano.a(lib_a-nano-vfscanf_float.o)
                0x00008470                _scanf_float
 .text.nanf     0x00008838        0xc C:/NXP/S32DS_ARM_v2.2/S32DS/build_tools/gcc_v6.3/gcc-6.3-arm32-eabi/arm-none-eabi/newlib/lib/thumb/v7e-m/fpv4-sp/hard\libc_nano.a(lib_a-sf_nan.o)
                0x00008838                nanf
 .text.sprintf  0x00008844       0x48 C:/NXP/S32DS_ARM_v2.2/S32DS/build_tools/gcc_v6.3/gcc-6.3-arm32-eabi/arm-none-eabi/newlib/lib/thumb/v7e-m/fpv4-sp/hard\libc_nano.a(lib_a-sprintf.o)
                0x00008844                siprintf
                0x00008844                sprintf
 .text.unlikely.sulp
                0x0000888c       0x38 C:/NXP/S32DS_ARM_v2.2/S32DS/build_tools/gcc_v6.3/gcc-6.3-arm32-eabi/arm-none-eabi/newlib/lib/thumb/v7e-m/fpv4-sp/hard\libc_nano.a(lib_a-strtod.o)
 *fill*         0x000088c4        0x4 
 .text._strtod_l
                0x000088c8      0xbd8 C:/NXP/S32DS_ARM_v2.2/S32DS/build_tools/gcc_v6.3/gcc-6.3-arm32-eabi/arm-none-eabi/newlib/lib/thumb/v7e-m/fpv4-sp/hard\libc_nano.a(lib_a-strtod.o)
                0x000088c8                _strtod_l
 .text._strtod_r
                0x000094a0       0x20 C:/NXP/S32DS_ARM_v2.2/S32DS/build_tools/gcc_v6.3/gcc-6.3-arm32-eabi/arm-none-eabi/newlib/lib/thumb/v7e-m/fpv4-sp/hard\libc_nano.a(lib_a-strtod.o)
                0x000094a0                _strtod_r
 .text._strtol_l.isra.0
                0x000094c0      0x100 C:/NXP/S32DS_ARM_v2.2/S32DS/build_tools/gcc_v6.3/gcc-6.3-arm32-eabi/arm-none-eabi/newlib/lib/thumb/v7e-m/fpv4-sp/hard\libc_nano.a(lib_a-strtol.o)
 .text._strtol_r
                0x000095c0       0x24 C:/NXP/S32DS_ARM_v2.2/S32DS/build_tools/gcc_v6.3/gcc-6.3-arm32-eabi/arm-none-eabi/newlib/lib/thumb/v7e-m/fpv4-sp/hard\libc_nano.a(lib_a-strtol.o)
                0x000095c0                _strtol_r
 .text.quorem   0x000095e4      0x118 C:/NXP/S32DS_ARM_v2.2/S32DS/build_tools/gcc_v6.3/gcc-6.3-arm32-eabi/arm-none-eabi/newlib/lib/thumb/v7e-m/fpv4-sp/hard\libc_nano.a(lib_a-dtoa.o)
 *fill*         0x000096fc        0x4 
 .text._dtoa_r  0x00009700      0xb9c C:/NXP/S32DS_ARM_v2.2/S32DS/build_tools/gcc_v6.3/gcc-6.3-arm32-eabi/arm-none-eabi/newlib/lib/thumb/v7e-m/fpv4-sp/hard\libc_nano.a(lib_a-dtoa.o)
                0x00009700                _dtoa_r
 .text.rshift   0x0000a29c       0x6a C:/NXP/S32DS_ARM_v2.2/S32DS/build_tools/gcc_v6.3/gcc-6.3-arm32-eabi/arm-none-eabi/newlib/lib/thumb/v7e-m/fpv4-sp/hard\libc_nano.a(lib_a-gdtoa-gethex.o)
 .text.__hexdig_fun
                0x0000a306       0x2a C:/NXP/S32DS_ARM_v2.2/S32DS/build_tools/gcc_v6.3/gcc-6.3-arm32-eabi/arm-none-eabi/newlib/lib/thumb/v7e-m/fpv4-sp/hard\libc_nano.a(lib_a-gdtoa-gethex.o)
                0x0000a306                __hexdig_fun
 .text.__gethex
                0x0000a330      0x43c C:/NXP/S32DS_ARM_v2.2/S32DS/build_tools/gcc_v6.3/gcc-6.3-arm32-eabi/arm-none-eabi/newlib/lib/thumb/v7e-m/fpv4-sp/hard\libc_nano.a(lib_a-gdtoa-gethex.o)
                0x0000a330                __gethex
 .text.L_shift  0x0000a76c       0x24 C:/NXP/S32DS_ARM_v2.2/S32DS/build_tools/gcc_v6.3/gcc-6.3-arm32-eabi/arm-none-eabi/newlib/lib/thumb/v7e-m/fpv4-sp/hard\libc_nano.a(lib_a-gdtoa-hexnan.o)
 .text.__match  0x0000a790       0x26 C:/NXP/S32DS_ARM_v2.2/S32DS/build_tools/gcc_v6.3/gcc-6.3-arm32-eabi/arm-none-eabi/newlib/lib/thumb/v7e-m/fpv4-sp/hard\libc_nano.a(lib_a-gdtoa-hexnan.o)
                0x0000a790                __match
 .text.__hexnan
                0x0000a7b6      0x120 C:/NXP/S32DS_ARM_v2.2/S32DS/build_tools/gcc_v6.3/gcc-6.3-arm32-eabi/arm-none-eabi/newlib/lib/thumb/v7e-m/fpv4-sp/hard\libc_nano.a(lib_a-gdtoa-hexnan.o)
                0x0000a7b6                __hexnan
 .text.__localeconv_l
                0x0000a8d6        0x4 C:/NXP/S32DS_ARM_v2.2/S32DS/build_tools/gcc_v6.3/gcc-6.3-arm32-eabi/arm-none-eabi/newlib/lib/thumb/v7e-m/fpv4-sp/hard\libc_nano.a(lib_a-localeconv.o)
                0x0000a8d6                __localeconv_l
 *fill*         0x0000a8da        0x2 
 .text._localeconv_r
                0x0000a8dc       0x1c C:/NXP/S32DS_ARM_v2.2/S32DS/build_tools/gcc_v6.3/gcc-6.3-arm32-eabi/arm-none-eabi/newlib/lib/thumb/v7e-m/fpv4-sp/hard\libc_nano.a(lib_a-localeconv.o)
                0x0000a8dc                _localeconv_r
 .text.__locale_ctype_ptr_l
                0x0000a8f8        0x6 C:/NXP/S32DS_ARM_v2.2/S32DS/build_tools/gcc_v6.3/gcc-6.3-arm32-eabi/arm-none-eabi/newlib/lib/thumb/v7e-m/fpv4-sp/hard\libc_nano.a(lib_a-locale.o)
                0x0000a8f8                __locale_ctype_ptr_l
 *fill*         0x0000a8fe        0x2 
 .text.malloc   0x0000a900       0x10 C:/NXP/S32DS_ARM_v2.2/S32DS/build_tools/gcc_v6.3/gcc-6.3-arm32-eabi/arm-none-eabi/newlib/lib/thumb/v7e-m/fpv4-sp/hard\libc_nano.a(lib_a-malloc.o)
                0x0000a900                malloc
 .text.__ascii_mbtowc
                0x0000a910       0x24 C:/NXP/S32DS_ARM_v2.2/S32DS/build_tools/gcc_v6.3/gcc-6.3-arm32-eabi/arm-none-eabi/newlib/lib/thumb/v7e-m/fpv4-sp/hard\libc_nano.a(lib_a-mbtowc_r.o)
                0x0000a910                __ascii_mbtowc
 .text.memcpy   0x0000a934       0x16 C:/NXP/S32DS_ARM_v2.2/S32DS/build_tools/gcc_v6.3/gcc-6.3-arm32-eabi/arm-none-eabi/newlib/lib/thumb/v7e-m/fpv4-sp/hard\libc_nano.a(lib_a-memcpy-stub.o)
                0x0000a934                memcpy
 .text._Balloc  0x0000a94a       0x68 C:/NXP/S32DS_ARM_v2.2/S32DS/build_tools/gcc_v6.3/gcc-6.3-arm32-eabi/arm-none-eabi/newlib/lib/thumb/v7e-m/fpv4-sp/hard\libc_nano.a(lib_a-mprec.o)
                0x0000a94a                _Balloc
 .text._Bfree   0x0000a9b2       0x2e C:/NXP/S32DS_ARM_v2.2/S32DS/build_tools/gcc_v6.3/gcc-6.3-arm32-eabi/arm-none-eabi/newlib/lib/thumb/v7e-m/fpv4-sp/hard\libc_nano.a(lib_a-mprec.o)
                0x0000a9b2                _Bfree
 .text.__multadd
                0x0000a9e0       0x76 C:/NXP/S32DS_ARM_v2.2/S32DS/build_tools/gcc_v6.3/gcc-6.3-arm32-eabi/arm-none-eabi/newlib/lib/thumb/v7e-m/fpv4-sp/hard\libc_nano.a(lib_a-mprec.o)
                0x0000a9e0                __multadd
 .text.__s2b    0x0000aa56       0x7c C:/NXP/S32DS_ARM_v2.2/S32DS/build_tools/gcc_v6.3/gcc-6.3-arm32-eabi/arm-none-eabi/newlib/lib/thumb/v7e-m/fpv4-sp/hard\libc_nano.a(lib_a-mprec.o)
                0x0000aa56                __s2b
 .text.__hi0bits
                0x0000aad2       0x3e C:/NXP/S32DS_ARM_v2.2/S32DS/build_tools/gcc_v6.3/gcc-6.3-arm32-eabi/arm-none-eabi/newlib/lib/thumb/v7e-m/fpv4-sp/hard\libc_nano.a(lib_a-mprec.o)
                0x0000aad2                __hi0bits
 .text.__lo0bits
                0x0000ab10       0x5e C:/NXP/S32DS_ARM_v2.2/S32DS/build_tools/gcc_v6.3/gcc-6.3-arm32-eabi/arm-none-eabi/newlib/lib/thumb/v7e-m/fpv4-sp/hard\libc_nano.a(lib_a-mprec.o)
                0x0000ab10                __lo0bits
 .text.__i2b    0x0000ab6e       0x12 C:/NXP/S32DS_ARM_v2.2/S32DS/build_tools/gcc_v6.3/gcc-6.3-arm32-eabi/arm-none-eabi/newlib/lib/thumb/v7e-m/fpv4-sp/hard\libc_nano.a(lib_a-mprec.o)
                0x0000ab6e                __i2b
 .text.__multiply
                0x0000ab80      0x11a C:/NXP/S32DS_ARM_v2.2/S32DS/build_tools/gcc_v6.3/gcc-6.3-arm32-eabi/arm-none-eabi/newlib/lib/thumb/v7e-m/fpv4-sp/hard\libc_nano.a(lib_a-mprec.o)
                0x0000ab80                __multiply
 *fill*         0x0000ac9a        0x2 
 .text.__pow5mult
                0x0000ac9c       0x9c C:/NXP/S32DS_ARM_v2.2/S32DS/build_tools/gcc_v6.3/gcc-6.3-arm32-eabi/arm-none-eabi/newlib/lib/thumb/v7e-m/fpv4-sp/hard\libc_nano.a(lib_a-mprec.o)
                0x0000ac9c                __pow5mult
 .text.__lshift
                0x0000ad38       0xa2 C:/NXP/S32DS_ARM_v2.2/S32DS/build_tools/gcc_v6.3/gcc-6.3-arm32-eabi/arm-none-eabi/newlib/lib/thumb/v7e-m/fpv4-sp/hard\libc_nano.a(lib_a-mprec.o)
                0x0000ad38                __lshift
 .text.__mcmp   0x0000adda       0x34 C:/NXP/S32DS_ARM_v2.2/S32DS/build_tools/gcc_v6.3/gcc-6.3-arm32-eabi/arm-none-eabi/newlib/lib/thumb/v7e-m/fpv4-sp/hard\libc_nano.a(lib_a-mprec.o)
                0x0000adda                __mcmp
 .text.__mdiff  0x0000ae0e       0xbc C:/NXP/S32DS_ARM_v2.2/S32DS/build_tools/gcc_v6.3/gcc-6.3-arm32-eabi/arm-none-eabi/newlib/lib/thumb/v7e-m/fpv4-sp/hard\libc_nano.a(lib_a-mprec.o)
                0x0000ae0e                __mdiff
 *fill*         0x0000aeca        0x2 
 .text.__ulp    0x0000aecc       0x50 C:/NXP/S32DS_ARM_v2.2/S32DS/build_tools/gcc_v6.3/gcc-6.3-arm32-eabi/arm-none-eabi/newlib/lib/thumb/v7e-m/fpv4-sp/hard\libc_nano.a(lib_a-mprec.o)
                0x0000aecc                __ulp
 .text.__b2d    0x0000af1c       0x9c C:/NXP/S32DS_ARM_v2.2/S32DS/build_tools/gcc_v6.3/gcc-6.3-arm32-eabi/arm-none-eabi/newlib/lib/thumb/v7e-m/fpv4-sp/hard\libc_nano.a(lib_a-mprec.o)
                0x0000af1c                __b2d
 .text.__d2b    0x0000afb8       0x9e C:/NXP/S32DS_ARM_v2.2/S32DS/build_tools/gcc_v6.3/gcc-6.3-arm32-eabi/arm-none-eabi/newlib/lib/thumb/v7e-m/fpv4-sp/hard\libc_nano.a(lib_a-mprec.o)
                0x0000afb8                __d2b
 .text.__ratio  0x0000b056       0x58 C:/NXP/S32DS_ARM_v2.2/S32DS/build_tools/gcc_v6.3/gcc-6.3-arm32-eabi/arm-none-eabi/newlib/lib/thumb/v7e-m/fpv4-sp/hard\libc_nano.a(lib_a-mprec.o)
                0x0000b056                __ratio
 .text.__copybits
                0x0000b0ae       0x34 C:/NXP/S32DS_ARM_v2.2/S32DS/build_tools/gcc_v6.3/gcc-6.3-arm32-eabi/arm-none-eabi/newlib/lib/thumb/v7e-m/fpv4-sp/hard\libc_nano.a(lib_a-mprec.o)
                0x0000b0ae                __copybits
 .text.__any_on
                0x0000b0e2       0x42 C:/NXP/S32DS_ARM_v2.2/S32DS/build_tools/gcc_v6.3/gcc-6.3-arm32-eabi/arm-none-eabi/newlib/lib/thumb/v7e-m/fpv4-sp/hard\libc_nano.a(lib_a-mprec.o)
                0x0000b0e2                __any_on
 .text._calloc_r
                0x0000b124       0x1c C:/NXP/S32DS_ARM_v2.2/S32DS/build_tools/gcc_v6.3/gcc-6.3-arm32-eabi/arm-none-eabi/newlib/lib/thumb/v7e-m/fpv4-sp/hard\libc_nano.a(lib_a-nano-callocr.o)
                0x0000b124                _calloc_r
 .text._free_r  0x0000b140       0x9c C:/NXP/S32DS_ARM_v2.2/S32DS/build_tools/gcc_v6.3/gcc-6.3-arm32-eabi/arm-none-eabi/newlib/lib/thumb/v7e-m/fpv4-sp/hard\libc_nano.a(lib_a-nano-freer.o)
                0x0000b140                _free_r
 .text._malloc_r
                0x0000b1dc       0xbc C:/NXP/S32DS_ARM_v2.2/S32DS/build_tools/gcc_v6.3/gcc-6.3-arm32-eabi/arm-none-eabi/newlib/lib/thumb/v7e-m/fpv4-sp/hard\libc_nano.a(lib_a-nano-mallocr.o)
                0x0000b1dc                _malloc_r
 .text.__ssputs_r
                0x0000b298       0xb6 C:/NXP/S32DS_ARM_v2.2/S32DS/build_tools/gcc_v6.3/gcc-6.3-arm32-eabi/arm-none-eabi/newlib/lib/thumb/v7e-m/fpv4-sp/hard\libc_nano.a(lib_a-nano-svfprintf.o)
                0x0000b298                __ssputs_r
 *fill*         0x0000b34e        0x2 
 .text._svfprintf_r
                0x0000b350      0x1e8 C:/NXP/S32DS_ARM_v2.2/S32DS/build_tools/gcc_v6.3/gcc-6.3-arm32-eabi/arm-none-eabi/newlib/lib/thumb/v7e-m/fpv4-sp/hard\libc_nano.a(lib_a-nano-svfprintf.o)
                0x0000b350                _svfiprintf_r
                0x0000b350                _svfprintf_r
 .text._sbrk_r  0x0000b538       0x20 C:/NXP/S32DS_ARM_v2.2/S32DS/build_tools/gcc_v6.3/gcc-6.3-arm32-eabi/arm-none-eabi/newlib/lib/thumb/v7e-m/fpv4-sp/hard\libc_nano.a(lib_a-sbrkr.o)
                0x0000b538                _sbrk_r
 .text.strncmp  0x0000b558       0x24 C:/NXP/S32DS_ARM_v2.2/S32DS/build_tools/gcc_v6.3/gcc-6.3-arm32-eabi/arm-none-eabi/newlib/lib/thumb/v7e-m/fpv4-sp/hard\libc_nano.a(lib_a-strncmp.o)
                0x0000b558                strncmp
 .text.__ascii_wctomb
                0x0000b57c       0x1a C:/NXP/S32DS_ARM_v2.2/S32DS/build_tools/gcc_v6.3/gcc-6.3-arm32-eabi/arm-none-eabi/newlib/lib/thumb/v7e-m/fpv4-sp/hard\libc_nano.a(lib_a-wctomb_r.o)
                0x0000b57c                __ascii_wctomb
 .text.memmove  0x0000b596       0x34 C:/NXP/S32DS_ARM_v2.2/S32DS/build_tools/gcc_v6.3/gcc-6.3-arm32-eabi/arm-none-eabi/newlib/lib/thumb/v7e-m/fpv4-sp/hard\libc_nano.a(lib_a-memmove.o)
                0x0000b596                memmove
 .text.__malloc_lock
                0x0000b5ca        0x2 C:/NXP/S32DS_ARM_v2.2/S32DS/build_tools/gcc_v6.3/gcc-6.3-arm32-eabi/arm-none-eabi/newlib/lib/thumb/v7e-m/fpv4-sp/hard\libc_nano.a(lib_a-mlock.o)
                0x0000b5ca                __malloc_lock
 .text.__malloc_unlock
                0x0000b5cc        0x2 C:/NXP/S32DS_ARM_v2.2/S32DS/build_tools/gcc_v6.3/gcc-6.3-arm32-eabi/arm-none-eabi/newlib/lib/thumb/v7e-m/fpv4-sp/hard\libc_nano.a(lib_a-mlock.o)
                0x0000b5cc                __malloc_unlock
 .text._realloc_r
                0x0000b5ce       0x4c C:/NXP/S32DS_ARM_v2.2/S32DS/build_tools/gcc_v6.3/gcc-6.3-arm32-eabi/arm-none-eabi/newlib/lib/thumb/v7e-m/fpv4-sp/hard\libc_nano.a(lib_a-nano-reallocr.o)
                0x0000b5ce                _realloc_r
 .text._malloc_usable_size_r
                0x0000b61a       0x12 C:/NXP/S32DS_ARM_v2.2/S32DS/build_tools/gcc_v6.3/gcc-6.3-arm32-eabi/arm-none-eabi/newlib/lib/thumb/v7e-m/fpv4-sp/hard\libc_nano.a(lib_a-nano-msizer.o)
                0x0000b61a                _malloc_usable_size_r
 .text._sbrk    0x0000b62c       0x1c C:/NXP/S32DS_ARM_v2.2/S32DS/build_tools/gcc_v6.3/gcc-6.3-arm32-eabi/arm-none-eabi/newlib/lib/thumb/v7e-m/fpv4-sp/hard\libnosys.a(sbrk.o)
                0x0000b62c                _sbrk
 *(.rodata)
 *(.rodata*)
 .rodata.canCom1_InitConfig0
                0x0000b648       0x38 ./Generated_Code/canCom1.o
                0x0000b648                canCom1_InitConfig0
 .rodata.canCom2_InitConfig0
                0x0000b680       0x38 ./Generated_Code/canCom2.o
                0x0000b680                canCom2_InitConfig0
 .rodata.canCom3_InitConfig0
                0x0000b6b8       0x38 ./Generated_Code/canCom3.o
                0x0000b6b8                canCom3_InitConfig0
 .rodata.lpTmr1_config0
                0x0000b6f0       0x10 ./Generated_Code/lpTmr1.o
                0x0000b6f0                lpTmr1_config0
 .rodata.lpspiCom1_MasterConfig0
                0x0000b700       0x20 ./Generated_Code/lpspiCom1.o
                0x0000b700                lpspiCom1_MasterConfig0
 .rodata.lpuart1_InitConfig0
                0x0000b720        0xc ./Generated_Code/lpuart1.o
                0x0000b720                lpuart1_InitConfig0
 .rodata.clockNameMappings
                0x0000b72c       0x9e ./SDK/platform/drivers/src/clock/S32K1xx/clock_S32K1xx.o
                0x0000b72c                clockNameMappings
 *fill*         0x0000b7ca        0x2 
 .rodata.maxSysClksInHSRUN.7598
                0x0000b7cc       0x54 ./SDK/platform/drivers/src/clock/S32K1xx/clock_S32K1xx.o
 .rodata.maxSysClksInRUN.7597
                0x0000b820       0x54 ./SDK/platform/drivers/src/clock/S32K1xx/clock_S32K1xx.o
 .rodata.maxSysClksInVLPR.7596
                0x0000b874       0x54 ./SDK/platform/drivers/src/clock/S32K1xx/clock_S32K1xx.o
 .rodata.peripheralFeaturesList
                0x0000b8c8       0x4f ./SDK/platform/drivers/src/clock/S32K1xx/clock_S32K1xx.o
                0x0000b8c8                peripheralFeaturesList
 *fill*         0x0000b917        0x1 
 .rodata.g_flexcanBase
                0x0000b918        0xc ./SDK/platform/drivers/src/flexcan/flexcan_driver.o
 .rodata.g_flexcanBusOffIrqId
                0x0000b924        0x3 ./SDK/platform/drivers/src/flexcan/flexcan_driver.o
 *fill*         0x0000b927        0x1 
 .rodata.g_flexcanErrorIrqId
                0x0000b928        0x3 ./SDK/platform/drivers/src/flexcan/flexcan_driver.o
 *fill*         0x0000b92b        0x1 
 .rodata.g_flexcanOredMessageBufferIrqId
                0x0000b92c        0x6 ./SDK/platform/drivers/src/flexcan/flexcan_driver.o
 *fill*         0x0000b932        0x2 
 .rodata.g_flexcanWakeUpIrqId
                0x0000b934        0x3 ./SDK/platform/drivers/src/flexcan/flexcan_driver.o
 *fill*         0x0000b937        0x1 
 .rodata.payload_code.7337
                0x0000b938       0x41 ./SDK/platform/drivers/src/flexcan/flexcan_hw_access.o
 *fill*         0x0000b979        0x3 
 .rodata.s_baudratePrescaler
                0x0000b97c       0x20 ./SDK/platform/drivers/src/lpspi/lpspi_hw_access.o
 .rodata.s_lpuartBase
                0x0000b99c        0xc ./SDK/platform/drivers/src/lpuart/lpuart_driver.o
 .rodata.s_lpuartClkNames
                0x0000b9a8        0x3 ./SDK/platform/drivers/src/lpuart/lpuart_driver.o
 *fill*         0x0000b9ab        0x1 
 .rodata.s_lpuartRxTxIrqId
                0x0000b9ac        0x3 ./SDK/platform/drivers/src/lpuart/lpuart_driver.o
 *fill*         0x0000b9af        0x1 
 .rodata.system_states.str1.4
                0x0000b9b0       0x98 ./Sources/system_states.o
 .rodata._printf_float.str1.1
                0x0000ba48       0x12 C:/NXP/S32DS_ARM_v2.2/S32DS/build_tools/gcc_v6.3/gcc-6.3-arm32-eabi/arm-none-eabi/newlib/lib/thumb/v7e-m/fpv4-sp/hard\libc_nano.a(lib_a-nano-vfprintf_float.o)
 .rodata._printf_i.str1.1
                0x0000ba5a       0x22 C:/NXP/S32DS_ARM_v2.2/S32DS/build_tools/gcc_v6.3/gcc-6.3-arm32-eabi/arm-none-eabi/newlib/lib/thumb/v7e-m/fpv4-sp/hard\libc_nano.a(lib_a-nano-vfprintf_i.o)
 .rodata._scanf_float.str1.1
                0x0000ba7c        0x5 C:/NXP/S32DS_ARM_v2.2/S32DS/build_tools/gcc_v6.3/gcc-6.3-arm32-eabi/arm-none-eabi/newlib/lib/thumb/v7e-m/fpv4-sp/hard\libc_nano.a(lib_a-nano-vfscanf_float.o)
 .rodata._strtod_l.str1.1
                0x0000ba81        0x5 C:/NXP/S32DS_ARM_v2.2/S32DS/build_tools/gcc_v6.3/gcc-6.3-arm32-eabi/arm-none-eabi/newlib/lib/thumb/v7e-m/fpv4-sp/hard\libc_nano.a(lib_a-strtod.o)
                                  0xc (size before relaxing)
 *fill*         0x0000ba81        0x3 
 .rodata.fpi.7384
                0x0000ba84       0x14 C:/NXP/S32DS_ARM_v2.2/S32DS/build_tools/gcc_v6.3/gcc-6.3-arm32-eabi/arm-none-eabi/newlib/lib/thumb/v7e-m/fpv4-sp/hard\libc_nano.a(lib_a-strtod.o)
 .rodata.fpinan.7420
                0x0000ba98       0x14 C:/NXP/S32DS_ARM_v2.2/S32DS/build_tools/gcc_v6.3/gcc-6.3-arm32-eabi/arm-none-eabi/newlib/lib/thumb/v7e-m/fpv4-sp/hard\libc_nano.a(lib_a-strtod.o)
 *fill*         0x0000baac        0x4 
 .rodata.tinytens
                0x0000bab0       0x28 C:/NXP/S32DS_ARM_v2.2/S32DS/build_tools/gcc_v6.3/gcc-6.3-arm32-eabi/arm-none-eabi/newlib/lib/thumb/v7e-m/fpv4-sp/hard\libc_nano.a(lib_a-strtod.o)
 .rodata._dtoa_r.str1.1
                0x0000bad8        0xd C:/NXP/S32DS_ARM_v2.2/S32DS/build_tools/gcc_v6.3/gcc-6.3-arm32-eabi/arm-none-eabi/newlib/lib/thumb/v7e-m/fpv4-sp/hard\libc_nano.a(lib_a-dtoa.o)
                                  0xf (size before relaxing)
 .rodata._setlocale_r.str1.1
                0x0000bae5        0x8 C:/NXP/S32DS_ARM_v2.2/S32DS/build_tools/gcc_v6.3/gcc-6.3-arm32-eabi/arm-none-eabi/newlib/lib/thumb/v7e-m/fpv4-sp/hard\libc_nano.a(lib_a-locale.o)
                                  0x9 (size before relaxing)
 .rodata.str1.1
                0x0000baed        0x2 C:/NXP/S32DS_ARM_v2.2/S32DS/build_tools/gcc_v6.3/gcc-6.3-arm32-eabi/arm-none-eabi/newlib/lib/thumb/v7e-m/fpv4-sp/hard\libc_nano.a(lib_a-locale.o)
 *fill*         0x0000baef        0x1 
 .rodata.__mprec_bigtens
                0x0000baf0       0x28 C:/NXP/S32DS_ARM_v2.2/S32DS/build_tools/gcc_v6.3/gcc-6.3-arm32-eabi/arm-none-eabi/newlib/lib/thumb/v7e-m/fpv4-sp/hard\libc_nano.a(lib_a-mprec.o)
                0x0000baf0                __mprec_bigtens
 .rodata.__mprec_tens
                0x0000bb18       0xc8 C:/NXP/S32DS_ARM_v2.2/S32DS/build_tools/gcc_v6.3/gcc-6.3-arm32-eabi/arm-none-eabi/newlib/lib/thumb/v7e-m/fpv4-sp/hard\libc_nano.a(lib_a-mprec.o)
                0x0000bb18                __mprec_tens
 .rodata.p05.7302
                0x0000bbe0        0xc C:/NXP/S32DS_ARM_v2.2/S32DS/build_tools/gcc_v6.3/gcc-6.3-arm32-eabi/arm-none-eabi/newlib/lib/thumb/v7e-m/fpv4-sp/hard\libc_nano.a(lib_a-mprec.o)
 .rodata._svfprintf_r.str1.1
                0x0000bbec       0x11 C:/NXP/S32DS_ARM_v2.2/S32DS/build_tools/gcc_v6.3/gcc-6.3-arm32-eabi/arm-none-eabi/newlib/lib/thumb/v7e-m/fpv4-sp/hard\libc_nano.a(lib_a-nano-svfprintf.o)
 .rodata._ctype_
                0x0000bbfd      0x101 C:/NXP/S32DS_ARM_v2.2/S32DS/build_tools/gcc_v6.3/gcc-6.3-arm32-eabi/arm-none-eabi/newlib/lib/thumb/v7e-m/fpv4-sp/hard\libc_nano.a(lib_a-ctype_.o)
                0x0000bbfd                _ctype_
 *(.init)
 *fill*         0x0000bcfe        0x2 
 .init          0x0000bd00        0x4 c:/nxp/s32ds_arm_v2.2/s32ds/build_tools/gcc_v6.3/gcc-6.3-arm32-eabi/bin/../lib/gcc/arm-none-eabi/6.3.1/thumb/v7e-m/fpv4-sp/hard/crti.o
                0x0000bd00                _init
 *(.fini)
 .fini          0x0000bd04        0x4 c:/nxp/s32ds_arm_v2.2/s32ds/build_tools/gcc_v6.3/gcc-6.3-arm32-eabi/bin/../lib/gcc/arm-none-eabi/6.3.1/thumb/v7e-m/fpv4-sp/hard/crti.o
                0x0000bd04                _fini
 *(.eh_frame)
                0x0000bd08                . = ALIGN (0x4)

.glue_7         0x0000bd08        0x0
 .glue_7        0x0000bd08        0x0 linker stubs

.glue_7t        0x0000bd08        0x0
 .glue_7t       0x0000bd08        0x0 linker stubs

.vfp11_veneer   0x0000bd08        0x0
 .vfp11_veneer  0x0000bd08        0x0 linker stubs

.v4_bx          0x0000bd08        0x0
 .v4_bx         0x0000bd08        0x0 linker stubs

.iplt           0x0000bd08        0x0
 .iplt          0x0000bd08        0x0 c:/nxp/s32ds_arm_v2.2/s32ds/build_tools/gcc_v6.3/gcc-6.3-arm32-eabi/bin/../lib/gcc/arm-none-eabi/6.3.1/thumb/v7e-m/fpv4-sp/hard/crtbegin.o

.ARM            0x0000bd08        0x8
                0x0000bd08                __exidx_start = .
 *(.ARM.exidx*)
 .ARM.exidx     0x0000bd08        0x8 c:/nxp/s32ds_arm_v2.2/s32ds/build_tools/gcc_v6.3/gcc-6.3-arm32-eabi/bin/../lib/gcc/arm-none-eabi/6.3.1/thumb/v7e-m/fpv4-sp/hard\libgcc.a(_udivmoddi4.o)
                0x0000bd10                __exidx_end = .
                0x0000bd10                __etext = .
                0x0000bd10                __DATA_ROM = .

.rel.dyn        0x0000bd10        0x0
 .rel.iplt      0x0000bd10        0x0 c:/nxp/s32ds_arm_v2.2/s32ds/build_tools/gcc_v6.3/gcc-6.3-arm32-eabi/bin/../lib/gcc/arm-none-eabi/6.3.1/thumb/v7e-m/fpv4-sp/hard/crtbegin.o

.interrupts_ram
                0x1fff8000      0x400
                0x1fff8000                . = ALIGN (0x4)
                0x1fff8000                __VECTOR_RAM__ = .
                0x1fff8000                __RAM_START = .
                0x1fff8000                __interrupts_ram_start__ = .
 *(.m_interrupts_ram)
                0x1fff8400                . = (. + M_VECTOR_RAM_SIZE)
 *fill*         0x1fff8000      0x400 
                0x1fff8400                . = ALIGN (0x4)
                0x1fff8400                __interrupts_ram_end__ = .
                0x1fff8000                __VECTOR_RAM = DEFINED (__flash_vector_table__)?ORIGIN (m_interrupts):__VECTOR_RAM__
                0x00000400                __RAM_VECTOR_TABLE_SIZE = DEFINED (__flash_vector_table__)?0x0:(__interrupts_ram_end__ - __interrupts_ram_start__)

.data           0x1fff8400      0x768 load address 0x0000bd10
                0x1fff8400                . = ALIGN (0x4)
                0x1fff8400                __DATA_RAM = .
                0x1fff8400                __data_start__ = .
 *(.data)
 *(.data*)
 .data.clockMan1_InitConfig0
                0x1fff8400       0x78 ./Generated_Code/clockMan1.o
                0x1fff8400                clockMan1_InitConfig0
 .data.peripheralClockConfig0
                0x1fff8478       0x64 ./Generated_Code/clockMan1.o
                0x1fff8478                peripheralClockConfig0
 .data.g_pin_mux_InitConfigArr
                0x1fff84dc      0x210 ./Generated_Code/pin_mux.o
                0x1fff84dc                g_pin_mux_InitConfigArr
 .data.peripheralClockConfig.7360
                0x1fff86ec       0xa0 ./SDK/platform/drivers/src/clock/S32K1xx/clock_S32K1xx.o
 .data.g_lpspiBase
                0x1fff878c        0xc ./SDK/platform/drivers/src/lpspi/lpspi_shared_function.o
                0x1fff878c                g_lpspiBase
 .data.g_lpspiIrqId
                0x1fff8798        0x3 ./SDK/platform/drivers/src/lpspi/lpspi_shared_function.o
                0x1fff8798                g_lpspiIrqId
 *fill*         0x1fff879b        0x1 
 .data.g_lpuartIsr
                0x1fff879c        0xc ./SDK/platform/drivers/src/lpuart/lpuart_irq.o
                0x1fff879c                g_lpuartIsr
 .data.door_close
                0x1fff87a8        0x1 ./Sources/apm_std.o
                0x1fff87a8                door_close
 *fill*         0x1fff87a9        0x3 
 .data.area_of_pistion
                0x1fff87ac        0x4 ./Sources/can0.o
                0x1fff87ac                area_of_pistion
 .data.can0     0x1fff87b0        0xc ./Sources/can0.o
                0x1fff87b0                can0
 .data.friction_coefficient
                0x1fff87bc        0x4 ./Sources/can0.o
                0x1fff87bc                friction_coefficient
 .data.prev_pressure
                0x1fff87c0        0x8 ./Sources/can0.o
                0x1fff87c0                prev_pressure
 .data.vehicle_load
                0x1fff87c8        0x4 ./Sources/can0.o
                0x1fff87c8                vehicle_load
 *fill*         0x1fff87cc        0x4 
 .data.bms      0x1fff87d0       0x48 ./Sources/can1.o
                0x1fff87d0                bms
 .data.brake    0x1fff8818       0x48 ./Sources/can1.o
                0x1fff8818                brake
 .data.can1     0x1fff8860        0xc ./Sources/can1.o
                0x1fff8860                can1
 .data.mask     0x1fff886c        0x4 ./Sources/can1.o
                0x1fff886c                mask
 .data.mcu      0x1fff8870       0x48 ./Sources/can1.o
                0x1fff8870                mcu
 .data.obc      0x1fff88b8       0x48 ./Sources/can1.o
                0x1fff88b8                obc
 .data.pdu      0x1fff8900       0x48 ./Sources/can1.o
                0x1fff8900                pdu
 .data.set_rpm  0x1fff8948        0x2 ./Sources/can1.o
                0x1fff8948                set_rpm
 *fill*         0x1fff894a        0x2 
 .data.can2     0x1fff894c        0xc ./Sources/can2.o
                0x1fff894c                can2
 .data.pin_init_check
                0x1fff8958        0x2 ./Sources/pin_config.o
                0x1fff8958                pin_init_check
 *fill*         0x1fff895a        0x6 
 .data.Setpoint
                0x1fff8960        0x8 ./Sources/spi0.o
                0x1fff8960                Setpoint
 .data.consKd   0x1fff8968        0x8 ./Sources/spi0.o
                0x1fff8968                consKd
 .data.consKi   0x1fff8970        0x8 ./Sources/spi0.o
                0x1fff8970                consKi
 .data.consKp   0x1fff8978        0x8 ./Sources/spi0.o
                0x1fff8978                consKp
 .data.spi0     0x1fff8980        0xc ./Sources/spi0.o
                0x1fff8980                spi0
 .data.clock_init_check
                0x1fff898c        0x2 ./Sources/syst_clk.o
                0x1fff898c                clock_init_check
 .data.obc_id   0x1fff898e        0x1 ./Sources/system_states.o
                0x1fff898e                obc_id
 .data.run_flag
                0x1fff898f        0x1 ./Sources/system_states.o
                0x1fff898f                run_flag
 .data.send_to_bms
                0x1fff8990        0x1 ./Sources/system_states.o
                0x1fff8990                send_to_bms
 .data.stop_flag
                0x1fff8991        0x1 ./Sources/system_states.o
                0x1fff8991                stop_flag
 .data.vcu_id   0x1fff8992        0x1 ./Sources/system_states.o
                0x1fff8992                vcu_id
 *fill*         0x1fff8993        0x1 
 .data.uart_init_check
                0x1fff8994        0x2 ./Sources/uart0.o
                0x1fff8994                uart_init_check
 *fill*         0x1fff8996        0x2 
 .data._impure_ptr
                0x1fff8998        0x4 C:/NXP/S32DS_ARM_v2.2/S32DS/build_tools/gcc_v6.3/gcc-6.3-arm32-eabi/arm-none-eabi/newlib/lib/thumb/v7e-m/fpv4-sp/hard\libc_nano.a(lib_a-impure.o)
                0x1fff8998                _impure_ptr
 .data.impure_data
                0x1fff899c       0x60 C:/NXP/S32DS_ARM_v2.2/S32DS/build_tools/gcc_v6.3/gcc-6.3-arm32-eabi/arm-none-eabi/newlib/lib/thumb/v7e-m/fpv4-sp/hard\libc_nano.a(lib_a-impure.o)
 .data.__global_locale
                0x1fff89fc      0x16c C:/NXP/S32DS_ARM_v2.2/S32DS/build_tools/gcc_v6.3/gcc-6.3-arm32-eabi/arm-none-eabi/newlib/lib/thumb/v7e-m/fpv4-sp/hard\libc_nano.a(lib_a-locale.o)
                0x1fff89fc                __global_locale
                0x1fff8b68                . = ALIGN (0x4)
                0x1fff8b68                __data_end__ = .
                0x0000c478                __DATA_END = (__DATA_ROM + (__data_end__ - __data_start__))
                0x0000c478                __CODE_ROM = __DATA_END

.igot.plt       0x1fff8b68        0x0 load address 0x0000c478
 .igot.plt      0x1fff8b68        0x0 c:/nxp/s32ds_arm_v2.2/s32ds/build_tools/gcc_v6.3/gcc-6.3-arm32-eabi/bin/../lib/gcc/arm-none-eabi/6.3.1/thumb/v7e-m/fpv4-sp/hard/crtbegin.o

.code           0x1fff8b68        0x0 load address 0x0000c478
                0x1fff8b68                . = ALIGN (0x4)
                0x1fff8b68                __CODE_RAM = .
                0x1fff8b68                __code_start__ = .
                0x1fff8b68                __code_ram_start__ = .
 *(.code_ram)
                0x1fff8b68                . = ALIGN (0x4)
                0x1fff8b68                __code_end__ = .
                0x1fff8b68                __code_ram_end__ = .
                0x0000c478                __CODE_END = (__CODE_ROM + (__code_end__ - __code_start__))
                0x0000c478                __CUSTOM_ROM = __CODE_END

.customSectionBlock
                0x20000000        0x0 load address 0x0000c478
                0x20000000                __customSection_start__ = .
 *(.customSection)
                0x20000000                __customSection_end__ = .
                0x0000c478                __CUSTOM_END = (__CUSTOM_ROM + (__customSection_end__ - __customSection_start__))

.bss            0x20000000      0x784
                0x20000000                . = ALIGN (0x4)
                0x20000000                __BSS_START = .
                0x20000000                __bss_start__ = .
 *(.bss)
 *(.bss*)
 .bss.canCom1_State
                0x20000000      0x114 ./Generated_Code/canCom1.o
                0x20000000                canCom1_State
 .bss.canCom2_State
                0x20000114      0x114 ./Generated_Code/canCom2.o
                0x20000114                canCom2_State
 .bss.canCom3_State
                0x20000228      0x114 ./Generated_Code/canCom3.o
                0x20000228                canCom3_State
 .bss.lpspiCom1State
                0x2000033c       0x34 ./Generated_Code/lpspiCom1.o
                0x2000033c                lpspiCom1State
 .bss.lpuart1_State
                0x20000370       0x34 ./Generated_Code/lpuart1.o
                0x20000370                lpuart1_State
 .bss.g_RtcClkInFreq
                0x200003a4        0x4 ./SDK/platform/drivers/src/clock/S32K1xx/clock_S32K1xx.o
                0x200003a4                g_RtcClkInFreq
 .bss.g_TClkFreq
                0x200003a8        0xc ./SDK/platform/drivers/src/clock/S32K1xx/clock_S32K1xx.o
                0x200003a8                g_TClkFreq
 .bss.g_xtal0ClkFreq
                0x200003b4        0x4 ./SDK/platform/drivers/src/clock/S32K1xx/clock_S32K1xx.o
                0x200003b4                g_xtal0ClkFreq
 .bss.s_virtEdmaState
                0x200003b8        0x4 ./SDK/platform/drivers/src/edma/edma_driver.o
 .bss.g_flexcanStatePtr
                0x200003bc        0xc ./SDK/platform/drivers/src/flexcan/flexcan_driver.o
 .bss.g_interruptDisableCount
                0x200003c8        0x4 ./SDK/platform/drivers/src/interrupt/interrupt_manager.o
 .bss.g_lpspiStatePtr
                0x200003cc        0xc ./SDK/platform/drivers/src/lpspi/lpspi_shared_function.o
                0x200003cc                g_lpspiStatePtr
 .bss.s_lpuartStatePtr
                0x200003d8        0xc ./SDK/platform/drivers/src/lpuart/lpuart_driver.o
 .bss.s_osif_tick_cnt
                0x200003e4        0x4 ./SDK/rtos/osif/osif_baremetal.o
 .bss.flag      0x200003e8        0x4 ./Sources/apm_std.o
                0x200003e8                flag
 .bss.intr_triger
                0x200003ec        0x1 ./Sources/apm_std.o
                0x200003ec                intr_triger
 .bss.pinstate  0x200003ed        0x1 ./Sources/apm_std.o
                0x200003ed                pinstate
 .bss.pinstate2
                0x200003ee        0x1 ./Sources/apm_std.o
                0x200003ee                pinstate2
 .bss.temp_brake_release
                0x200003ef        0x1 ./Sources/apm_std.o
                0x200003ef                temp_brake_release
 .bss.byte_5    0x200003f0        0x1 ./Sources/can0.o
                0x200003f0                byte_5
 .bss.byte_6    0x200003f1        0x1 ./Sources/can0.o
                0x200003f1                byte_6
 *fill*         0x200003f2        0x2 
 .bss.can0_data_init
                0x200003f4        0xc ./Sources/can0.o
                0x200003f4                can0_data_init
 .bss.can0_data_init_std
                0x20000400        0xc ./Sources/can0.o
                0x20000400                can0_data_init_std
 .bss.count_inc
                0x2000040c        0x1 ./Sources/can0.o
                0x2000040c                count_inc
 *fill*         0x2000040d        0x1 
 .bss.dec_u16   0x2000040e        0x2 ./Sources/can0.o
                0x2000040e                dec_u16
 .bss.ones_comp_u16
                0x20000410        0x2 ./Sources/can0.o
                0x20000410                ones_comp_u16
 .bss.press_applied
                0x20000412        0x1 ./Sources/can0.o
                0x20000412                press_applied
 .bss.press_bar
                0x20000413        0x1 ./Sources/can0.o
                0x20000413                press_bar
 .bss.press_valid
                0x20000414        0x1 ./Sources/can0.o
                0x20000414                press_valid
 *fill*         0x20000415        0x3 
 .bss.pressure  0x20000418        0x8 ./Sources/can0.o
                0x20000418                pressure
 .bss.pressure_in_bars
                0x20000420        0x8 ./Sources/can0.o
                0x20000420                pressure_in_bars
 .bss.rx_can0_init_std
                0x20000428       0x4c ./Sources/can0.o
                0x20000428                rx_can0_init_std
 .bss.twos_comp_u16
                0x20000474        0x2 ./Sources/can0.o
                0x20000474                twos_comp_u16
 .bss.Motor_rpm
                0x20000476        0x1 ./Sources/can1.o
                0x20000476                Motor_rpm
 *fill*         0x20000477        0x1 
 .bss.all_ecu   0x20000478       0x48 ./Sources/can1.o
                0x20000478                all_ecu
 .bss.applied_press
                0x200004c0        0x2 ./Sources/can1.o
                0x200004c0                applied_press
 *fill*         0x200004c2        0x2 
 .bss.can1_data_init
                0x200004c4        0xc ./Sources/can1.o
                0x200004c4                can1_data_init
 .bss.can1_data_init_std
                0x200004d0        0xc ./Sources/can1.o
                0x200004d0                can1_data_init_std
 .bss.dc_dc_on  0x200004dc        0x1 ./Sources/can1.o
                0x200004dc                dc_dc_on
 .bss.diagnosis_on
                0x200004dd        0x1 ./Sources/can1.o
                0x200004dd                diagnosis_on
 .bss.diagnosis_success
                0x200004de        0x1 ./Sources/can1.o
                0x200004de                diagnosis_success
 .bss.error_in_dc_dc
                0x200004df        0x1 ./Sources/can1.o
                0x200004df                error_in_dc_dc
 .bss.error_in_imd
                0x200004e0        0x1 ./Sources/can1.o
                0x200004e0                error_in_imd
 .bss.imd_on    0x200004e1        0x1 ./Sources/can1.o
                0x200004e1                imd_on
 *fill*         0x200004e2        0x6 
 .bss.radar     0x200004e8       0x48 ./Sources/can1.o
                0x200004e8                radar
 .bss.rfid_tag  0x20000530        0x1 ./Sources/can1.o
                0x20000530                rfid_tag
 *fill*         0x20000531        0x3 
 .bss.rx_can1_init
                0x20000534       0x4c ./Sources/can1.o
                0x20000534                rx_can1_init
 .bss.wake_up_success
                0x20000580        0x1 ./Sources/can1.o
                0x20000580                wake_up_success
 *fill*         0x20000581        0x3 
 .bss.can2_data_init
                0x20000584        0xc ./Sources/can2.o
                0x20000584                can2_data_init
 .bss.check_sum_trip_ack_rx
                0x20000590        0x2 ./Sources/can2.o
                0x20000590                check_sum_trip_ack_rx
 .bss.check_sum_tx_status
                0x20000592        0x2 ./Sources/can2.o
                0x20000592                check_sum_tx_status
 .bss.count_same_data
                0x20000594        0x1 ./Sources/can2.o
                0x20000594                count_same_data
 *fill*         0x20000595        0x3 
 .bss.rx_can2_init
                0x20000598       0x4c ./Sources/can2.o
                0x20000598                rx_can2_init
 .bss.trip_status_send
                0x200005e4        0x1 ./Sources/can2.o
                0x200005e4                trip_status_send
 *fill*         0x200005e5        0x3 
 .bss.fault     0x200005e8       0x48 ./Sources/fault.o
                0x200005e8                fault
 .bss.counter_for_1sec
                0x20000630        0x1 ./Sources/lptimer.o
                0x20000630                counter_for_1sec
 .bss.led_blink
                0x20000631        0x1 ./Sources/lptimer.o
                0x20000631                led_blink
 .bss.pin_check
                0x20000632        0x1 ./Sources/pin_config.o
                0x20000632                pin_check
 *fill*         0x20000633        0x5 
 .bss.Input     0x20000638        0x8 ./Sources/spi0.o
                0x20000638                Input